[1.696s] Invoking command in '/home/skytold/workspace/amr_ws/src/amr_py_examples': PYTHONPATH=/home/skytold/workspace/amr_ws/build/amr_py_examples/prefix_override:/usr/lib/python3/dist-packages/colcon_core/task/python/colcon_distutils_commands:/home/skytold/workspace/amr_ws/install/amr_py_examples/lib/python3.10/site-packages:${PYTHONPATH} /usr/bin/python3 -W ignore:setup.py install is deprecated -W ignore:easy_install command is deprecated setup.py egg_info --egg-base ../../build/amr_py_examples build --build-base /home/skytold/workspace/amr_ws/build/amr_py_examples/build install --record /home/skytold/workspace/amr_ws/build/amr_py_examples/install.log --single-version-externally-managed install_data
[2.309s] running egg_info
[2.311s] writing ../../build/amr_py_examples/amr_py_examples.egg-info/PKG-INFO
[2.312s] writing dependency_links to ../../build/amr_py_examples/amr_py_examples.egg-info/dependency_links.txt
[2.312s] writing entry points to ../../build/amr_py_examples/amr_py_examples.egg-info/entry_points.txt
[2.313s] writing requirements to ../../build/amr_py_examples/amr_py_examples.egg-info/requires.txt
[2.313s] writing top-level names to ../../build/amr_py_examples/amr_py_examples.egg-info/top_level.txt
[2.317s] reading manifest file '../../build/amr_py_examples/amr_py_examples.egg-info/SOURCES.txt'
[2.320s] writing manifest file '../../build/amr_py_examples/amr_py_examples.egg-info/SOURCES.txt'
[2.321s] running build
[2.321s] running build_py
[2.321s] running install
[2.322s] running install_lib
[2.326s] running install_data
[2.326s] copying package.xml -> /home/skytold/workspace/amr_ws/install/amr_py_examples/share/amr_py_examples
[2.327s] running install_egg_info
[2.334s] removing '/home/skytold/workspace/amr_ws/install/amr_py_examples/lib/python3.10/site-packages/amr_py_examples-0.0.0-py3.10.egg-info' (and everything under it)
[2.335s] Copying ../../build/amr_py_examples/amr_py_examples.egg-info to /home/skytold/workspace/amr_ws/install/amr_py_examples/lib/python3.10/site-packages/amr_py_examples-0.0.0-py3.10.egg-info
[2.338s] running install_scripts
[2.392s] Installing simple_parameter script to /home/skytold/workspace/amr_ws/install/amr_py_examples/lib/amr_py_examples
[2.392s] Installing simple_publisher script to /home/skytold/workspace/amr_ws/install/amr_py_examples/lib/amr_py_examples
[2.393s] Installing simple_subscriber script to /home/skytold/workspace/amr_ws/install/amr_py_examples/lib/amr_py_examples
[2.393s] Installing simple_turtlesim_kinematics script to /home/skytold/workspace/amr_ws/install/amr_py_examples/lib/amr_py_examples
[2.393s] writing list of installed files to '/home/skytold/workspace/amr_ws/build/amr_py_examples/install.log'
