[0.027s] Invoking command in '/home/skytold/workspace/amr_ws/build/amr_msgs': CMAKE_PREFIX_PATH=${CMAKE_PREFIX_PATH}:/home/skytold/workspace/amr_ws/install/amr_py_examples:/opt/ros/humble /usr/bin/cmake /home/skytold/workspace/amr_ws/src/amr_msgs -DCMAKE_INSTALL_PREFIX=/home/skytold/workspace/amr_ws/install/amr_msgs
[0.271s] -- The C compiler identification is GNU 11.4.0
[0.425s] -- The CXX compiler identification is GNU 11.4.0
[0.449s] -- Detecting C compiler ABI info
[0.583s] -- Detecting C compiler ABI info - done
[0.596s] -- Check for working C compiler: /usr/bin/cc - skipped
[0.597s] -- Detecting C compile features
[0.598s] -- Detecting C compile features - done
[0.604s] -- Detecting CXX compiler ABI info
[0.759s] -- Detecting CXX compiler ABI info - done
[0.774s] -- Check for working CXX compiler: /usr/bin/c++ - skipped
[0.775s] -- Detecting CXX compile features
[0.776s] -- Detecting CXX compile features - done
[0.785s] -- Found ament_cmake: 1.3.12 (/opt/ros/humble/share/ament_cmake/cmake)
[1.277s] -- Found Python3: /usr/bin/python3 (found version "3.10.12") found components: Interpreter 
[1.658s] -- Found ament_lint_auto: 0.12.14 (/opt/ros/humble/share/ament_lint_auto/cmake)
[1.954s] -- Added test 'lint_cmake' to check CMake code style
[1.957s] -- Added test 'xmllint' to check XML markup files
[1.962s] -- Configuring done
[1.970s] -- Generating done
[1.976s] -- Build files have been written to: /home/skytold/workspace/amr_ws/build/amr_msgs
[1.990s] Invoked command in '/home/skytold/workspace/amr_ws/build/amr_msgs' returned '0': CMAKE_PREFIX_PATH=${CMAKE_PREFIX_PATH}:/home/skytold/workspace/amr_ws/install/amr_py_examples:/opt/ros/humble /usr/bin/cmake /home/skytold/workspace/amr_ws/src/amr_msgs -DCMAKE_INSTALL_PREFIX=/home/skytold/workspace/amr_ws/install/amr_msgs
[1.997s] Invoking command in '/home/skytold/workspace/amr_ws/build/amr_msgs': CMAKE_PREFIX_PATH=${CMAKE_PREFIX_PATH}:/home/skytold/workspace/amr_ws/install/amr_py_examples:/opt/ros/humble /usr/bin/cmake --build /home/skytold/workspace/amr_ws/build/amr_msgs -- -j20 -l20
[2.131s] Invoked command in '/home/skytold/workspace/amr_ws/build/amr_msgs' returned '0': CMAKE_PREFIX_PATH=${CMAKE_PREFIX_PATH}:/home/skytold/workspace/amr_ws/install/amr_py_examples:/opt/ros/humble /usr/bin/cmake --build /home/skytold/workspace/amr_ws/build/amr_msgs -- -j20 -l20
[2.137s] Invoking command in '/home/skytold/workspace/amr_ws/build/amr_msgs': CMAKE_PREFIX_PATH=${CMAKE_PREFIX_PATH}:/home/skytold/workspace/amr_ws/install/amr_py_examples:/opt/ros/humble /usr/bin/cmake --install /home/skytold/workspace/amr_ws/build/amr_msgs
[2.162s] -- Install configuration: ""
[2.163s] -- Installing: /home/skytold/workspace/amr_ws/install/amr_msgs/share/ament_index/resource_index/package_run_dependencies/amr_msgs
[2.163s] -- Installing: /home/skytold/workspace/amr_ws/install/amr_msgs/share/ament_index/resource_index/parent_prefix_path/amr_msgs
[2.163s] -- Installing: /home/skytold/workspace/amr_ws/install/amr_msgs/share/amr_msgs/environment/ament_prefix_path.sh
[2.164s] -- Installing: /home/skytold/workspace/amr_ws/install/amr_msgs/share/amr_msgs/environment/ament_prefix_path.dsv
[2.164s] -- Installing: /home/skytold/workspace/amr_ws/install/amr_msgs/share/amr_msgs/environment/path.sh
[2.166s] -- Installing: /home/skytold/workspace/amr_ws/install/amr_msgs/share/amr_msgs/environment/path.dsv
[2.166s] -- Installing: /home/skytold/workspace/amr_ws/install/amr_msgs/share/amr_msgs/local_setup.bash
[2.166s] -- Installing: /home/skytold/workspace/amr_ws/install/amr_msgs/share/amr_msgs/local_setup.sh
[2.166s] -- Installing: /home/skytold/workspace/amr_ws/install/amr_msgs/share/amr_msgs/local_setup.zsh
[2.167s] -- Installing: /home/skytold/workspace/amr_ws/install/amr_msgs/share/amr_msgs/local_setup.dsv
[2.167s] -- Installing: /home/skytold/workspace/amr_ws/install/amr_msgs/share/amr_msgs/package.dsv
[2.167s] -- Installing: /home/skytold/workspace/amr_ws/install/amr_msgs/share/ament_index/resource_index/packages/amr_msgs
[2.167s] -- Installing: /home/skytold/workspace/amr_ws/install/amr_msgs/share/amr_msgs/cmake/amr_msgsConfig.cmake
[2.168s] -- Installing: /home/skytold/workspace/amr_ws/install/amr_msgs/share/amr_msgs/cmake/amr_msgsConfig-version.cmake
[2.168s] -- Installing: /home/skytold/workspace/amr_ws/install/amr_msgs/share/amr_msgs/package.xml
[2.176s] Invoked command in '/home/skytold/workspace/amr_ws/build/amr_msgs' returned '0': CMAKE_PREFIX_PATH=${CMAKE_PREFIX_PATH}:/home/skytold/workspace/amr_ws/install/amr_py_examples:/opt/ros/humble /usr/bin/cmake --install /home/skytold/workspace/amr_ws/build/amr_msgs
