[0.020s] Invoking command in '/home/skytold/workspace/amr_ws/build/amr_controller': CMAKE_PREFIX_PATH=${CMAKE_PREFIX_PATH}:/home/skytold/workspace/amr_ws/install/amr_py_examples:/opt/ros/humble /usr/bin/cmake --build /home/skytold/workspace/amr_ws/build/amr_controller -- -j20 -l20
[0.064s] -- Found ament_cmake: 1.3.12 (/opt/ros/humble/share/ament_cmake/cmake)
[0.397s] -- Found rclcpp: 16.0.15 (/opt/ros/humble/share/rclcpp/cmake)
[0.467s] -- Found rosidl_generator_c: 3.1.7 (/opt/ros/humble/share/rosidl_generator_c/cmake)
[0.471s] -- Found rosidl_adapter: 3.1.7 (/opt/ros/humble/share/rosidl_adapter/cmake)
[0.482s] -- Found rosidl_generator_cpp: 3.1.7 (/opt/ros/humble/share/rosidl_generator_cpp/cmake)
[0.500s] -- Using all available rosidl_typesupport_c: rosidl_typesupport_fastrtps_c;rosidl_typesupport_introspection_c
[0.521s] -- Using all available rosidl_typesupport_cpp: rosidl_typesupport_fastrtps_cpp;rosidl_typesupport_introspection_cpp
[0.585s] -- Found rmw_implementation_cmake: 6.1.2 (/opt/ros/humble/share/rmw_implementation_cmake/cmake)
[0.588s] -- Found rmw_fastrtps_cpp: 6.2.8 (/opt/ros/humble/share/rmw_fastrtps_cpp/cmake)
[0.820s] -- Using RMW implementation 'rmw_fastrtps_cpp' as default
[0.928s] -- Found rclpy: 3.3.17 (/opt/ros/humble/share/rclpy/cmake)
[0.928s] -- Found geometry_msgs: 4.9.0 (/opt/ros/humble/share/geometry_msgs/cmake)
[0.971s] -- Found sensor_msgs: 4.9.0 (/opt/ros/humble/share/sensor_msgs/cmake)
[1.033s] -- Found nav_msgs: 4.9.0 (/opt/ros/humble/share/nav_msgs/cmake)
[1.102s] -- Found tf2_ros: 0.25.16 (/opt/ros/humble/share/tf2_ros/cmake)
[1.598s] -- Configuring done
[1.622s] -- Generating done
[1.632s] -- Build files have been written to: /home/skytold/workspace/amr_ws/build/amr_controller
[1.691s] [35m[1mConsolidate compiler generated dependencies of target simple_controller[0m
[1.732s] [ 50%] Built target ament_cmake_python_copy_amr_controller
[1.732s] [ 50%] [32mBuilding CXX object CMakeFiles/simple_controller.dir/src/simple_controller.cpp.o[0m
[2.316s] running egg_info
[2.318s] writing amr_controller.egg-info/PKG-INFO
[2.319s] writing dependency_links to amr_controller.egg-info/dependency_links.txt
[2.319s] writing top-level names to amr_controller.egg-info/top_level.txt
[2.325s] reading manifest file 'amr_controller.egg-info/SOURCES.txt'
[2.327s] writing manifest file 'amr_controller.egg-info/SOURCES.txt'
[2.407s] [ 50%] Built target ament_cmake_python_build_amr_controller_egg
[18.415s] [100%] [32m[1mLinking CXX executable simple_controller[0m
[19.223s] [100%] Built target simple_controller
[19.242s] Invoked command in '/home/skytold/workspace/amr_ws/build/amr_controller' returned '0': CMAKE_PREFIX_PATH=${CMAKE_PREFIX_PATH}:/home/skytold/workspace/amr_ws/install/amr_py_examples:/opt/ros/humble /usr/bin/cmake --build /home/skytold/workspace/amr_ws/build/amr_controller -- -j20 -l20
[19.244s] Invoking command in '/home/skytold/workspace/amr_ws/build/amr_controller': CMAKE_PREFIX_PATH=${CMAKE_PREFIX_PATH}:/home/skytold/workspace/amr_ws/install/amr_py_examples:/opt/ros/humble /usr/bin/cmake --install /home/skytold/workspace/amr_ws/build/amr_controller
[19.255s] -- Install configuration: ""
[19.255s] -- Up-to-date: /home/skytold/workspace/amr_ws/install/amr_controller/share/amr_controller/environment/pythonpath.sh
[19.256s] -- Installing: /home/skytold/workspace/amr_ws/install/amr_controller/share/amr_controller/environment/pythonpath.dsv
[19.256s] -- Up-to-date: /home/skytold/workspace/amr_ws/install/amr_controller/local/lib/python3.10/dist-packages/amr_controller-0.0.0-py3.10.egg-info
[19.256s] -- Installing: /home/skytold/workspace/amr_ws/install/amr_controller/local/lib/python3.10/dist-packages/amr_controller-0.0.0-py3.10.egg-info/PKG-INFO
[19.256s] -- Installing: /home/skytold/workspace/amr_ws/install/amr_controller/local/lib/python3.10/dist-packages/amr_controller-0.0.0-py3.10.egg-info/SOURCES.txt
[19.256s] -- Installing: /home/skytold/workspace/amr_ws/install/amr_controller/local/lib/python3.10/dist-packages/amr_controller-0.0.0-py3.10.egg-info/dependency_links.txt
[19.256s] -- Installing: /home/skytold/workspace/amr_ws/install/amr_controller/local/lib/python3.10/dist-packages/amr_controller-0.0.0-py3.10.egg-info/top_level.txt
[19.256s] -- Up-to-date: /home/skytold/workspace/amr_ws/install/amr_controller/local/lib/python3.10/dist-packages/amr_controller
[19.256s] -- Up-to-date: /home/skytold/workspace/amr_ws/install/amr_controller/local/lib/python3.10/dist-packages/amr_controller/simple_controller.py
[19.256s] -- Up-to-date: /home/skytold/workspace/amr_ws/install/amr_controller/local/lib/python3.10/dist-packages/amr_controller/__init__.py
[19.301s] Listing '/home/skytold/workspace/amr_ws/install/amr_controller/local/lib/python3.10/dist-packages/amr_controller'...
[19.306s] -- Up-to-date: /home/skytold/workspace/amr_ws/install/amr_controller/include/include
[19.307s] -- Up-to-date: /home/skytold/workspace/amr_ws/install/amr_controller/include/include/amr_controller
[19.307s] -- Installing: /home/skytold/workspace/amr_ws/install/amr_controller/include/include/amr_controller/simple_controller.hpp
[19.307s] -- Installing: /home/skytold/workspace/amr_ws/install/amr_controller/lib/amr_controller/simple_controller
[19.315s] -- Set runtime path of "/home/skytold/workspace/amr_ws/install/amr_controller/lib/amr_controller/simple_controller" to ""
[19.315s] -- Up-to-date: /home/skytold/workspace/amr_ws/install/amr_controller/share/amr_controller/launch
[19.315s] -- Up-to-date: /home/skytold/workspace/amr_ws/install/amr_controller/share/amr_controller/launch/joystick_teleop.launch.py
[19.315s] -- Up-to-date: /home/skytold/workspace/amr_ws/install/amr_controller/share/amr_controller/launch/controller.launch.py
[19.316s] -- Up-to-date: /home/skytold/workspace/amr_ws/install/amr_controller/share/amr_controller/config
[19.316s] -- Up-to-date: /home/skytold/workspace/amr_ws/install/amr_controller/share/amr_controller/config/amr_controllers.yaml
[19.316s] -- Up-to-date: /home/skytold/workspace/amr_ws/install/amr_controller/share/amr_controller/config/joy_config.yaml
[19.316s] -- Up-to-date: /home/skytold/workspace/amr_ws/install/amr_controller/share/amr_controller/config/joy_teleop.yaml
[19.316s] -- Up-to-date: /home/skytold/workspace/amr_ws/install/amr_controller/lib/amr_controller/simple_controller.py
[19.316s] -- Installing: /home/skytold/workspace/amr_ws/install/amr_controller/share/ament_index/resource_index/package_run_dependencies/amr_controller
[19.316s] -- Installing: /home/skytold/workspace/amr_ws/install/amr_controller/share/ament_index/resource_index/parent_prefix_path/amr_controller
[19.316s] -- Up-to-date: /home/skytold/workspace/amr_ws/install/amr_controller/share/amr_controller/environment/ament_prefix_path.sh
[19.316s] -- Installing: /home/skytold/workspace/amr_ws/install/amr_controller/share/amr_controller/environment/ament_prefix_path.dsv
[19.316s] -- Up-to-date: /home/skytold/workspace/amr_ws/install/amr_controller/share/amr_controller/environment/path.sh
[19.316s] -- Installing: /home/skytold/workspace/amr_ws/install/amr_controller/share/amr_controller/environment/path.dsv
[19.317s] -- Up-to-date: /home/skytold/workspace/amr_ws/install/amr_controller/share/amr_controller/local_setup.bash
[19.317s] -- Up-to-date: /home/skytold/workspace/amr_ws/install/amr_controller/share/amr_controller/local_setup.sh
[19.317s] -- Up-to-date: /home/skytold/workspace/amr_ws/install/amr_controller/share/amr_controller/local_setup.zsh
[19.317s] -- Installing: /home/skytold/workspace/amr_ws/install/amr_controller/share/amr_controller/local_setup.dsv
[19.317s] -- Installing: /home/skytold/workspace/amr_ws/install/amr_controller/share/amr_controller/package.dsv
[19.317s] -- Up-to-date: /home/skytold/workspace/amr_ws/install/amr_controller/share/ament_index/resource_index/packages/amr_controller
[19.317s] -- Up-to-date: /home/skytold/workspace/amr_ws/install/amr_controller/share/amr_controller/cmake/amr_controllerConfig.cmake
[19.317s] -- Up-to-date: /home/skytold/workspace/amr_ws/install/amr_controller/share/amr_controller/cmake/amr_controllerConfig-version.cmake
[19.317s] -- Installing: /home/skytold/workspace/amr_ws/install/amr_controller/share/amr_controller/package.xml
[19.320s] Invoked command in '/home/skytold/workspace/amr_ws/build/amr_controller' returned '0': CMAKE_PREFIX_PATH=${CMAKE_PREFIX_PATH}:/home/skytold/workspace/amr_ws/install/amr_py_examples:/opt/ros/humble /usr/bin/cmake --install /home/skytold/workspace/amr_ws/build/amr_controller
