[0.041s] Invoking command in '/home/skytold/workspace/amr_ws/build/amr_cpp_examples': CMAKE_PREFIX_PATH=${CMAKE_PREFIX_PATH}:/home/skytold/workspace/amr_ws/install/amr_py_examples:/opt/ros/humble /usr/bin/cmake --build /home/skytold/workspace/amr_ws/build/amr_cpp_examples -- -j20 -l20
[0.249s] [ 66%] Built target simple_subscriber
[0.249s] [ 66%] Built target simple_publisher
[0.250s] [100%] Built target simple_parameter
[0.511s] Invoked command in '/home/skytold/workspace/amr_ws/build/amr_cpp_examples' returned '0': CMAKE_PREFIX_PATH=${CMAKE_PREFIX_PATH}:/home/skytold/workspace/amr_ws/install/amr_py_examples:/opt/ros/humble /usr/bin/cmake --build /home/skytold/workspace/amr_ws/build/amr_cpp_examples -- -j20 -l20
[0.514s] Invoking command in '/home/skytold/workspace/amr_ws/build/amr_cpp_examples': CMAKE_PREFIX_PATH=${CMAKE_PREFIX_PATH}:/home/skytold/workspace/amr_ws/install/amr_py_examples:/opt/ros/humble /usr/bin/cmake --install /home/skytold/workspace/amr_ws/build/amr_cpp_examples
[0.532s] -- Install configuration: ""
[0.532s] -- Up-to-date: /home/skytold/workspace/amr_ws/install/amr_cpp_examples/lib/amr_cpp_examples/simple_publisher
[0.532s] -- Up-to-date: /home/skytold/workspace/amr_ws/install/amr_cpp_examples/lib/amr_cpp_examples/simple_subscriber
[0.533s] -- Up-to-date: /home/skytold/workspace/amr_ws/install/amr_cpp_examples/lib/amr_cpp_examples/simple_parameter
[0.533s] -- Up-to-date: /home/skytold/workspace/amr_ws/install/amr_cpp_examples/share/ament_index/resource_index/package_run_dependencies/amr_cpp_examples
[0.533s] -- Up-to-date: /home/skytold/workspace/amr_ws/install/amr_cpp_examples/share/ament_index/resource_index/parent_prefix_path/amr_cpp_examples
[0.533s] -- Up-to-date: /home/skytold/workspace/amr_ws/install/amr_cpp_examples/share/amr_cpp_examples/environment/ament_prefix_path.sh
[0.533s] -- Up-to-date: /home/skytold/workspace/amr_ws/install/amr_cpp_examples/share/amr_cpp_examples/environment/ament_prefix_path.dsv
[0.533s] -- Up-to-date: /home/skytold/workspace/amr_ws/install/amr_cpp_examples/share/amr_cpp_examples/environment/path.sh
[0.533s] -- Up-to-date: /home/skytold/workspace/amr_ws/install/amr_cpp_examples/share/amr_cpp_examples/environment/path.dsv
[0.534s] -- Up-to-date: /home/skytold/workspace/amr_ws/install/amr_cpp_examples/share/amr_cpp_examples/local_setup.bash
[0.534s] -- Up-to-date: /home/skytold/workspace/amr_ws/install/amr_cpp_examples/share/amr_cpp_examples/local_setup.sh
[0.535s] -- Up-to-date: /home/skytold/workspace/amr_ws/install/amr_cpp_examples/share/amr_cpp_examples/local_setup.zsh
[0.535s] -- Up-to-date: /home/skytold/workspace/amr_ws/install/amr_cpp_examples/share/amr_cpp_examples/local_setup.dsv
[0.535s] -- Installing: /home/skytold/workspace/amr_ws/install/amr_cpp_examples/share/amr_cpp_examples/package.dsv
[0.535s] -- Up-to-date: /home/skytold/workspace/amr_ws/install/amr_cpp_examples/share/ament_index/resource_index/packages/amr_cpp_examples
[0.535s] -- Up-to-date: /home/skytold/workspace/amr_ws/install/amr_cpp_examples/share/amr_cpp_examples/cmake/amr_cpp_examplesConfig.cmake
[0.535s] -- Up-to-date: /home/skytold/workspace/amr_ws/install/amr_cpp_examples/share/amr_cpp_examples/cmake/amr_cpp_examplesConfig-version.cmake
[0.535s] -- Up-to-date: /home/skytold/workspace/amr_ws/install/amr_cpp_examples/share/amr_cpp_examples/package.xml
[0.570s] Invoked command in '/home/skytold/workspace/amr_ws/build/amr_cpp_examples' returned '0': CMAKE_PREFIX_PATH=${CMAKE_PREFIX_PATH}:/home/skytold/workspace/amr_ws/install/amr_py_examples:/opt/ros/humble /usr/bin/cmake --install /home/skytold/workspace/amr_ws/build/amr_cpp_examples
