[0.029s] Invoking command in '/home/skytold/workspace/amr_ws/build/amr_cpp_examples': CMAKE_PREFIX_PATH=/home/skytold/workspace/amr_ws/install/amr_msgs:/home/skytold/workspace/amr_ws/install/amr_cpp_examples:/home/skytold/workspace/amr_ws/install/amr_description:/home/skytold/workspace/amr_ws/install/amr_controller:/home/skytold/workspace/amr_ws/install/amr_py_examples:/opt/ros/humble /usr/bin/cmake --build /home/skytold/workspace/amr_ws/build/amr_cpp_examples -- -j20 -l20
[0.142s] [35m[1mConsolidate compiler generated dependencies of target simple_tf_kinematics[0m
[0.176s] [ 14%] Built target simple_service_client
[0.177s] [ 28%] Built target simple_turtlesim_kinematics
[0.180s] [ 42%] Built target simple_service_server
[0.182s] [ 57%] Built target simple_publisher
[0.185s] [ 78%] Built target simple_subscriber
[0.185s] [ 85%] Built target simple_parameter
[0.190s] [100%] Built target simple_tf_kinematics
[0.552s] Invoked command in '/home/skytold/workspace/amr_ws/build/amr_cpp_examples' returned '0': CMAKE_PREFIX_PATH=/home/skytold/workspace/amr_ws/install/amr_msgs:/home/skytold/workspace/amr_ws/install/amr_cpp_examples:/home/skytold/workspace/amr_ws/install/amr_description:/home/skytold/workspace/amr_ws/install/amr_controller:/home/skytold/workspace/amr_ws/install/amr_py_examples:/opt/ros/humble /usr/bin/cmake --build /home/skytold/workspace/amr_ws/build/amr_cpp_examples -- -j20 -l20
[0.554s] Invoking command in '/home/skytold/workspace/amr_ws/build/amr_cpp_examples': CMAKE_PREFIX_PATH=/home/skytold/workspace/amr_ws/install/amr_msgs:/home/skytold/workspace/amr_ws/install/amr_cpp_examples:/home/skytold/workspace/amr_ws/install/amr_description:/home/skytold/workspace/amr_ws/install/amr_controller:/home/skytold/workspace/amr_ws/install/amr_py_examples:/opt/ros/humble /usr/bin/cmake --install /home/skytold/workspace/amr_ws/build/amr_cpp_examples
[0.574s] -- Install configuration: ""
[0.574s] -- Up-to-date: /home/skytold/workspace/amr_ws/install/amr_cpp_examples/include/include
[0.574s] -- Up-to-date: /home/skytold/workspace/amr_ws/install/amr_cpp_examples/include/include/amr_cpp_examples
[0.574s] -- Up-to-date: /home/skytold/workspace/amr_ws/install/amr_cpp_examples/include/include/amr_cpp_examples/simple_tf_kinematics.hpp
[0.574s] -- Up-to-date: /home/skytold/workspace/amr_ws/install/amr_cpp_examples/include/include/amr_cpp_examples/simple_turtlesim_kinematics.hpp
[0.575s] -- Up-to-date: /home/skytold/workspace/amr_ws/install/amr_cpp_examples/lib/amr_cpp_examples/simple_publisher
[0.575s] -- Up-to-date: /home/skytold/workspace/amr_ws/install/amr_cpp_examples/lib/amr_cpp_examples/simple_subscriber
[0.575s] -- Up-to-date: /home/skytold/workspace/amr_ws/install/amr_cpp_examples/lib/amr_cpp_examples/simple_parameter
[0.575s] -- Up-to-date: /home/skytold/workspace/amr_ws/install/amr_cpp_examples/lib/amr_cpp_examples/simple_turtlesim_kinematics
[0.576s] -- Up-to-date: /home/skytold/workspace/amr_ws/install/amr_cpp_examples/lib/amr_cpp_examples/simple_service_server
[0.576s] -- Up-to-date: /home/skytold/workspace/amr_ws/install/amr_cpp_examples/lib/amr_cpp_examples/simple_service_client
[0.577s] -- Up-to-date: /home/skytold/workspace/amr_ws/install/amr_cpp_examples/lib/amr_cpp_examples/simple_tf_kinematics
[0.577s] -- Up-to-date: /home/skytold/workspace/amr_ws/install/amr_cpp_examples/share/ament_index/resource_index/package_run_dependencies/amr_cpp_examples
[0.577s] -- Up-to-date: /home/skytold/workspace/amr_ws/install/amr_cpp_examples/share/ament_index/resource_index/parent_prefix_path/amr_cpp_examples
[0.578s] -- Up-to-date: /home/skytold/workspace/amr_ws/install/amr_cpp_examples/share/amr_cpp_examples/environment/ament_prefix_path.sh
[0.578s] -- Up-to-date: /home/skytold/workspace/amr_ws/install/amr_cpp_examples/share/amr_cpp_examples/environment/ament_prefix_path.dsv
[0.578s] -- Up-to-date: /home/skytold/workspace/amr_ws/install/amr_cpp_examples/share/amr_cpp_examples/environment/path.sh
[0.578s] -- Up-to-date: /home/skytold/workspace/amr_ws/install/amr_cpp_examples/share/amr_cpp_examples/environment/path.dsv
[0.579s] -- Up-to-date: /home/skytold/workspace/amr_ws/install/amr_cpp_examples/share/amr_cpp_examples/local_setup.bash
[0.579s] -- Up-to-date: /home/skytold/workspace/amr_ws/install/amr_cpp_examples/share/amr_cpp_examples/local_setup.sh
[0.579s] -- Up-to-date: /home/skytold/workspace/amr_ws/install/amr_cpp_examples/share/amr_cpp_examples/local_setup.zsh
[0.579s] -- Up-to-date: /home/skytold/workspace/amr_ws/install/amr_cpp_examples/share/amr_cpp_examples/local_setup.dsv
[0.580s] -- Installing: /home/skytold/workspace/amr_ws/install/amr_cpp_examples/share/amr_cpp_examples/package.dsv
[0.580s] -- Up-to-date: /home/skytold/workspace/amr_ws/install/amr_cpp_examples/share/ament_index/resource_index/packages/amr_cpp_examples
[0.580s] -- Up-to-date: /home/skytold/workspace/amr_ws/install/amr_cpp_examples/share/amr_cpp_examples/cmake/amr_cpp_examplesConfig.cmake
[0.580s] -- Up-to-date: /home/skytold/workspace/amr_ws/install/amr_cpp_examples/share/amr_cpp_examples/cmake/amr_cpp_examplesConfig-version.cmake
[0.581s] -- Up-to-date: /home/skytold/workspace/amr_ws/install/amr_cpp_examples/share/amr_cpp_examples/package.xml
[0.585s] Invoked command in '/home/skytold/workspace/amr_ws/build/amr_cpp_examples' returned '0': CMAKE_PREFIX_PATH=/home/skytold/workspace/amr_ws/install/amr_msgs:/home/skytold/workspace/amr_ws/install/amr_cpp_examples:/home/skytold/workspace/amr_ws/install/amr_description:/home/skytold/workspace/amr_ws/install/amr_controller:/home/skytold/workspace/amr_ws/install/amr_py_examples:/opt/ros/humble /usr/bin/cmake --install /home/skytold/workspace/amr_ws/build/amr_cpp_examples
