[0.376s] Invoking command in '/home/skytold/workspace/amr_ws/src/amr_py_examples': PYTHONPATH=/home/skytold/workspace/amr_ws/build/amr_py_examples/prefix_override:/usr/lib/python3/dist-packages/colcon_core/task/python/colcon_distutils_commands:/home/skytold/workspace/amr_ws/install/amr_py_examples/lib/python3.10/site-packages:${PYTHONPATH} /usr/bin/python3 -W ignore:setup.py install is deprecated -W ignore:easy_install command is deprecated setup.py egg_info --egg-base ../../build/amr_py_examples build --build-base /home/skytold/workspace/amr_ws/build/amr_py_examples/build install --record /home/skytold/workspace/amr_ws/build/amr_py_examples/install.log --single-version-externally-managed install_data
[0.520s] running egg_info
[0.521s] writing ../../build/amr_py_examples/amr_py_examples.egg-info/PKG-INFO
[0.521s] writing dependency_links to ../../build/amr_py_examples/amr_py_examples.egg-info/dependency_links.txt
[0.521s] writing entry points to ../../build/amr_py_examples/amr_py_examples.egg-info/entry_points.txt
[0.521s] writing requirements to ../../build/amr_py_examples/amr_py_examples.egg-info/requires.txt
[0.521s] writing top-level names to ../../build/amr_py_examples/amr_py_examples.egg-info/top_level.txt
[0.522s] reading manifest file '../../build/amr_py_examples/amr_py_examples.egg-info/SOURCES.txt'
[0.522s] writing manifest file '../../build/amr_py_examples/amr_py_examples.egg-info/SOURCES.txt'
[0.522s] running build
[0.522s] running build_py
[0.522s] copying amr_py_examples/simple_subscriber.py -> /home/skytold/workspace/amr_ws/build/amr_py_examples/build/lib/amr_py_examples
[0.523s] running install
[0.523s] running install_lib
[0.523s] copying /home/skytold/workspace/amr_ws/build/amr_py_examples/build/lib/amr_py_examples/simple_subscriber.py -> /home/skytold/workspace/amr_ws/install/amr_py_examples/lib/python3.10/site-packages/amr_py_examples
[0.524s] byte-compiling /home/skytold/workspace/amr_ws/install/amr_py_examples/lib/python3.10/site-packages/amr_py_examples/simple_subscriber.py to simple_subscriber.cpython-310.pyc
[0.524s] running install_data
[0.524s] running install_egg_info
[0.525s] removing '/home/skytold/workspace/amr_ws/install/amr_py_examples/lib/python3.10/site-packages/amr_py_examples-0.0.0-py3.10.egg-info' (and everything under it)
[0.525s] Copying ../../build/amr_py_examples/amr_py_examples.egg-info to /home/skytold/workspace/amr_ws/install/amr_py_examples/lib/python3.10/site-packages/amr_py_examples-0.0.0-py3.10.egg-info
[0.526s] running install_scripts
[0.541s] Installing simple_publisher = amr_py_examples.simple_publisher:mainsimple_subscriber script to /home/skytold/workspace/amr_ws/install/amr_py_examples/lib/amr_py_examples
[0.541s] writing list of installed files to '/home/skytold/workspace/amr_ws/build/amr_py_examples/install.log'
[0.556s] Invoked command in '/home/skytold/workspace/amr_ws/src/amr_py_examples' returned '0': PYTHONPATH=/home/skytold/workspace/amr_ws/build/amr_py_examples/prefix_override:/usr/lib/python3/dist-packages/colcon_core/task/python/colcon_distutils_commands:/home/skytold/workspace/amr_ws/install/amr_py_examples/lib/python3.10/site-packages:${PYTHONPATH} /usr/bin/python3 -W ignore:setup.py install is deprecated -W ignore:easy_install command is deprecated setup.py egg_info --egg-base ../../build/amr_py_examples build --build-base /home/skytold/workspace/amr_ws/build/amr_py_examples/build install --record /home/skytold/workspace/amr_ws/build/amr_py_examples/install.log --single-version-externally-managed install_data
