-- The C compiler identification is GNU 11.4.0
-- The CXX compiler identification is GNU 11.4.0
-- Detecting C compiler ABI info
-- Detecting C compiler ABI info - done
-- Check for working C compiler: /usr/bin/cc - skipped
-- Detecting C compile features
-- Detecting C compile features - done
-- Detecting CXX compiler ABI info
-- Detecting CXX compiler ABI info - done
-- Check for working CXX compiler: /usr/bin/c++ - skipped
-- Detecting CXX compile features
-- Detecting CXX compile features - done
-- Found ament_cmake: 1.3.12 (/opt/ros/humble/share/ament_cmake/cmake)
-- Found Python3: /usr/bin/python3 (found version "3.10.12") found components: Interpreter 
-- Found ament_lint_auto: 0.12.14 (/opt/ros/humble/share/ament_lint_auto/cmake)
-- Added test 'lint_cmake' to check CMake code style
-- Added test 'xmllint' to check XML markup files
-- Configuring done
-- Generating done
-- Build files have been written to: /home/skytold/workspace/amr_ws/build/amr_cpp_examples
-- Install configuration: ""
-- Installing: /home/skytold/workspace/amr_ws/install/amr_cpp_examples/share/ament_index/resource_index/package_run_dependencies/amr_cpp_examples
-- Installing: /home/skytold/workspace/amr_ws/install/amr_cpp_examples/share/ament_index/resource_index/parent_prefix_path/amr_cpp_examples
-- Installing: /home/skytold/workspace/amr_ws/install/amr_cpp_examples/share/amr_cpp_examples/environment/ament_prefix_path.sh
-- Installing: /home/skytold/workspace/amr_ws/install/amr_cpp_examples/share/amr_cpp_examples/environment/ament_prefix_path.dsv
-- Installing: /home/skytold/workspace/amr_ws/install/amr_cpp_examples/share/amr_cpp_examples/environment/path.sh
-- Installing: /home/skytold/workspace/amr_ws/install/amr_cpp_examples/share/amr_cpp_examples/environment/path.dsv
-- Installing: /home/skytold/workspace/amr_ws/install/amr_cpp_examples/share/amr_cpp_examples/local_setup.bash
-- Installing: /home/skytold/workspace/amr_ws/install/amr_cpp_examples/share/amr_cpp_examples/local_setup.sh
-- Installing: /home/skytold/workspace/amr_ws/install/amr_cpp_examples/share/amr_cpp_examples/local_setup.zsh
-- Installing: /home/skytold/workspace/amr_ws/install/amr_cpp_examples/share/amr_cpp_examples/local_setup.dsv
-- Installing: /home/skytold/workspace/amr_ws/install/amr_cpp_examples/share/amr_cpp_examples/package.dsv
-- Installing: /home/skytold/workspace/amr_ws/install/amr_cpp_examples/share/ament_index/resource_index/packages/amr_cpp_examples
-- Installing: /home/skytold/workspace/amr_ws/install/amr_cpp_examples/share/amr_cpp_examples/cmake/amr_cpp_examplesConfig.cmake
-- Installing: /home/skytold/workspace/amr_ws/install/amr_cpp_examples/share/amr_cpp_examples/cmake/amr_cpp_examplesConfig-version.cmake
-- Installing: /home/skytold/workspace/amr_ws/install/amr_cpp_examples/share/amr_cpp_examples/package.xml
