[0.012s] Invoking command in '/home/skytold/workspace/amr_ws/build/amr_cpp_examples': CMAKE_PREFIX_PATH=${CMAKE_PREFIX_PATH}:/home/skytold/workspace/amr_ws/install/amr_py_examples:/opt/ros/humble /usr/bin/cmake --build /home/skytold/workspace/amr_ws/build/amr_cpp_examples -- -j20 -l20
[0.034s] -- Found ament_cmake: 1.3.12 (/opt/ros/humble/share/ament_cmake/cmake)
[0.125s] -- Found rclcpp: 16.0.15 (/opt/ros/humble/share/rclcpp/cmake)
[0.144s] -- Found rosidl_generator_c: 3.1.7 (/opt/ros/humble/share/rosidl_generator_c/cmake)
[0.146s] -- Found rosidl_adapter: 3.1.7 (/opt/ros/humble/share/rosidl_adapter/cmake)
[0.150s] -- Found rosidl_generator_cpp: 3.1.7 (/opt/ros/humble/share/rosidl_generator_cpp/cmake)
[0.156s] -- Using all available rosidl_typesupport_c: rosidl_typesupport_fastrtps_c;rosidl_typesupport_introspection_c
[0.164s] -- Using all available rosidl_typesupport_cpp: rosidl_typesupport_fastrtps_cpp;rosidl_typesupport_introspection_cpp
[0.185s] -- Found rmw_implementation_cmake: 6.1.2 (/opt/ros/humble/share/rmw_implementation_cmake/cmake)
[0.186s] -- Found rmw_fastrtps_cpp: 6.2.8 (/opt/ros/humble/share/rmw_fastrtps_cpp/cmake)
[0.274s] -- Using RMW implementation 'rmw_fastrtps_cpp' as default
[0.354s] -- Configuring done
[0.362s] -- Generating done
[0.365s] -- Build files have been written to: /home/skytold/workspace/amr_ws/build/amr_cpp_examples
[0.395s] [ 25%] [32mBuilding CXX object CMakeFiles/simple_talker.dir/src/simple_talker.cpp.o[0m
[0.396s] [ 50%] [32mBuilding CXX object CMakeFiles/simple_listener.dir/src/simple_listener.cpp.o[0m
[1.919s] [01m[K/home/skytold/workspace/amr_ws/src/amr_cpp_examples/src/simple_listener.cpp:17:11:[m[K [01;31m[Kerror: [m[K‘[01m[KListener[m[K’ in namespace ‘[01m[Krclcpp[m[K’ does not name a template type
[1.919s]    17 |   rclcpp::[01;31m[KListener[m[K<std_msgs::msg::String>::SharedPtr sub_;
[1.919s]       |           [01;31m[K^~~~~~~~[m[K
[1.923s] [01m[K/home/skytold/workspace/amr_ws/src/amr_cpp_examples/src/simple_listener.cpp:[m[K In constructor ‘[01m[KSimpleListener::SimpleListener()[m[K’:
[1.923s] [01m[K/home/skytold/workspace/amr_ws/src/amr_cpp_examples/src/simple_listener.cpp:12:5:[m[K [01;31m[Kerror: [m[K‘[01m[Ksub_[m[K’ was not declared in this scope
[1.923s]    12 |     [01;31m[Ksub_[m[K = create_listener<std_msgs::msg::String>(
[1.923s]       |     [01;31m[K^~~~[m[K
[1.927s] [01m[K/home/skytold/workspace/amr_ws/src/amr_cpp_examples/src/simple_listener.cpp:12:12:[m[K [01;31m[Kerror: [m[K‘[01m[Kcreate_listener[m[K’ was not declared in this scope; did you mean ‘[01m[Kcreate_client[m[K’?
[1.928s]    12 |     sub_ = [01;31m[Kcreate_listener[m[K<std_msgs::msg::String>(
[1.928s]       |            [01;31m[K^~~~~~~~~~~~~~~[m[K
[1.928s]       |            [32m[Kcreate_client[m[K
[1.928s] [01m[K/home/skytold/workspace/amr_ws/src/amr_cpp_examples/src/simple_listener.cpp:12:49:[m[K [01;31m[Kerror: [m[Kexpected primary-expression before ‘[01m[K>[m[K’ token
[1.928s]    12 |     sub_ = create_listener<std_msgs::msg::String[01;31m[K>[m[K(
[1.928s]       |                                                 [01;31m[K^[m[K
[1.928s] [01m[K/home/skytold/workspace/amr_ws/src/amr_cpp_examples/src/simple_listener.cpp:13:9:[m[K [01;35m[Kwarning: [m[Kleft operand of comma operator has no effect [[01;35m[K-Wunused-value[m[K]
[1.928s]    13 |         [01;35m[K"chatter"[m[K, 10, std::bind(&SimpleSubscriber::msgCallback, this, _1));
[1.928s]       |         [01;35m[K^~~~~~~~~[m[K
[1.928s] [01m[K/home/skytold/workspace/amr_ws/src/amr_cpp_examples/src/simple_listener.cpp:13:35:[m[K [01;31m[Kerror: [m[K‘[01m[KSimpleSubscriber[m[K’ has not been declared
[1.928s]    13 |         "chatter", 10, std::bind(&[01;31m[KSimpleSubscriber[m[K::msgCallback, this, _1));
[1.928s]       |                                   [01;31m[K^~~~~~~~~~~~~~~~[m[K
[1.928s] [01m[K/home/skytold/workspace/amr_ws/src/amr_cpp_examples/src/simple_talker.cpp:27:11:[m[K [01;31m[Kerror: [m[K‘[01m[KTalker[m[K’ in namespace ‘[01m[Krclcpp[m[K’ does not name a template type
[1.928s]    27 |   rclcpp::[01;31m[KTalker[m[K<std_msgs::msg::String>::SharedPtr pub_;
[1.928s]       |           [01;31m[K^~~~~~[m[K
[1.932s] [01m[K/home/skytold/workspace/amr_ws/src/amr_cpp_examples/src/simple_talker.cpp:[m[K In constructor ‘[01m[KSimpleTalker::SimpleTalker()[m[K’:
[1.932s] [01m[K/home/skytold/workspace/amr_ws/src/amr_cpp_examples/src/simple_talker.cpp:14:5:[m[K [01;31m[Kerror: [m[K‘[01m[Kpub_[m[K’ was not declared in this scope
[1.932s]    14 |     [01;31m[Kpub_[m[K = create_talker<std_msgs::msg::String>("chatter", 10);
[1.932s]       |     [01;31m[K^~~~[m[K
[1.937s] [01m[K/home/skytold/workspace/amr_ws/src/amr_cpp_examples/src/simple_talker.cpp:14:12:[m[K [01;31m[Kerror: [m[K‘[01m[Kcreate_talker[m[K’ was not declared in this scope
[1.937s]    14 |     pub_ = [01;31m[Kcreate_talker[m[K<std_msgs::msg::String>("chatter", 10);
[1.937s]       |            [01;31m[K^~~~~~~~~~~~~[m[K
[1.937s] [01m[K/home/skytold/workspace/amr_ws/src/amr_cpp_examples/src/simple_talker.cpp:14:47:[m[K [01;31m[Kerror: [m[Kexpected primary-expression before ‘[01m[K>[m[K’ token
[1.937s]    14 |     pub_ = create_talker<std_msgs::msg::String[01;31m[K>[m[K("chatter", 10);
[1.937s]       |                                               [01;31m[K^[m[K
[1.937s] [01m[K/home/skytold/workspace/amr_ws/src/amr_cpp_examples/src/simple_talker.cpp:14:49:[m[K [01;35m[Kwarning: [m[Kleft operand of comma operator has no effect [[01;35m[K-Wunused-value[m[K]
[1.937s]    14 |     pub_ = create_talker<std_msgs::msg::String>([01;35m[K"chatter"[m[K, 10);
[1.937s]       |                                                 [01;35m[K^~~~~~~~~[m[K
[1.948s] [01m[K/home/skytold/workspace/amr_ws/src/amr_cpp_examples/src/simple_talker.cpp:[m[K In member function ‘[01m[Kvoid SimpleTalker::timerCallback()[m[K’:
[1.948s] [01m[K/home/skytold/workspace/amr_ws/src/amr_cpp_examples/src/simple_talker.cpp:23:5:[m[K [01;31m[Kerror: [m[K‘[01m[Kpub_[m[K’ was not declared in this scope
[1.948s]    23 |     [01;31m[Kpub_[m[K->talk(message);
[1.948s]       |     [01;31m[K^~~~[m[K
[2.216s] gmake[2]: *** [CMakeFiles/simple_listener.dir/build.make:76: CMakeFiles/simple_listener.dir/src/simple_listener.cpp.o] Error 1
[2.216s] gmake[1]: *** [CMakeFiles/Makefile2:165: CMakeFiles/simple_listener.dir/all] Error 2
[2.216s] gmake[1]: *** Waiting for unfinished jobs....
[2.260s] gmake[2]: *** [CMakeFiles/simple_talker.dir/build.make:76: CMakeFiles/simple_talker.dir/src/simple_talker.cpp.o] Error 1
[2.260s] gmake[1]: *** [CMakeFiles/Makefile2:139: CMakeFiles/simple_talker.dir/all] Error 2
[2.260s] gmake: *** [Makefile:146: all] Error 2
[2.263s] Invoked command in '/home/skytold/workspace/amr_ws/build/amr_cpp_examples' returned '2': CMAKE_PREFIX_PATH=${CMAKE_PREFIX_PATH}:/home/skytold/workspace/amr_ws/install/amr_py_examples:/opt/ros/humble /usr/bin/cmake --build /home/skytold/workspace/amr_ws/build/amr_cpp_examples -- -j20 -l20
