[0.036s] Invoking command in '/home/skytold/workspace/amr_ws/build/amr_msgs': CMAKE_PREFIX_PATH=${CMAKE_PREFIX_PATH}:/home/skytold/workspace/amr_ws/install/amr_py_examples:/opt/ros/humble /usr/bin/cmake --build /home/skytold/workspace/amr_ws/build/amr_msgs -- -j20 -l20
[0.163s] [  2%] Built target amr_msgs__cpp
[0.166s] [ 12%] Built target amr_msgs__rosidl_generator_c
[0.193s] [ 12%] Built target ament_cmake_python_copy_amr_msgs
[0.234s] [ 23%] Built target amr_msgs__rosidl_typesupport_introspection_cpp
[0.236s] [ 33%] Built target amr_msgs__rosidl_typesupport_c
[0.242s] [ 43%] Built target amr_msgs__rosidl_typesupport_cpp
[0.245s] [ 64%] Built target amr_msgs__rosidl_typesupport_fastrtps_c
[0.247s] [ 61%] Built target amr_msgs__rosidl_typesupport_fastrtps_cpp
[0.248s] [ 74%] Built target amr_msgs__rosidl_typesupport_introspection_c
[0.316s] [ 74%] Built target amr_msgs
[0.382s] [ 76%] Built target amr_msgs__py
[0.453s] [ 84%] Built target amr_msgs__rosidl_generator_py
[0.518s] [ 89%] Built target amr_msgs__rosidl_typesupport_fastrtps_c__pyext
[0.520s] [ 94%] Built target amr_msgs__rosidl_typesupport_c__pyext
[0.525s] [100%] Built target amr_msgs__rosidl_typesupport_introspection_c__pyext
[0.887s] running egg_info
[0.889s] writing amr_msgs.egg-info/PKG-INFO
[0.890s] writing dependency_links to amr_msgs.egg-info/dependency_links.txt
[0.890s] writing top-level names to amr_msgs.egg-info/top_level.txt
[0.895s] reading manifest file 'amr_msgs.egg-info/SOURCES.txt'
[0.897s] writing manifest file 'amr_msgs.egg-info/SOURCES.txt'
[0.974s] [100%] Built target ament_cmake_python_build_amr_msgs_egg
[1.011s] Invoked command in '/home/skytold/workspace/amr_ws/build/amr_msgs' returned '0': CMAKE_PREFIX_PATH=${CMAKE_PREFIX_PATH}:/home/skytold/workspace/amr_ws/install/amr_py_examples:/opt/ros/humble /usr/bin/cmake --build /home/skytold/workspace/amr_ws/build/amr_msgs -- -j20 -l20
[1.014s] Invoking command in '/home/skytold/workspace/amr_ws/build/amr_msgs': CMAKE_PREFIX_PATH=${CMAKE_PREFIX_PATH}:/home/skytold/workspace/amr_ws/install/amr_py_examples:/opt/ros/humble /usr/bin/cmake --install /home/skytold/workspace/amr_ws/build/amr_msgs
[1.036s] -- Install configuration: ""
[1.037s] -- Up-to-date: /home/skytold/workspace/amr_ws/install/amr_msgs/share/ament_index/resource_index/rosidl_interfaces/amr_msgs
[1.037s] -- Up-to-date: /home/skytold/workspace/amr_ws/install/amr_msgs/include/amr_msgs/amr_msgs
[1.037s] -- Up-to-date: /home/skytold/workspace/amr_ws/install/amr_msgs/include/amr_msgs/amr_msgs/msg
[1.037s] -- Up-to-date: /home/skytold/workspace/amr_ws/install/amr_msgs/include/amr_msgs/amr_msgs/msg/rosidl_generator_c__visibility_control.h
[1.038s] -- Up-to-date: /home/skytold/workspace/amr_ws/install/amr_msgs/include/amr_msgs/amr_msgs/srv
[1.038s] -- Up-to-date: /home/skytold/workspace/amr_ws/install/amr_msgs/include/amr_msgs/amr_msgs/srv/detail
[1.038s] -- Up-to-date: /home/skytold/workspace/amr_ws/install/amr_msgs/include/amr_msgs/amr_msgs/srv/detail/get_transform__struct.h
[1.038s] -- Up-to-date: /home/skytold/workspace/amr_ws/install/amr_msgs/include/amr_msgs/amr_msgs/srv/detail/add_two_ints__struct.h
[1.038s] -- Up-to-date: /home/skytold/workspace/amr_ws/install/amr_msgs/include/amr_msgs/amr_msgs/srv/detail/get_transform__type_support.h
[1.038s] -- Up-to-date: /home/skytold/workspace/amr_ws/install/amr_msgs/include/amr_msgs/amr_msgs/srv/detail/add_two_ints__type_support.h
[1.038s] -- Up-to-date: /home/skytold/workspace/amr_ws/install/amr_msgs/include/amr_msgs/amr_msgs/srv/detail/add_two_ints__functions.c
[1.039s] -- Up-to-date: /home/skytold/workspace/amr_ws/install/amr_msgs/include/amr_msgs/amr_msgs/srv/detail/add_two_ints__functions.h
[1.039s] -- Up-to-date: /home/skytold/workspace/amr_ws/install/amr_msgs/include/amr_msgs/amr_msgs/srv/detail/get_transform__functions.c
[1.039s] -- Up-to-date: /home/skytold/workspace/amr_ws/install/amr_msgs/include/amr_msgs/amr_msgs/srv/detail/get_transform__functions.h
[1.039s] -- Up-to-date: /home/skytold/workspace/amr_ws/install/amr_msgs/include/amr_msgs/amr_msgs/srv/add_two_ints.h
[1.039s] -- Up-to-date: /home/skytold/workspace/amr_ws/install/amr_msgs/include/amr_msgs/amr_msgs/srv/get_transform.h
[1.039s] -- Up-to-date: /home/skytold/workspace/amr_ws/install/amr_msgs/share/amr_msgs/environment/library_path.sh
[1.040s] -- Up-to-date: /home/skytold/workspace/amr_ws/install/amr_msgs/share/amr_msgs/environment/library_path.dsv
[1.040s] -- Up-to-date: /home/skytold/workspace/amr_ws/install/amr_msgs/lib/libamr_msgs__rosidl_generator_c.so
[1.040s] -- Up-to-date: /home/skytold/workspace/amr_ws/install/amr_msgs/include/amr_msgs/amr_msgs
[1.040s] -- Up-to-date: /home/skytold/workspace/amr_ws/install/amr_msgs/include/amr_msgs/amr_msgs/msg
[1.040s] -- Up-to-date: /home/skytold/workspace/amr_ws/install/amr_msgs/include/amr_msgs/amr_msgs/msg/rosidl_typesupport_fastrtps_c__visibility_control.h
[1.040s] -- Up-to-date: /home/skytold/workspace/amr_ws/install/amr_msgs/include/amr_msgs/amr_msgs/srv
[1.041s] -- Up-to-date: /home/skytold/workspace/amr_ws/install/amr_msgs/include/amr_msgs/amr_msgs/srv/detail
[1.041s] -- Up-to-date: /home/skytold/workspace/amr_ws/install/amr_msgs/include/amr_msgs/amr_msgs/srv/detail/add_two_ints__rosidl_typesupport_fastrtps_c.h
[1.041s] -- Up-to-date: /home/skytold/workspace/amr_ws/install/amr_msgs/include/amr_msgs/amr_msgs/srv/detail/get_transform__rosidl_typesupport_fastrtps_c.h
[1.041s] -- Up-to-date: /home/skytold/workspace/amr_ws/install/amr_msgs/lib/libamr_msgs__rosidl_typesupport_fastrtps_c.so
[1.041s] -- Up-to-date: /home/skytold/workspace/amr_ws/install/amr_msgs/include/amr_msgs/amr_msgs
[1.042s] -- Up-to-date: /home/skytold/workspace/amr_ws/install/amr_msgs/include/amr_msgs/amr_msgs/msg
[1.042s] -- Up-to-date: /home/skytold/workspace/amr_ws/install/amr_msgs/include/amr_msgs/amr_msgs/msg/rosidl_generator_cpp__visibility_control.hpp
[1.042s] -- Up-to-date: /home/skytold/workspace/amr_ws/install/amr_msgs/include/amr_msgs/amr_msgs/srv
[1.042s] -- Up-to-date: /home/skytold/workspace/amr_ws/install/amr_msgs/include/amr_msgs/amr_msgs/srv/add_two_ints.hpp
[1.042s] -- Up-to-date: /home/skytold/workspace/amr_ws/install/amr_msgs/include/amr_msgs/amr_msgs/srv/detail
[1.042s] -- Up-to-date: /home/skytold/workspace/amr_ws/install/amr_msgs/include/amr_msgs/amr_msgs/srv/detail/get_transform__type_support.hpp
[1.042s] -- Up-to-date: /home/skytold/workspace/amr_ws/install/amr_msgs/include/amr_msgs/amr_msgs/srv/detail/get_transform__struct.hpp
[1.042s] -- Up-to-date: /home/skytold/workspace/amr_ws/install/amr_msgs/include/amr_msgs/amr_msgs/srv/detail/get_transform__builder.hpp
[1.042s] -- Up-to-date: /home/skytold/workspace/amr_ws/install/amr_msgs/include/amr_msgs/amr_msgs/srv/detail/add_two_ints__builder.hpp
[1.043s] -- Up-to-date: /home/skytold/workspace/amr_ws/install/amr_msgs/include/amr_msgs/amr_msgs/srv/detail/add_two_ints__struct.hpp
[1.043s] -- Up-to-date: /home/skytold/workspace/amr_ws/install/amr_msgs/include/amr_msgs/amr_msgs/srv/detail/add_two_ints__type_support.hpp
[1.043s] -- Up-to-date: /home/skytold/workspace/amr_ws/install/amr_msgs/include/amr_msgs/amr_msgs/srv/detail/get_transform__traits.hpp
[1.043s] -- Up-to-date: /home/skytold/workspace/amr_ws/install/amr_msgs/include/amr_msgs/amr_msgs/srv/detail/add_two_ints__traits.hpp
[1.043s] -- Up-to-date: /home/skytold/workspace/amr_ws/install/amr_msgs/include/amr_msgs/amr_msgs/srv/get_transform.hpp
[1.043s] -- Up-to-date: /home/skytold/workspace/amr_ws/install/amr_msgs/include/amr_msgs/amr_msgs
[1.043s] -- Up-to-date: /home/skytold/workspace/amr_ws/install/amr_msgs/include/amr_msgs/amr_msgs/msg
[1.043s] -- Up-to-date: /home/skytold/workspace/amr_ws/install/amr_msgs/include/amr_msgs/amr_msgs/msg/rosidl_typesupport_fastrtps_cpp__visibility_control.h
[1.044s] -- Up-to-date: /home/skytold/workspace/amr_ws/install/amr_msgs/include/amr_msgs/amr_msgs/srv
[1.044s] -- Up-to-date: /home/skytold/workspace/amr_ws/install/amr_msgs/include/amr_msgs/amr_msgs/srv/detail
[1.044s] -- Up-to-date: /home/skytold/workspace/amr_ws/install/amr_msgs/include/amr_msgs/amr_msgs/srv/detail/get_transform__rosidl_typesupport_fastrtps_cpp.hpp
[1.044s] -- Up-to-date: /home/skytold/workspace/amr_ws/install/amr_msgs/include/amr_msgs/amr_msgs/srv/detail/add_two_ints__rosidl_typesupport_fastrtps_cpp.hpp
[1.044s] -- Up-to-date: /home/skytold/workspace/amr_ws/install/amr_msgs/include/amr_msgs/amr_msgs/srv/detail/dds_fastrtps
[1.044s] -- Up-to-date: /home/skytold/workspace/amr_ws/install/amr_msgs/lib/libamr_msgs__rosidl_typesupport_fastrtps_cpp.so
[1.044s] -- Up-to-date: /home/skytold/workspace/amr_ws/install/amr_msgs/include/amr_msgs/amr_msgs
[1.044s] -- Up-to-date: /home/skytold/workspace/amr_ws/install/amr_msgs/include/amr_msgs/amr_msgs/msg
[1.045s] -- Up-to-date: /home/skytold/workspace/amr_ws/install/amr_msgs/include/amr_msgs/amr_msgs/msg/rosidl_typesupport_introspection_c__visibility_control.h
[1.045s] -- Up-to-date: /home/skytold/workspace/amr_ws/install/amr_msgs/include/amr_msgs/amr_msgs/srv
[1.045s] -- Up-to-date: /home/skytold/workspace/amr_ws/install/amr_msgs/include/amr_msgs/amr_msgs/srv/detail
[1.045s] -- Up-to-date: /home/skytold/workspace/amr_ws/install/amr_msgs/include/amr_msgs/amr_msgs/srv/detail/get_transform__type_support.c
[1.045s] -- Up-to-date: /home/skytold/workspace/amr_ws/install/amr_msgs/include/amr_msgs/amr_msgs/srv/detail/add_two_ints__type_support.c
[1.045s] -- Up-to-date: /home/skytold/workspace/amr_ws/install/amr_msgs/include/amr_msgs/amr_msgs/srv/detail/get_transform__rosidl_typesupport_introspection_c.h
[1.045s] -- Up-to-date: /home/skytold/workspace/amr_ws/install/amr_msgs/include/amr_msgs/amr_msgs/srv/detail/add_two_ints__rosidl_typesupport_introspection_c.h
[1.046s] -- Up-to-date: /home/skytold/workspace/amr_ws/install/amr_msgs/lib/libamr_msgs__rosidl_typesupport_introspection_c.so
[1.046s] -- Up-to-date: /home/skytold/workspace/amr_ws/install/amr_msgs/lib/libamr_msgs__rosidl_typesupport_c.so
[1.046s] -- Up-to-date: /home/skytold/workspace/amr_ws/install/amr_msgs/include/amr_msgs/amr_msgs
[1.046s] -- Up-to-date: /home/skytold/workspace/amr_ws/install/amr_msgs/include/amr_msgs/amr_msgs/srv
[1.046s] -- Up-to-date: /home/skytold/workspace/amr_ws/install/amr_msgs/include/amr_msgs/amr_msgs/srv/detail
[1.047s] -- Up-to-date: /home/skytold/workspace/amr_ws/install/amr_msgs/include/amr_msgs/amr_msgs/srv/detail/get_transform__type_support.cpp
[1.047s] -- Up-to-date: /home/skytold/workspace/amr_ws/install/amr_msgs/include/amr_msgs/amr_msgs/srv/detail/get_transform__rosidl_typesupport_introspection_cpp.hpp
[1.047s] -- Up-to-date: /home/skytold/workspace/amr_ws/install/amr_msgs/include/amr_msgs/amr_msgs/srv/detail/add_two_ints__rosidl_typesupport_introspection_cpp.hpp
[1.047s] -- Up-to-date: /home/skytold/workspace/amr_ws/install/amr_msgs/include/amr_msgs/amr_msgs/srv/detail/add_two_ints__type_support.cpp
[1.047s] -- Up-to-date: /home/skytold/workspace/amr_ws/install/amr_msgs/lib/libamr_msgs__rosidl_typesupport_introspection_cpp.so
[1.047s] -- Up-to-date: /home/skytold/workspace/amr_ws/install/amr_msgs/lib/libamr_msgs__rosidl_typesupport_cpp.so
[1.048s] -- Up-to-date: /home/skytold/workspace/amr_ws/install/amr_msgs/share/amr_msgs/environment/pythonpath.sh
[1.048s] -- Up-to-date: /home/skytold/workspace/amr_ws/install/amr_msgs/share/amr_msgs/environment/pythonpath.dsv
[1.048s] -- Up-to-date: /home/skytold/workspace/amr_ws/install/amr_msgs/local/lib/python3.10/dist-packages/amr_msgs-0.0.0-py3.10.egg-info
[1.048s] -- Installing: /home/skytold/workspace/amr_ws/install/amr_msgs/local/lib/python3.10/dist-packages/amr_msgs-0.0.0-py3.10.egg-info/PKG-INFO
[1.049s] -- Installing: /home/skytold/workspace/amr_ws/install/amr_msgs/local/lib/python3.10/dist-packages/amr_msgs-0.0.0-py3.10.egg-info/SOURCES.txt
[1.049s] -- Installing: /home/skytold/workspace/amr_ws/install/amr_msgs/local/lib/python3.10/dist-packages/amr_msgs-0.0.0-py3.10.egg-info/dependency_links.txt
[1.049s] -- Installing: /home/skytold/workspace/amr_ws/install/amr_msgs/local/lib/python3.10/dist-packages/amr_msgs-0.0.0-py3.10.egg-info/top_level.txt
[1.049s] -- Up-to-date: /home/skytold/workspace/amr_ws/install/amr_msgs/local/lib/python3.10/dist-packages/amr_msgs
[1.050s] -- Up-to-date: /home/skytold/workspace/amr_ws/install/amr_msgs/local/lib/python3.10/dist-packages/amr_msgs/amr_msgs_s__rosidl_typesupport_fastrtps_c.cpython-310-x86_64-linux-gnu.so
[1.050s] -- Up-to-date: /home/skytold/workspace/amr_ws/install/amr_msgs/local/lib/python3.10/dist-packages/amr_msgs/__init__.py
[1.050s] -- Up-to-date: /home/skytold/workspace/amr_ws/install/amr_msgs/local/lib/python3.10/dist-packages/amr_msgs/_amr_msgs_s.ep.rosidl_typesupport_fastrtps_c.c
[1.050s] -- Up-to-date: /home/skytold/workspace/amr_ws/install/amr_msgs/local/lib/python3.10/dist-packages/amr_msgs/amr_msgs_s__rosidl_typesupport_introspection_c.cpython-310-x86_64-linux-gnu.so
[1.050s] -- Up-to-date: /home/skytold/workspace/amr_ws/install/amr_msgs/local/lib/python3.10/dist-packages/amr_msgs/_amr_msgs_s.ep.rosidl_typesupport_c.c
[1.051s] -- Up-to-date: /home/skytold/workspace/amr_ws/install/amr_msgs/local/lib/python3.10/dist-packages/amr_msgs/_amr_msgs_s.ep.rosidl_typesupport_introspection_c.c
[1.051s] -- Up-to-date: /home/skytold/workspace/amr_ws/install/amr_msgs/local/lib/python3.10/dist-packages/amr_msgs/libamr_msgs__rosidl_generator_py.so
[1.051s] -- Up-to-date: /home/skytold/workspace/amr_ws/install/amr_msgs/local/lib/python3.10/dist-packages/amr_msgs/srv
[1.051s] -- Up-to-date: /home/skytold/workspace/amr_ws/install/amr_msgs/local/lib/python3.10/dist-packages/amr_msgs/srv/_add_two_ints_s.c
[1.052s] -- Up-to-date: /home/skytold/workspace/amr_ws/install/amr_msgs/local/lib/python3.10/dist-packages/amr_msgs/srv/_get_transform_s.c
[1.052s] -- Up-to-date: /home/skytold/workspace/amr_ws/install/amr_msgs/local/lib/python3.10/dist-packages/amr_msgs/srv/__init__.py
[1.052s] -- Up-to-date: /home/skytold/workspace/amr_ws/install/amr_msgs/local/lib/python3.10/dist-packages/amr_msgs/srv/_add_two_ints.py
[1.052s] -- Up-to-date: /home/skytold/workspace/amr_ws/install/amr_msgs/local/lib/python3.10/dist-packages/amr_msgs/srv/_get_transform.py
[1.053s] -- Up-to-date: /home/skytold/workspace/amr_ws/install/amr_msgs/local/lib/python3.10/dist-packages/amr_msgs/amr_msgs_s__rosidl_typesupport_c.cpython-310-x86_64-linux-gnu.so
[1.134s] Listing '/home/skytold/workspace/amr_ws/install/amr_msgs/local/lib/python3.10/dist-packages/amr_msgs'...
[1.135s] Listing '/home/skytold/workspace/amr_ws/install/amr_msgs/local/lib/python3.10/dist-packages/amr_msgs/srv'...
[1.150s] -- Up-to-date: /home/skytold/workspace/amr_ws/install/amr_msgs/local/lib/python3.10/dist-packages/amr_msgs/amr_msgs_s__rosidl_typesupport_fastrtps_c.cpython-310-x86_64-linux-gnu.so
[1.151s] -- Up-to-date: /home/skytold/workspace/amr_ws/install/amr_msgs/local/lib/python3.10/dist-packages/amr_msgs/amr_msgs_s__rosidl_typesupport_introspection_c.cpython-310-x86_64-linux-gnu.so
[1.152s] -- Up-to-date: /home/skytold/workspace/amr_ws/install/amr_msgs/local/lib/python3.10/dist-packages/amr_msgs/amr_msgs_s__rosidl_typesupport_c.cpython-310-x86_64-linux-gnu.so
[1.152s] -- Up-to-date: /home/skytold/workspace/amr_ws/install/amr_msgs/lib/libamr_msgs__rosidl_generator_py.so
[1.155s] -- Up-to-date: /home/skytold/workspace/amr_ws/install/amr_msgs/share/amr_msgs/srv/AddTwoInts.idl
[1.155s] -- Up-to-date: /home/skytold/workspace/amr_ws/install/amr_msgs/share/amr_msgs/srv/GetTransform.idl
[1.155s] -- Up-to-date: /home/skytold/workspace/amr_ws/install/amr_msgs/share/amr_msgs/srv/AddTwoInts.srv
[1.155s] -- Up-to-date: /home/skytold/workspace/amr_ws/install/amr_msgs/share/amr_msgs/srv/AddTwoInts_Request.msg
[1.155s] -- Up-to-date: /home/skytold/workspace/amr_ws/install/amr_msgs/share/amr_msgs/srv/AddTwoInts_Response.msg
[1.156s] -- Up-to-date: /home/skytold/workspace/amr_ws/install/amr_msgs/share/amr_msgs/srv/GetTransform.srv
[1.156s] -- Up-to-date: /home/skytold/workspace/amr_ws/install/amr_msgs/share/amr_msgs/srv/GetTransform_Request.msg
[1.156s] -- Up-to-date: /home/skytold/workspace/amr_ws/install/amr_msgs/share/amr_msgs/srv/GetTransform_Response.msg
[1.156s] -- Up-to-date: /home/skytold/workspace/amr_ws/install/amr_msgs/share/ament_index/resource_index/package_run_dependencies/amr_msgs
[1.156s] -- Up-to-date: /home/skytold/workspace/amr_ws/install/amr_msgs/share/ament_index/resource_index/parent_prefix_path/amr_msgs
[1.156s] -- Up-to-date: /home/skytold/workspace/amr_ws/install/amr_msgs/share/amr_msgs/environment/ament_prefix_path.sh
[1.157s] -- Up-to-date: /home/skytold/workspace/amr_ws/install/amr_msgs/share/amr_msgs/environment/ament_prefix_path.dsv
[1.157s] -- Up-to-date: /home/skytold/workspace/amr_ws/install/amr_msgs/share/amr_msgs/environment/path.sh
[1.157s] -- Up-to-date: /home/skytold/workspace/amr_ws/install/amr_msgs/share/amr_msgs/environment/path.dsv
[1.157s] -- Up-to-date: /home/skytold/workspace/amr_ws/install/amr_msgs/share/amr_msgs/local_setup.bash
[1.157s] -- Up-to-date: /home/skytold/workspace/amr_ws/install/amr_msgs/share/amr_msgs/local_setup.sh
[1.157s] -- Up-to-date: /home/skytold/workspace/amr_ws/install/amr_msgs/share/amr_msgs/local_setup.zsh
[1.157s] -- Up-to-date: /home/skytold/workspace/amr_ws/install/amr_msgs/share/amr_msgs/local_setup.dsv
[1.157s] -- Installing: /home/skytold/workspace/amr_ws/install/amr_msgs/share/amr_msgs/package.dsv
[1.158s] -- Up-to-date: /home/skytold/workspace/amr_ws/install/amr_msgs/share/ament_index/resource_index/packages/amr_msgs
[1.158s] -- Up-to-date: /home/skytold/workspace/amr_ws/install/amr_msgs/share/amr_msgs/cmake/export_amr_msgs__rosidl_generator_cExport.cmake
[1.158s] -- Up-to-date: /home/skytold/workspace/amr_ws/install/amr_msgs/share/amr_msgs/cmake/export_amr_msgs__rosidl_generator_cExport-noconfig.cmake
[1.158s] -- Up-to-date: /home/skytold/workspace/amr_ws/install/amr_msgs/share/amr_msgs/cmake/export_amr_msgs__rosidl_typesupport_fastrtps_cExport.cmake
[1.158s] -- Up-to-date: /home/skytold/workspace/amr_ws/install/amr_msgs/share/amr_msgs/cmake/export_amr_msgs__rosidl_typesupport_fastrtps_cExport-noconfig.cmake
[1.159s] -- Up-to-date: /home/skytold/workspace/amr_ws/install/amr_msgs/share/amr_msgs/cmake/export_amr_msgs__rosidl_generator_cppExport.cmake
[1.159s] -- Up-to-date: /home/skytold/workspace/amr_ws/install/amr_msgs/share/amr_msgs/cmake/export_amr_msgs__rosidl_typesupport_fastrtps_cppExport.cmake
[1.159s] -- Up-to-date: /home/skytold/workspace/amr_ws/install/amr_msgs/share/amr_msgs/cmake/export_amr_msgs__rosidl_typesupport_fastrtps_cppExport-noconfig.cmake
[1.159s] -- Up-to-date: /home/skytold/workspace/amr_ws/install/amr_msgs/share/amr_msgs/cmake/amr_msgs__rosidl_typesupport_introspection_cExport.cmake
[1.159s] -- Up-to-date: /home/skytold/workspace/amr_ws/install/amr_msgs/share/amr_msgs/cmake/amr_msgs__rosidl_typesupport_introspection_cExport-noconfig.cmake
[1.159s] -- Up-to-date: /home/skytold/workspace/amr_ws/install/amr_msgs/share/amr_msgs/cmake/amr_msgs__rosidl_typesupport_cExport.cmake
[1.160s] -- Up-to-date: /home/skytold/workspace/amr_ws/install/amr_msgs/share/amr_msgs/cmake/amr_msgs__rosidl_typesupport_cExport-noconfig.cmake
[1.160s] -- Up-to-date: /home/skytold/workspace/amr_ws/install/amr_msgs/share/amr_msgs/cmake/amr_msgs__rosidl_typesupport_introspection_cppExport.cmake
[1.160s] -- Up-to-date: /home/skytold/workspace/amr_ws/install/amr_msgs/share/amr_msgs/cmake/amr_msgs__rosidl_typesupport_introspection_cppExport-noconfig.cmake
[1.160s] -- Up-to-date: /home/skytold/workspace/amr_ws/install/amr_msgs/share/amr_msgs/cmake/amr_msgs__rosidl_typesupport_cppExport.cmake
[1.160s] -- Up-to-date: /home/skytold/workspace/amr_ws/install/amr_msgs/share/amr_msgs/cmake/amr_msgs__rosidl_typesupport_cppExport-noconfig.cmake
[1.160s] -- Up-to-date: /home/skytold/workspace/amr_ws/install/amr_msgs/share/amr_msgs/cmake/export_amr_msgs__rosidl_generator_pyExport.cmake
[1.161s] -- Up-to-date: /home/skytold/workspace/amr_ws/install/amr_msgs/share/amr_msgs/cmake/export_amr_msgs__rosidl_generator_pyExport-noconfig.cmake
[1.161s] -- Up-to-date: /home/skytold/workspace/amr_ws/install/amr_msgs/share/amr_msgs/cmake/rosidl_cmake-extras.cmake
[1.161s] -- Up-to-date: /home/skytold/workspace/amr_ws/install/amr_msgs/share/amr_msgs/cmake/ament_cmake_export_dependencies-extras.cmake
[1.161s] -- Up-to-date: /home/skytold/workspace/amr_ws/install/amr_msgs/share/amr_msgs/cmake/ament_cmake_export_include_directories-extras.cmake
[1.161s] -- Up-to-date: /home/skytold/workspace/amr_ws/install/amr_msgs/share/amr_msgs/cmake/ament_cmake_export_libraries-extras.cmake
[1.161s] -- Up-to-date: /home/skytold/workspace/amr_ws/install/amr_msgs/share/amr_msgs/cmake/ament_cmake_export_targets-extras.cmake
[1.162s] -- Up-to-date: /home/skytold/workspace/amr_ws/install/amr_msgs/share/amr_msgs/cmake/rosidl_cmake_export_typesupport_targets-extras.cmake
[1.162s] -- Up-to-date: /home/skytold/workspace/amr_ws/install/amr_msgs/share/amr_msgs/cmake/rosidl_cmake_export_typesupport_libraries-extras.cmake
[1.162s] -- Up-to-date: /home/skytold/workspace/amr_ws/install/amr_msgs/share/amr_msgs/cmake/amr_msgsConfig.cmake
[1.162s] -- Up-to-date: /home/skytold/workspace/amr_ws/install/amr_msgs/share/amr_msgs/cmake/amr_msgsConfig-version.cmake
[1.162s] -- Up-to-date: /home/skytold/workspace/amr_ws/install/amr_msgs/share/amr_msgs/package.xml
[1.193s] Invoked command in '/home/skytold/workspace/amr_ws/build/amr_msgs' returned '0': CMAKE_PREFIX_PATH=${CMAKE_PREFIX_PATH}:/home/skytold/workspace/amr_ws/install/amr_py_examples:/opt/ros/humble /usr/bin/cmake --install /home/skytold/workspace/amr_ws/build/amr_msgs
