[0.010s] Invoking command in '/home/skytold/workspace/amr_ws/build/amr_description': CMAKE_PREFIX_PATH=${CMAKE_PREFIX_PATH}:/home/skytold/workspace/amr_ws/install/amr_py_examples:/opt/ros/humble /usr/bin/cmake --build /home/skytold/workspace/amr_ws/build/amr_description -- -j20 -l20
[0.170s] Invoked command in '/home/skytold/workspace/amr_ws/build/amr_description' returned '0': CMAKE_PREFIX_PATH=${CMAKE_PREFIX_PATH}:/home/skytold/workspace/amr_ws/install/amr_py_examples:/opt/ros/humble /usr/bin/cmake --build /home/skytold/workspace/amr_ws/build/amr_description -- -j20 -l20
[0.179s] Invoking command in '/home/skytold/workspace/amr_ws/build/amr_description': CMAKE_PREFIX_PATH=${CMAKE_PREFIX_PATH}:/home/skytold/workspace/amr_ws/install/amr_py_examples:/opt/ros/humble /usr/bin/cmake --install /home/skytold/workspace/amr_ws/build/amr_description
[0.184s] -- Install configuration: ""
[0.184s] -- Installing: /home/skytold/workspace/amr_ws/install/amr_description/share/ament_index/resource_index/package_run_dependencies/amr_description
[0.184s] -- Installing: /home/skytold/workspace/amr_ws/install/amr_description/share/ament_index/resource_index/parent_prefix_path/amr_description
[0.184s] -- Installing: /home/skytold/workspace/amr_ws/install/amr_description/share/amr_description/environment/ament_prefix_path.sh
[0.184s] -- Installing: /home/skytold/workspace/amr_ws/install/amr_description/share/amr_description/environment/ament_prefix_path.dsv
[0.184s] -- Installing: /home/skytold/workspace/amr_ws/install/amr_description/share/amr_description/environment/path.sh
[0.184s] -- Installing: /home/skytold/workspace/amr_ws/install/amr_description/share/amr_description/environment/path.dsv
[0.184s] -- Installing: /home/skytold/workspace/amr_ws/install/amr_description/share/amr_description/local_setup.bash
[0.184s] -- Installing: /home/skytold/workspace/amr_ws/install/amr_description/share/amr_description/local_setup.sh
[0.184s] -- Installing: /home/skytold/workspace/amr_ws/install/amr_description/share/amr_description/local_setup.zsh
[0.185s] -- Installing: /home/skytold/workspace/amr_ws/install/amr_description/share/amr_description/local_setup.dsv
[0.185s] -- Installing: /home/skytold/workspace/amr_ws/install/amr_description/share/amr_description/package.dsv
[0.185s] -- Installing: /home/skytold/workspace/amr_ws/install/amr_description/share/ament_index/resource_index/packages/amr_description
[0.185s] -- Installing: /home/skytold/workspace/amr_ws/install/amr_description/share/amr_description/cmake/amr_descriptionConfig.cmake
[0.185s] -- Installing: /home/skytold/workspace/amr_ws/install/amr_description/share/amr_description/cmake/amr_descriptionConfig-version.cmake
[0.185s] -- Installing: /home/skytold/workspace/amr_ws/install/amr_description/share/amr_description/package.xml
[0.187s] Invoked command in '/home/skytold/workspace/amr_ws/build/amr_description' returned '0': CMAKE_PREFIX_PATH=${CMAKE_PREFIX_PATH}:/home/skytold/workspace/amr_ws/install/amr_py_examples:/opt/ros/humble /usr/bin/cmake --install /home/skytold/workspace/amr_ws/build/amr_description
