[0.037s] Invoking command in '/home/skytold/workspace/amr_ws/build/amr_description': CMAKE_PREFIX_PATH=${CMAKE_PREFIX_PATH}:/home/skytold/workspace/amr_ws/install/amr_py_examples:/opt/ros/humble /usr/bin/cmake --build /home/skytold/workspace/amr_ws/build/amr_description -- -j20 -l20
[0.091s] -- Found ament_cmake: 1.3.12 (/opt/ros/humble/share/ament_cmake/cmake)
[0.434s] -- Found ament_lint_auto: 0.12.14 (/opt/ros/humble/share/ament_lint_auto/cmake)
[0.605s] -- Added test 'flake8' to check Python code syntax and style conventions
[0.607s] -- Added test 'lint_cmake' to check CMake code style
[0.609s] -- Added test 'pep257' to check Python code against some of the docstring style conventions in PEP 257
[0.615s] -- Added test 'xmllint' to check XML markup files
[0.618s] -- Configuring done
[0.628s] -- Generating done
[0.632s] -- Build files have been written to: /home/skytold/workspace/amr_ws/build/amr_description
[0.700s] Invoked command in '/home/skytold/workspace/amr_ws/build/amr_description' returned '0': CMAKE_PREFIX_PATH=${CMAKE_PREFIX_PATH}:/home/skytold/workspace/amr_ws/install/amr_py_examples:/opt/ros/humble /usr/bin/cmake --build /home/skytold/workspace/amr_ws/build/amr_description -- -j20 -l20
[0.703s] Invoking command in '/home/skytold/workspace/amr_ws/build/amr_description': CMAKE_PREFIX_PATH=${CMAKE_PREFIX_PATH}:/home/skytold/workspace/amr_ws/install/amr_py_examples:/opt/ros/humble /usr/bin/cmake --install /home/skytold/workspace/amr_ws/build/amr_description
[0.724s] -- Install configuration: ""
[0.724s] -- Up-to-date: /home/skytold/workspace/amr_ws/install/amr_description/share/amr_description/meshes
[0.724s] -- Up-to-date: /home/skytold/workspace/amr_ws/install/amr_description/share/amr_description/meshes/wheel_right_link.STL
[0.725s] -- Up-to-date: /home/skytold/workspace/amr_ws/install/amr_description/share/amr_description/meshes/wheel_left_link.STL
[0.725s] -- Up-to-date: /home/skytold/workspace/amr_ws/install/amr_description/share/amr_description/meshes/base_link.STL
[0.725s] -- Up-to-date: /home/skytold/workspace/amr_ws/install/amr_description/share/amr_description/meshes/caster_rear_link.STL
[0.725s] -- Up-to-date: /home/skytold/workspace/amr_ws/install/amr_description/share/amr_description/meshes/imu_link.STL
[0.725s] -- Up-to-date: /home/skytold/workspace/amr_ws/install/amr_description/share/amr_description/meshes/caster_front_link.STL
[0.726s] -- Up-to-date: /home/skytold/workspace/amr_ws/install/amr_description/share/amr_description/urdf
[0.726s] -- Installing: /home/skytold/workspace/amr_ws/install/amr_description/share/amr_description/urdf/amr_gazebo.xacro
[0.726s] -- Installing: /home/skytold/workspace/amr_ws/install/amr_description/share/amr_description/urdf/amr.urdf.xacro
[0.726s] -- Up-to-date: /home/skytold/workspace/amr_ws/install/amr_description/share/amr_description/launch
[0.726s] -- Installing: /home/skytold/workspace/amr_ws/install/amr_description/share/amr_description/launch/gazebo.launch.py
[0.727s] -- Up-to-date: /home/skytold/workspace/amr_ws/install/amr_description/share/amr_description/launch/display.launch.py
[0.727s] -- Up-to-date: /home/skytold/workspace/amr_ws/install/amr_description/share/amr_description/rviz
[0.727s] -- Installing: /home/skytold/workspace/amr_ws/install/amr_description/share/amr_description/rviz/display.rviz
[0.727s] -- Installing: /home/skytold/workspace/amr_ws/install/amr_description/share/ament_index/resource_index/package_run_dependencies/amr_description
[0.727s] -- Up-to-date: /home/skytold/workspace/amr_ws/install/amr_description/share/ament_index/resource_index/parent_prefix_path/amr_description
[0.728s] -- Up-to-date: /home/skytold/workspace/amr_ws/install/amr_description/share/amr_description/environment/ament_prefix_path.sh
[0.728s] -- Installing: /home/skytold/workspace/amr_ws/install/amr_description/share/amr_description/environment/ament_prefix_path.dsv
[0.728s] -- Up-to-date: /home/skytold/workspace/amr_ws/install/amr_description/share/amr_description/environment/path.sh
[0.728s] -- Installing: /home/skytold/workspace/amr_ws/install/amr_description/share/amr_description/environment/path.dsv
[0.728s] -- Up-to-date: /home/skytold/workspace/amr_ws/install/amr_description/share/amr_description/local_setup.bash
[0.728s] -- Up-to-date: /home/skytold/workspace/amr_ws/install/amr_description/share/amr_description/local_setup.sh
[0.729s] -- Up-to-date: /home/skytold/workspace/amr_ws/install/amr_description/share/amr_description/local_setup.zsh
[0.729s] -- Installing: /home/skytold/workspace/amr_ws/install/amr_description/share/amr_description/local_setup.dsv
[0.729s] -- Installing: /home/skytold/workspace/amr_ws/install/amr_description/share/amr_description/package.dsv
[0.729s] -- Up-to-date: /home/skytold/workspace/amr_ws/install/amr_description/share/ament_index/resource_index/packages/amr_description
[0.729s] -- Up-to-date: /home/skytold/workspace/amr_ws/install/amr_description/share/amr_description/cmake/amr_descriptionConfig.cmake
[0.729s] -- Up-to-date: /home/skytold/workspace/amr_ws/install/amr_description/share/amr_description/cmake/amr_descriptionConfig-version.cmake
[0.730s] -- Installing: /home/skytold/workspace/amr_ws/install/amr_description/share/amr_description/package.xml
[0.771s] Invoked command in '/home/skytold/workspace/amr_ws/build/amr_description' returned '0': CMAKE_PREFIX_PATH=${CMAKE_PREFIX_PATH}:/home/skytold/workspace/amr_ws/install/amr_py_examples:/opt/ros/humble /usr/bin/cmake --install /home/skytold/workspace/amr_ws/build/amr_description
