[0.010s] Invoking command in '/home/skytold/workspace/amr_ws/build/amr_cpp_examples': CMAKE_PREFIX_PATH=${CMAKE_PREFIX_PATH}:/home/skytold/workspace/amr_ws/install/amr_py_examples:/opt/ros/humble /usr/bin/cmake --build /home/skytold/workspace/amr_ws/build/amr_cpp_examples -- -j20 -l20
[0.033s] -- Found ament_cmake: 1.3.12 (/opt/ros/humble/share/ament_cmake/cmake)
[0.129s] -- Found rclcpp: 16.0.15 (/opt/ros/humble/share/rclcpp/cmake)
[0.155s] -- Found rosidl_generator_c: 3.1.7 (/opt/ros/humble/share/rosidl_generator_c/cmake)
[0.158s] -- Found rosidl_adapter: 3.1.7 (/opt/ros/humble/share/rosidl_adapter/cmake)
[0.164s] -- Found rosidl_generator_cpp: 3.1.7 (/opt/ros/humble/share/rosidl_generator_cpp/cmake)
[0.172s] -- Using all available rosidl_typesupport_c: rosidl_typesupport_fastrtps_c;rosidl_typesupport_introspection_c
[0.182s] -- Using all available rosidl_typesupport_cpp: rosidl_typesupport_fastrtps_cpp;rosidl_typesupport_introspection_cpp
[0.210s] -- Found rmw_implementation_cmake: 6.1.2 (/opt/ros/humble/share/rmw_implementation_cmake/cmake)
[0.211s] -- Found rmw_fastrtps_cpp: 6.2.8 (/opt/ros/humble/share/rmw_fastrtps_cpp/cmake)
[0.284s] -- Found OpenSSL: /usr/lib/x86_64-linux-gnu/libcrypto.so (found version "3.0.2")  
[0.306s] -- Found FastRTPS: /opt/ros/humble/include  
[0.342s] -- Using RMW implementation 'rmw_fastrtps_cpp' as default
[0.348s] -- Looking for pthread.h
[0.412s] -- Looking for pthread.h - found
[0.412s] -- Performing Test CMAKE_HAVE_LIBC_PTHREAD
[0.476s] -- Performing Test CMAKE_HAVE_LIBC_PTHREAD - Success
[0.477s] -- Found Threads: TRUE  
[0.557s] -- Configuring done
[0.560s] [31mCMake Error at CMakeLists.txt:15 (add_executable):
[0.560s]   Cannot find source file:
[0.560s] 
[0.560s]     src/simple_subscriber.cpp
[0.560s] 
[0.560s]   Tried extensions .c .C .c++ .cc .cpp .cxx .cu .mpp .m .M .mm .ixx .cppm .h
[0.560s]   .hh .h++ .hm .hpp .hxx .in .txx .f .F .for .f77 .f90 .f95 .f03 .hip .ispc
[0.560s] 
[0.560s] [0m
[0.560s] [31mCMake Error at CMakeLists.txt:15 (add_executable):
[0.560s]   No SOURCES given to target: simple_subscriber
[0.560s] 
[0.561s] [0m
[0.561s] [0mCMake Generate step failed.  Build files cannot be regenerated correctly.[0m
[0.564s] gmake: *** [Makefile:226: cmake_check_build_system] Error 1
[0.566s] Invoked command in '/home/skytold/workspace/amr_ws/build/amr_cpp_examples' returned '2': CMAKE_PREFIX_PATH=${CMAKE_PREFIX_PATH}:/home/skytold/workspace/amr_ws/install/amr_py_examples:/opt/ros/humble /usr/bin/cmake --build /home/skytold/workspace/amr_ws/build/amr_cpp_examples -- -j20 -l20
