[0.023s] Invoking command in '/home/skytold/workspace/amr_ws/build/amr_msgs': CMAKE_PREFIX_PATH=${CMAKE_PREFIX_PATH}:/home/skytold/workspace/amr_ws/install/amr_py_examples:/opt/ros/humble /usr/bin/cmake --build /home/skytold/workspace/amr_ws/build/amr_msgs -- -j20 -l20
[0.128s] [  2%] Built target amr_msgs__cpp
[0.128s] [ 12%] Built target amr_msgs__rosidl_generator_c
[0.163s] [ 12%] Built target ament_cmake_python_copy_amr_msgs
[0.193s] [ 23%] Built target amr_msgs__rosidl_typesupport_cpp
[0.195s] [ 33%] Built target amr_msgs__rosidl_typesupport_introspection_c
[0.202s] [ 46%] Built target amr_msgs__rosidl_typesupport_fastrtps_cpp
[0.203s] [ 53%] Built target amr_msgs__rosidl_typesupport_c
[0.207s] [ 64%] Built target amr_msgs__rosidl_typesupport_introspection_cpp
[0.220s] [ 74%] Built target amr_msgs__rosidl_typesupport_fastrtps_c
[0.279s] [ 74%] Built target amr_msgs
[0.333s] [ 76%] Built target amr_msgs__py
[0.410s] [ 84%] Built target amr_msgs__rosidl_generator_py
[0.476s] [ 89%] Built target amr_msgs__rosidl_typesupport_fastrtps_c__pyext
[0.477s] [ 97%] Built target amr_msgs__rosidl_typesupport_c__pyext
[0.477s] [100%] Built target amr_msgs__rosidl_typesupport_introspection_c__pyext
[0.679s] running egg_info
[0.680s] writing amr_msgs.egg-info/PKG-INFO
[0.680s] writing dependency_links to amr_msgs.egg-info/dependency_links.txt
[0.681s] writing top-level names to amr_msgs.egg-info/top_level.txt
[0.684s] reading manifest file 'amr_msgs.egg-info/SOURCES.txt'
[0.685s] writing manifest file 'amr_msgs.egg-info/SOURCES.txt'
[0.730s] [100%] Built target ament_cmake_python_build_amr_msgs_egg
[0.754s] Invoked command in '/home/skytold/workspace/amr_ws/build/amr_msgs' returned '0': CMAKE_PREFIX_PATH=${CMAKE_PREFIX_PATH}:/home/skytold/workspace/amr_ws/install/amr_py_examples:/opt/ros/humble /usr/bin/cmake --build /home/skytold/workspace/amr_ws/build/amr_msgs -- -j20 -l20
[0.757s] Invoking command in '/home/skytold/workspace/amr_ws/build/amr_msgs': CMAKE_PREFIX_PATH=${CMAKE_PREFIX_PATH}:/home/skytold/workspace/amr_ws/install/amr_py_examples:/opt/ros/humble /usr/bin/cmake --install /home/skytold/workspace/amr_ws/build/amr_msgs
[0.770s] -- Install configuration: ""
[0.770s] -- Up-to-date: /home/skytold/workspace/amr_ws/install/amr_msgs/share/ament_index/resource_index/rosidl_interfaces/amr_msgs
[0.771s] -- Up-to-date: /home/skytold/workspace/amr_ws/install/amr_msgs/include/amr_msgs/amr_msgs
[0.771s] -- Up-to-date: /home/skytold/workspace/amr_ws/install/amr_msgs/include/amr_msgs/amr_msgs/msg
[0.771s] -- Up-to-date: /home/skytold/workspace/amr_ws/install/amr_msgs/include/amr_msgs/amr_msgs/msg/rosidl_generator_c__visibility_control.h
[0.771s] -- Up-to-date: /home/skytold/workspace/amr_ws/install/amr_msgs/include/amr_msgs/amr_msgs/srv
[0.771s] -- Up-to-date: /home/skytold/workspace/amr_ws/install/amr_msgs/include/amr_msgs/amr_msgs/srv/detail
[0.771s] -- Up-to-date: /home/skytold/workspace/amr_ws/install/amr_msgs/include/amr_msgs/amr_msgs/srv/detail/get_transform__struct.h
[0.771s] -- Up-to-date: /home/skytold/workspace/amr_ws/install/amr_msgs/include/amr_msgs/amr_msgs/srv/detail/add_two_ints__struct.h
[0.771s] -- Up-to-date: /home/skytold/workspace/amr_ws/install/amr_msgs/include/amr_msgs/amr_msgs/srv/detail/get_transform__type_support.h
[0.771s] -- Up-to-date: /home/skytold/workspace/amr_ws/install/amr_msgs/include/amr_msgs/amr_msgs/srv/detail/add_two_ints__type_support.h
[0.772s] -- Up-to-date: /home/skytold/workspace/amr_ws/install/amr_msgs/include/amr_msgs/amr_msgs/srv/detail/add_two_ints__functions.c
[0.772s] -- Up-to-date: /home/skytold/workspace/amr_ws/install/amr_msgs/include/amr_msgs/amr_msgs/srv/detail/add_two_ints__functions.h
[0.772s] -- Up-to-date: /home/skytold/workspace/amr_ws/install/amr_msgs/include/amr_msgs/amr_msgs/srv/detail/get_transform__functions.c
[0.772s] -- Up-to-date: /home/skytold/workspace/amr_ws/install/amr_msgs/include/amr_msgs/amr_msgs/srv/detail/get_transform__functions.h
[0.772s] -- Up-to-date: /home/skytold/workspace/amr_ws/install/amr_msgs/include/amr_msgs/amr_msgs/srv/add_two_ints.h
[0.772s] -- Up-to-date: /home/skytold/workspace/amr_ws/install/amr_msgs/include/amr_msgs/amr_msgs/srv/get_transform.h
[0.772s] -- Up-to-date: /home/skytold/workspace/amr_ws/install/amr_msgs/share/amr_msgs/environment/library_path.sh
[0.772s] -- Up-to-date: /home/skytold/workspace/amr_ws/install/amr_msgs/share/amr_msgs/environment/library_path.dsv
[0.773s] -- Up-to-date: /home/skytold/workspace/amr_ws/install/amr_msgs/lib/libamr_msgs__rosidl_generator_c.so
[0.773s] -- Up-to-date: /home/skytold/workspace/amr_ws/install/amr_msgs/include/amr_msgs/amr_msgs
[0.773s] -- Up-to-date: /home/skytold/workspace/amr_ws/install/amr_msgs/include/amr_msgs/amr_msgs/msg
[0.773s] -- Up-to-date: /home/skytold/workspace/amr_ws/install/amr_msgs/include/amr_msgs/amr_msgs/msg/rosidl_typesupport_fastrtps_c__visibility_control.h
[0.773s] -- Up-to-date: /home/skytold/workspace/amr_ws/install/amr_msgs/include/amr_msgs/amr_msgs/srv
[0.773s] -- Up-to-date: /home/skytold/workspace/amr_ws/install/amr_msgs/include/amr_msgs/amr_msgs/srv/detail
[0.773s] -- Up-to-date: /home/skytold/workspace/amr_ws/install/amr_msgs/include/amr_msgs/amr_msgs/srv/detail/add_two_ints__rosidl_typesupport_fastrtps_c.h
[0.773s] -- Up-to-date: /home/skytold/workspace/amr_ws/install/amr_msgs/include/amr_msgs/amr_msgs/srv/detail/get_transform__rosidl_typesupport_fastrtps_c.h
[0.773s] -- Up-to-date: /home/skytold/workspace/amr_ws/install/amr_msgs/lib/libamr_msgs__rosidl_typesupport_fastrtps_c.so
[0.774s] -- Up-to-date: /home/skytold/workspace/amr_ws/install/amr_msgs/include/amr_msgs/amr_msgs
[0.774s] -- Up-to-date: /home/skytold/workspace/amr_ws/install/amr_msgs/include/amr_msgs/amr_msgs/msg
[0.774s] -- Up-to-date: /home/skytold/workspace/amr_ws/install/amr_msgs/include/amr_msgs/amr_msgs/msg/rosidl_generator_cpp__visibility_control.hpp
[0.774s] -- Up-to-date: /home/skytold/workspace/amr_ws/install/amr_msgs/include/amr_msgs/amr_msgs/srv
[0.774s] -- Up-to-date: /home/skytold/workspace/amr_ws/install/amr_msgs/include/amr_msgs/amr_msgs/srv/add_two_ints.hpp
[0.774s] -- Up-to-date: /home/skytold/workspace/amr_ws/install/amr_msgs/include/amr_msgs/amr_msgs/srv/detail
[0.774s] -- Up-to-date: /home/skytold/workspace/amr_ws/install/amr_msgs/include/amr_msgs/amr_msgs/srv/detail/get_transform__type_support.hpp
[0.774s] -- Up-to-date: /home/skytold/workspace/amr_ws/install/amr_msgs/include/amr_msgs/amr_msgs/srv/detail/get_transform__struct.hpp
[0.774s] -- Up-to-date: /home/skytold/workspace/amr_ws/install/amr_msgs/include/amr_msgs/amr_msgs/srv/detail/get_transform__builder.hpp
[0.774s] -- Up-to-date: /home/skytold/workspace/amr_ws/install/amr_msgs/include/amr_msgs/amr_msgs/srv/detail/add_two_ints__builder.hpp
[0.775s] -- Up-to-date: /home/skytold/workspace/amr_ws/install/amr_msgs/include/amr_msgs/amr_msgs/srv/detail/add_two_ints__struct.hpp
[0.775s] -- Up-to-date: /home/skytold/workspace/amr_ws/install/amr_msgs/include/amr_msgs/amr_msgs/srv/detail/add_two_ints__type_support.hpp
[0.775s] -- Up-to-date: /home/skytold/workspace/amr_ws/install/amr_msgs/include/amr_msgs/amr_msgs/srv/detail/get_transform__traits.hpp
[0.775s] -- Up-to-date: /home/skytold/workspace/amr_ws/install/amr_msgs/include/amr_msgs/amr_msgs/srv/detail/add_two_ints__traits.hpp
[0.775s] -- Up-to-date: /home/skytold/workspace/amr_ws/install/amr_msgs/include/amr_msgs/amr_msgs/srv/get_transform.hpp
[0.775s] -- Up-to-date: /home/skytold/workspace/amr_ws/install/amr_msgs/include/amr_msgs/amr_msgs
[0.775s] -- Up-to-date: /home/skytold/workspace/amr_ws/install/amr_msgs/include/amr_msgs/amr_msgs/msg
[0.775s] -- Up-to-date: /home/skytold/workspace/amr_ws/install/amr_msgs/include/amr_msgs/amr_msgs/msg/rosidl_typesupport_fastrtps_cpp__visibility_control.h
[0.775s] -- Up-to-date: /home/skytold/workspace/amr_ws/install/amr_msgs/include/amr_msgs/amr_msgs/srv
[0.775s] -- Up-to-date: /home/skytold/workspace/amr_ws/install/amr_msgs/include/amr_msgs/amr_msgs/srv/detail
[0.775s] -- Up-to-date: /home/skytold/workspace/amr_ws/install/amr_msgs/include/amr_msgs/amr_msgs/srv/detail/get_transform__rosidl_typesupport_fastrtps_cpp.hpp
[0.776s] -- Up-to-date: /home/skytold/workspace/amr_ws/install/amr_msgs/include/amr_msgs/amr_msgs/srv/detail/add_two_ints__rosidl_typesupport_fastrtps_cpp.hpp
[0.776s] -- Up-to-date: /home/skytold/workspace/amr_ws/install/amr_msgs/include/amr_msgs/amr_msgs/srv/detail/dds_fastrtps
[0.776s] -- Up-to-date: /home/skytold/workspace/amr_ws/install/amr_msgs/lib/libamr_msgs__rosidl_typesupport_fastrtps_cpp.so
[0.776s] -- Up-to-date: /home/skytold/workspace/amr_ws/install/amr_msgs/include/amr_msgs/amr_msgs
[0.776s] -- Up-to-date: /home/skytold/workspace/amr_ws/install/amr_msgs/include/amr_msgs/amr_msgs/msg
[0.776s] -- Up-to-date: /home/skytold/workspace/amr_ws/install/amr_msgs/include/amr_msgs/amr_msgs/msg/rosidl_typesupport_introspection_c__visibility_control.h
[0.776s] -- Up-to-date: /home/skytold/workspace/amr_ws/install/amr_msgs/include/amr_msgs/amr_msgs/srv
[0.776s] -- Up-to-date: /home/skytold/workspace/amr_ws/install/amr_msgs/include/amr_msgs/amr_msgs/srv/detail
[0.776s] -- Up-to-date: /home/skytold/workspace/amr_ws/install/amr_msgs/include/amr_msgs/amr_msgs/srv/detail/get_transform__type_support.c
[0.776s] -- Up-to-date: /home/skytold/workspace/amr_ws/install/amr_msgs/include/amr_msgs/amr_msgs/srv/detail/add_two_ints__type_support.c
[0.776s] -- Up-to-date: /home/skytold/workspace/amr_ws/install/amr_msgs/include/amr_msgs/amr_msgs/srv/detail/get_transform__rosidl_typesupport_introspection_c.h
[0.777s] -- Up-to-date: /home/skytold/workspace/amr_ws/install/amr_msgs/include/amr_msgs/amr_msgs/srv/detail/add_two_ints__rosidl_typesupport_introspection_c.h
[0.777s] -- Up-to-date: /home/skytold/workspace/amr_ws/install/amr_msgs/lib/libamr_msgs__rosidl_typesupport_introspection_c.so
[0.777s] -- Up-to-date: /home/skytold/workspace/amr_ws/install/amr_msgs/lib/libamr_msgs__rosidl_typesupport_c.so
[0.777s] -- Up-to-date: /home/skytold/workspace/amr_ws/install/amr_msgs/include/amr_msgs/amr_msgs
[0.777s] -- Up-to-date: /home/skytold/workspace/amr_ws/install/amr_msgs/include/amr_msgs/amr_msgs/srv
[0.777s] -- Up-to-date: /home/skytold/workspace/amr_ws/install/amr_msgs/include/amr_msgs/amr_msgs/srv/detail
[0.777s] -- Up-to-date: /home/skytold/workspace/amr_ws/install/amr_msgs/include/amr_msgs/amr_msgs/srv/detail/get_transform__type_support.cpp
[0.777s] -- Up-to-date: /home/skytold/workspace/amr_ws/install/amr_msgs/include/amr_msgs/amr_msgs/srv/detail/get_transform__rosidl_typesupport_introspection_cpp.hpp
[0.777s] -- Up-to-date: /home/skytold/workspace/amr_ws/install/amr_msgs/include/amr_msgs/amr_msgs/srv/detail/add_two_ints__rosidl_typesupport_introspection_cpp.hpp
[0.778s] -- Up-to-date: /home/skytold/workspace/amr_ws/install/amr_msgs/include/amr_msgs/amr_msgs/srv/detail/add_two_ints__type_support.cpp
[0.778s] -- Up-to-date: /home/skytold/workspace/amr_ws/install/amr_msgs/lib/libamr_msgs__rosidl_typesupport_introspection_cpp.so
[0.778s] -- Up-to-date: /home/skytold/workspace/amr_ws/install/amr_msgs/lib/libamr_msgs__rosidl_typesupport_cpp.so
[0.778s] -- Up-to-date: /home/skytold/workspace/amr_ws/install/amr_msgs/share/amr_msgs/environment/pythonpath.sh
[0.778s] -- Up-to-date: /home/skytold/workspace/amr_ws/install/amr_msgs/share/amr_msgs/environment/pythonpath.dsv
[0.778s] -- Up-to-date: /home/skytold/workspace/amr_ws/install/amr_msgs/local/lib/python3.10/dist-packages/amr_msgs-0.0.0-py3.10.egg-info
[0.778s] -- Installing: /home/skytold/workspace/amr_ws/install/amr_msgs/local/lib/python3.10/dist-packages/amr_msgs-0.0.0-py3.10.egg-info/PKG-INFO
[0.778s] -- Installing: /home/skytold/workspace/amr_ws/install/amr_msgs/local/lib/python3.10/dist-packages/amr_msgs-0.0.0-py3.10.egg-info/SOURCES.txt
[0.778s] -- Installing: /home/skytold/workspace/amr_ws/install/amr_msgs/local/lib/python3.10/dist-packages/amr_msgs-0.0.0-py3.10.egg-info/dependency_links.txt
[0.778s] -- Installing: /home/skytold/workspace/amr_ws/install/amr_msgs/local/lib/python3.10/dist-packages/amr_msgs-0.0.0-py3.10.egg-info/top_level.txt
[0.778s] -- Up-to-date: /home/skytold/workspace/amr_ws/install/amr_msgs/local/lib/python3.10/dist-packages/amr_msgs
[0.778s] -- Up-to-date: /home/skytold/workspace/amr_ws/install/amr_msgs/local/lib/python3.10/dist-packages/amr_msgs/amr_msgs_s__rosidl_typesupport_fastrtps_c.cpython-310-x86_64-linux-gnu.so
[0.779s] -- Up-to-date: /home/skytold/workspace/amr_ws/install/amr_msgs/local/lib/python3.10/dist-packages/amr_msgs/__init__.py
[0.779s] -- Up-to-date: /home/skytold/workspace/amr_ws/install/amr_msgs/local/lib/python3.10/dist-packages/amr_msgs/_amr_msgs_s.ep.rosidl_typesupport_fastrtps_c.c
[0.779s] -- Up-to-date: /home/skytold/workspace/amr_ws/install/amr_msgs/local/lib/python3.10/dist-packages/amr_msgs/amr_msgs_s__rosidl_typesupport_introspection_c.cpython-310-x86_64-linux-gnu.so
[0.779s] -- Up-to-date: /home/skytold/workspace/amr_ws/install/amr_msgs/local/lib/python3.10/dist-packages/amr_msgs/_amr_msgs_s.ep.rosidl_typesupport_c.c
[0.779s] -- Up-to-date: /home/skytold/workspace/amr_ws/install/amr_msgs/local/lib/python3.10/dist-packages/amr_msgs/_amr_msgs_s.ep.rosidl_typesupport_introspection_c.c
[0.779s] -- Up-to-date: /home/skytold/workspace/amr_ws/install/amr_msgs/local/lib/python3.10/dist-packages/amr_msgs/libamr_msgs__rosidl_generator_py.so
[0.779s] -- Up-to-date: /home/skytold/workspace/amr_ws/install/amr_msgs/local/lib/python3.10/dist-packages/amr_msgs/srv
[0.779s] -- Up-to-date: /home/skytold/workspace/amr_ws/install/amr_msgs/local/lib/python3.10/dist-packages/amr_msgs/srv/_add_two_ints_s.c
[0.779s] -- Up-to-date: /home/skytold/workspace/amr_ws/install/amr_msgs/local/lib/python3.10/dist-packages/amr_msgs/srv/_get_transform_s.c
[0.779s] -- Up-to-date: /home/skytold/workspace/amr_ws/install/amr_msgs/local/lib/python3.10/dist-packages/amr_msgs/srv/__init__.py
[0.779s] -- Up-to-date: /home/skytold/workspace/amr_ws/install/amr_msgs/local/lib/python3.10/dist-packages/amr_msgs/srv/_add_two_ints.py
[0.780s] -- Up-to-date: /home/skytold/workspace/amr_ws/install/amr_msgs/local/lib/python3.10/dist-packages/amr_msgs/srv/_get_transform.py
[0.780s] -- Up-to-date: /home/skytold/workspace/amr_ws/install/amr_msgs/local/lib/python3.10/dist-packages/amr_msgs/amr_msgs_s__rosidl_typesupport_c.cpython-310-x86_64-linux-gnu.so
[0.838s] Listing '/home/skytold/workspace/amr_ws/install/amr_msgs/local/lib/python3.10/dist-packages/amr_msgs'...
[0.839s] Listing '/home/skytold/workspace/amr_ws/install/amr_msgs/local/lib/python3.10/dist-packages/amr_msgs/srv'...
[0.848s] -- Up-to-date: /home/skytold/workspace/amr_ws/install/amr_msgs/local/lib/python3.10/dist-packages/amr_msgs/amr_msgs_s__rosidl_typesupport_fastrtps_c.cpython-310-x86_64-linux-gnu.so
[0.848s] -- Up-to-date: /home/skytold/workspace/amr_ws/install/amr_msgs/local/lib/python3.10/dist-packages/amr_msgs/amr_msgs_s__rosidl_typesupport_introspection_c.cpython-310-x86_64-linux-gnu.so
[0.848s] -- Up-to-date: /home/skytold/workspace/amr_ws/install/amr_msgs/local/lib/python3.10/dist-packages/amr_msgs/amr_msgs_s__rosidl_typesupport_c.cpython-310-x86_64-linux-gnu.so
[0.849s] -- Up-to-date: /home/skytold/workspace/amr_ws/install/amr_msgs/lib/libamr_msgs__rosidl_generator_py.so
[0.849s] -- Up-to-date: /home/skytold/workspace/amr_ws/install/amr_msgs/share/amr_msgs/srv/AddTwoInts.idl
[0.849s] -- Up-to-date: /home/skytold/workspace/amr_ws/install/amr_msgs/share/amr_msgs/srv/GetTransform.idl
[0.849s] -- Up-to-date: /home/skytold/workspace/amr_ws/install/amr_msgs/share/amr_msgs/srv/AddTwoInts.srv
[0.850s] -- Up-to-date: /home/skytold/workspace/amr_ws/install/amr_msgs/share/amr_msgs/srv/AddTwoInts_Request.msg
[0.850s] -- Up-to-date: /home/skytold/workspace/amr_ws/install/amr_msgs/share/amr_msgs/srv/AddTwoInts_Response.msg
[0.850s] -- Up-to-date: /home/skytold/workspace/amr_ws/install/amr_msgs/share/amr_msgs/srv/GetTransform.srv
[0.850s] -- Up-to-date: /home/skytold/workspace/amr_ws/install/amr_msgs/share/amr_msgs/srv/GetTransform_Request.msg
[0.850s] -- Up-to-date: /home/skytold/workspace/amr_ws/install/amr_msgs/share/amr_msgs/srv/GetTransform_Response.msg
[0.851s] -- Up-to-date: /home/skytold/workspace/amr_ws/install/amr_msgs/share/ament_index/resource_index/package_run_dependencies/amr_msgs
[0.851s] -- Up-to-date: /home/skytold/workspace/amr_ws/install/amr_msgs/share/ament_index/resource_index/parent_prefix_path/amr_msgs
[0.851s] -- Up-to-date: /home/skytold/workspace/amr_ws/install/amr_msgs/share/amr_msgs/environment/ament_prefix_path.sh
[0.851s] -- Up-to-date: /home/skytold/workspace/amr_ws/install/amr_msgs/share/amr_msgs/environment/ament_prefix_path.dsv
[0.851s] -- Up-to-date: /home/skytold/workspace/amr_ws/install/amr_msgs/share/amr_msgs/environment/path.sh
[0.851s] -- Up-to-date: /home/skytold/workspace/amr_ws/install/amr_msgs/share/amr_msgs/environment/path.dsv
[0.851s] -- Up-to-date: /home/skytold/workspace/amr_ws/install/amr_msgs/share/amr_msgs/local_setup.bash
[0.852s] -- Up-to-date: /home/skytold/workspace/amr_ws/install/amr_msgs/share/amr_msgs/local_setup.sh
[0.852s] -- Up-to-date: /home/skytold/workspace/amr_ws/install/amr_msgs/share/amr_msgs/local_setup.zsh
[0.852s] -- Up-to-date: /home/skytold/workspace/amr_ws/install/amr_msgs/share/amr_msgs/local_setup.dsv
[0.852s] -- Installing: /home/skytold/workspace/amr_ws/install/amr_msgs/share/amr_msgs/package.dsv
[0.852s] -- Up-to-date: /home/skytold/workspace/amr_ws/install/amr_msgs/share/ament_index/resource_index/packages/amr_msgs
[0.852s] -- Up-to-date: /home/skytold/workspace/amr_ws/install/amr_msgs/share/amr_msgs/cmake/export_amr_msgs__rosidl_generator_cExport.cmake
[0.852s] -- Up-to-date: /home/skytold/workspace/amr_ws/install/amr_msgs/share/amr_msgs/cmake/export_amr_msgs__rosidl_generator_cExport-noconfig.cmake
[0.852s] -- Up-to-date: /home/skytold/workspace/amr_ws/install/amr_msgs/share/amr_msgs/cmake/export_amr_msgs__rosidl_typesupport_fastrtps_cExport.cmake
[0.852s] -- Up-to-date: /home/skytold/workspace/amr_ws/install/amr_msgs/share/amr_msgs/cmake/export_amr_msgs__rosidl_typesupport_fastrtps_cExport-noconfig.cmake
[0.853s] -- Up-to-date: /home/skytold/workspace/amr_ws/install/amr_msgs/share/amr_msgs/cmake/export_amr_msgs__rosidl_generator_cppExport.cmake
[0.853s] -- Up-to-date: /home/skytold/workspace/amr_ws/install/amr_msgs/share/amr_msgs/cmake/export_amr_msgs__rosidl_typesupport_fastrtps_cppExport.cmake
[0.853s] -- Up-to-date: /home/skytold/workspace/amr_ws/install/amr_msgs/share/amr_msgs/cmake/export_amr_msgs__rosidl_typesupport_fastrtps_cppExport-noconfig.cmake
[0.853s] -- Up-to-date: /home/skytold/workspace/amr_ws/install/amr_msgs/share/amr_msgs/cmake/amr_msgs__rosidl_typesupport_introspection_cExport.cmake
[0.853s] -- Up-to-date: /home/skytold/workspace/amr_ws/install/amr_msgs/share/amr_msgs/cmake/amr_msgs__rosidl_typesupport_introspection_cExport-noconfig.cmake
[0.853s] -- Up-to-date: /home/skytold/workspace/amr_ws/install/amr_msgs/share/amr_msgs/cmake/amr_msgs__rosidl_typesupport_cExport.cmake
[0.854s] -- Up-to-date: /home/skytold/workspace/amr_ws/install/amr_msgs/share/amr_msgs/cmake/amr_msgs__rosidl_typesupport_cExport-noconfig.cmake
[0.854s] -- Up-to-date: /home/skytold/workspace/amr_ws/install/amr_msgs/share/amr_msgs/cmake/amr_msgs__rosidl_typesupport_introspection_cppExport.cmake
[0.854s] -- Up-to-date: /home/skytold/workspace/amr_ws/install/amr_msgs/share/amr_msgs/cmake/amr_msgs__rosidl_typesupport_introspection_cppExport-noconfig.cmake
[0.854s] -- Up-to-date: /home/skytold/workspace/amr_ws/install/amr_msgs/share/amr_msgs/cmake/amr_msgs__rosidl_typesupport_cppExport.cmake
[0.854s] -- Up-to-date: /home/skytold/workspace/amr_ws/install/amr_msgs/share/amr_msgs/cmake/amr_msgs__rosidl_typesupport_cppExport-noconfig.cmake
[0.854s] -- Up-to-date: /home/skytold/workspace/amr_ws/install/amr_msgs/share/amr_msgs/cmake/export_amr_msgs__rosidl_generator_pyExport.cmake
[0.854s] -- Up-to-date: /home/skytold/workspace/amr_ws/install/amr_msgs/share/amr_msgs/cmake/export_amr_msgs__rosidl_generator_pyExport-noconfig.cmake
[0.854s] -- Up-to-date: /home/skytold/workspace/amr_ws/install/amr_msgs/share/amr_msgs/cmake/rosidl_cmake-extras.cmake
[0.854s] -- Up-to-date: /home/skytold/workspace/amr_ws/install/amr_msgs/share/amr_msgs/cmake/ament_cmake_export_dependencies-extras.cmake
[0.854s] -- Up-to-date: /home/skytold/workspace/amr_ws/install/amr_msgs/share/amr_msgs/cmake/ament_cmake_export_include_directories-extras.cmake
[0.855s] -- Up-to-date: /home/skytold/workspace/amr_ws/install/amr_msgs/share/amr_msgs/cmake/ament_cmake_export_libraries-extras.cmake
[0.855s] -- Up-to-date: /home/skytold/workspace/amr_ws/install/amr_msgs/share/amr_msgs/cmake/ament_cmake_export_targets-extras.cmake
[0.855s] -- Up-to-date: /home/skytold/workspace/amr_ws/install/amr_msgs/share/amr_msgs/cmake/rosidl_cmake_export_typesupport_targets-extras.cmake
[0.855s] -- Up-to-date: /home/skytold/workspace/amr_ws/install/amr_msgs/share/amr_msgs/cmake/rosidl_cmake_export_typesupport_libraries-extras.cmake
[0.855s] -- Up-to-date: /home/skytold/workspace/amr_ws/install/amr_msgs/share/amr_msgs/cmake/amr_msgsConfig.cmake
[0.855s] -- Up-to-date: /home/skytold/workspace/amr_ws/install/amr_msgs/share/amr_msgs/cmake/amr_msgsConfig-version.cmake
[0.855s] -- Up-to-date: /home/skytold/workspace/amr_ws/install/amr_msgs/share/amr_msgs/package.xml
[0.875s] Invoked command in '/home/skytold/workspace/amr_ws/build/amr_msgs' returned '0': CMAKE_PREFIX_PATH=${CMAKE_PREFIX_PATH}:/home/skytold/workspace/amr_ws/install/amr_py_examples:/opt/ros/humble /usr/bin/cmake --install /home/skytold/workspace/amr_ws/build/amr_msgs
