[0.359s] DEBUG:colcon:Command line arguments: ['/usr/bin/colcon', 'build']
[0.359s] DEBUG:colcon:Parsed command line arguments: Namespace(log_base=None, log_level=None, verb_name='build', build_base='build', install_base='install', merge_install=False, symlink_install=False, test_result_base=None, continue_on_error=False, executor='parallel', parallel_workers=20, event_handlers=None, ignore_user_meta=False, metas=['./colcon.meta'], base_paths=['.'], packages_ignore=None, packages_ignore_regex=None, paths=None, packages_up_to=None, packages_up_to_regex=None, packages_above=None, packages_above_and_dependencies=None, packages_above_depth=None, packages_select_by_dep=None, packages_skip_by_dep=None, packages_skip_up_to=None, packages_select_build_failed=False, packages_skip_build_finished=False, packages_select_test_failures=False, packages_skip_test_passed=False, packages_select=None, packages_skip=None, packages_select_regex=None, packages_skip_regex=None, packages_start=None, packages_end=None, allow_overriding=[], cmake_args=None, cmake_target=None, cmake_target_skip_unavailable=False, cmake_clean_cache=False, cmake_clean_first=False, cmake_force_configure=False, ament_cmake_args=None, catkin_cmake_args=None, catkin_skip_building_tests=False, mixin_files=None, mixin=None, verb_parser=<colcon_mixin.mixin.mixin_argument.MixinArgumentDecorator object at 0x74d8c8eb9e70>, verb_extension=<colcon_core.verb.build.BuildVerb object at 0x74d8c8fcad70>, main=<bound method BuildVerb.main of <colcon_core.verb.build.BuildVerb object at 0x74d8c8fcad70>>, mixin_verb=('build',))
[0.687s] Level 1:colcon.colcon_core.package_discovery:discover_packages(colcon_meta) check parameters
[0.687s] Level 1:colcon.colcon_core.package_discovery:discover_packages(recursive) check parameters
[0.687s] Level 1:colcon.colcon_core.package_discovery:discover_packages(ignore) check parameters
[0.687s] Level 1:colcon.colcon_core.package_discovery:discover_packages(path) check parameters
[0.687s] Level 1:colcon.colcon_core.package_discovery:discover_packages(colcon_meta) discover
[0.687s] Level 1:colcon.colcon_core.package_discovery:discover_packages(recursive) discover
[0.688s] INFO:colcon.colcon_core.package_discovery:Crawling recursively for packages in '/home/skytold/workspace/amr_ws'
[0.688s] Level 1:colcon.colcon_core.package_identification:_identify(.) by extensions ['ignore', 'ignore_ament_install']
[0.688s] Level 1:colcon.colcon_core.package_identification:_identify(.) by extension 'ignore'
[0.688s] Level 1:colcon.colcon_core.package_identification:_identify(.) by extension 'ignore_ament_install'
[0.688s] Level 1:colcon.colcon_core.package_identification:_identify(.) by extensions ['colcon_pkg']
[0.688s] Level 1:colcon.colcon_core.package_identification:_identify(.) by extension 'colcon_pkg'
[0.688s] Level 1:colcon.colcon_core.package_identification:_identify(.) by extensions ['colcon_meta']
[0.688s] Level 1:colcon.colcon_core.package_identification:_identify(.) by extension 'colcon_meta'
[0.688s] Level 1:colcon.colcon_core.package_identification:_identify(.) by extensions ['ros']
[0.689s] Level 1:colcon.colcon_core.package_identification:_identify(.) by extension 'ros'
[0.709s] Level 1:colcon.colcon_core.package_identification:_identify(.) by extensions ['cmake', 'python']
[0.709s] Level 1:colcon.colcon_core.package_identification:_identify(.) by extension 'cmake'
[0.709s] Level 1:colcon.colcon_core.package_identification:_identify(.) by extension 'python'
[0.709s] Level 1:colcon.colcon_core.package_identification:_identify(.) by extensions ['python_setup_py']
[0.709s] Level 1:colcon.colcon_core.package_identification:_identify(.) by extension 'python_setup_py'
[0.709s] Level 1:colcon.colcon_core.package_identification:_identify(build) by extensions ['ignore', 'ignore_ament_install']
[0.710s] Level 1:colcon.colcon_core.package_identification:_identify(build) by extension 'ignore'
[0.710s] Level 1:colcon.colcon_core.package_identification:_identify(build) ignored
[0.710s] Level 1:colcon.colcon_core.package_identification:_identify(install) by extensions ['ignore', 'ignore_ament_install']
[0.710s] Level 1:colcon.colcon_core.package_identification:_identify(install) by extension 'ignore'
[0.710s] Level 1:colcon.colcon_core.package_identification:_identify(install) ignored
[0.710s] Level 1:colcon.colcon_core.package_identification:_identify(log) by extensions ['ignore', 'ignore_ament_install']
[0.710s] Level 1:colcon.colcon_core.package_identification:_identify(log) by extension 'ignore'
[0.710s] Level 1:colcon.colcon_core.package_identification:_identify(log) ignored
[0.710s] Level 1:colcon.colcon_core.package_identification:_identify(src) by extensions ['ignore', 'ignore_ament_install']
[0.710s] Level 1:colcon.colcon_core.package_identification:_identify(src) by extension 'ignore'
[0.710s] Level 1:colcon.colcon_core.package_identification:_identify(src) by extension 'ignore_ament_install'
[0.710s] Level 1:colcon.colcon_core.package_identification:_identify(src) by extensions ['colcon_pkg']
[0.711s] Level 1:colcon.colcon_core.package_identification:_identify(src) by extension 'colcon_pkg'
[0.711s] Level 1:colcon.colcon_core.package_identification:_identify(src) by extensions ['colcon_meta']
[0.711s] Level 1:colcon.colcon_core.package_identification:_identify(src) by extension 'colcon_meta'
[0.711s] Level 1:colcon.colcon_core.package_identification:_identify(src) by extensions ['ros']
[0.711s] Level 1:colcon.colcon_core.package_identification:_identify(src) by extension 'ros'
[0.711s] Level 1:colcon.colcon_core.package_identification:_identify(src) by extensions ['cmake', 'python']
[0.711s] Level 1:colcon.colcon_core.package_identification:_identify(src) by extension 'cmake'
[0.711s] Level 1:colcon.colcon_core.package_identification:_identify(src) by extension 'python'
[0.711s] Level 1:colcon.colcon_core.package_identification:_identify(src) by extensions ['python_setup_py']
[0.711s] Level 1:colcon.colcon_core.package_identification:_identify(src) by extension 'python_setup_py'
[0.711s] Level 1:colcon.colcon_core.package_identification:_identify(src/amr_controller) by extensions ['ignore', 'ignore_ament_install']
[0.711s] Level 1:colcon.colcon_core.package_identification:_identify(src/amr_controller) by extension 'ignore'
[0.711s] Level 1:colcon.colcon_core.package_identification:_identify(src/amr_controller) by extension 'ignore_ament_install'
[0.711s] Level 1:colcon.colcon_core.package_identification:_identify(src/amr_controller) by extensions ['colcon_pkg']
[0.711s] Level 1:colcon.colcon_core.package_identification:_identify(src/amr_controller) by extension 'colcon_pkg'
[0.711s] Level 1:colcon.colcon_core.package_identification:_identify(src/amr_controller) by extensions ['colcon_meta']
[0.711s] Level 1:colcon.colcon_core.package_identification:_identify(src/amr_controller) by extension 'colcon_meta'
[0.711s] Level 1:colcon.colcon_core.package_identification:_identify(src/amr_controller) by extensions ['ros']
[0.711s] Level 1:colcon.colcon_core.package_identification:_identify(src/amr_controller) by extension 'ros'
[0.716s] DEBUG:colcon.colcon_core.package_identification:Package 'src/amr_controller' with type 'ros.ament_cmake' and name 'amr_controller'
[0.716s] Level 1:colcon.colcon_core.package_identification:_identify(src/amr_cpp_examples) by extensions ['ignore', 'ignore_ament_install']
[0.717s] Level 1:colcon.colcon_core.package_identification:_identify(src/amr_cpp_examples) by extension 'ignore'
[0.717s] Level 1:colcon.colcon_core.package_identification:_identify(src/amr_cpp_examples) by extension 'ignore_ament_install'
[0.717s] Level 1:colcon.colcon_core.package_identification:_identify(src/amr_cpp_examples) by extensions ['colcon_pkg']
[0.717s] Level 1:colcon.colcon_core.package_identification:_identify(src/amr_cpp_examples) by extension 'colcon_pkg'
[0.717s] Level 1:colcon.colcon_core.package_identification:_identify(src/amr_cpp_examples) by extensions ['colcon_meta']
[0.717s] Level 1:colcon.colcon_core.package_identification:_identify(src/amr_cpp_examples) by extension 'colcon_meta'
[0.717s] Level 1:colcon.colcon_core.package_identification:_identify(src/amr_cpp_examples) by extensions ['ros']
[0.717s] Level 1:colcon.colcon_core.package_identification:_identify(src/amr_cpp_examples) by extension 'ros'
[0.718s] DEBUG:colcon.colcon_core.package_identification:Package 'src/amr_cpp_examples' with type 'ros.ament_cmake' and name 'amr_cpp_examples'
[0.718s] Level 1:colcon.colcon_core.package_identification:_identify(src/amr_description) by extensions ['ignore', 'ignore_ament_install']
[0.718s] Level 1:colcon.colcon_core.package_identification:_identify(src/amr_description) by extension 'ignore'
[0.718s] Level 1:colcon.colcon_core.package_identification:_identify(src/amr_description) by extension 'ignore_ament_install'
[0.718s] Level 1:colcon.colcon_core.package_identification:_identify(src/amr_description) by extensions ['colcon_pkg']
[0.718s] Level 1:colcon.colcon_core.package_identification:_identify(src/amr_description) by extension 'colcon_pkg'
[0.719s] Level 1:colcon.colcon_core.package_identification:_identify(src/amr_description) by extensions ['colcon_meta']
[0.719s] Level 1:colcon.colcon_core.package_identification:_identify(src/amr_description) by extension 'colcon_meta'
[0.719s] Level 1:colcon.colcon_core.package_identification:_identify(src/amr_description) by extensions ['ros']
[0.719s] Level 1:colcon.colcon_core.package_identification:_identify(src/amr_description) by extension 'ros'
[0.722s] DEBUG:colcon.colcon_core.package_identification:Package 'src/amr_description' with type 'ros.ament_cmake' and name 'amr_description'
[0.722s] Level 1:colcon.colcon_core.package_identification:_identify(src/amr_py_examples) by extensions ['ignore', 'ignore_ament_install']
[0.722s] Level 1:colcon.colcon_core.package_identification:_identify(src/amr_py_examples) by extension 'ignore'
[0.722s] Level 1:colcon.colcon_core.package_identification:_identify(src/amr_py_examples) by extension 'ignore_ament_install'
[0.722s] Level 1:colcon.colcon_core.package_identification:_identify(src/amr_py_examples) by extensions ['colcon_pkg']
[0.722s] Level 1:colcon.colcon_core.package_identification:_identify(src/amr_py_examples) by extension 'colcon_pkg'
[0.722s] Level 1:colcon.colcon_core.package_identification:_identify(src/amr_py_examples) by extensions ['colcon_meta']
[0.722s] Level 1:colcon.colcon_core.package_identification:_identify(src/amr_py_examples) by extension 'colcon_meta'
[0.722s] Level 1:colcon.colcon_core.package_identification:_identify(src/amr_py_examples) by extensions ['ros']
[0.722s] Level 1:colcon.colcon_core.package_identification:_identify(src/amr_py_examples) by extension 'ros'
[0.723s] DEBUG:colcon.colcon_core.package_identification:Package 'src/amr_py_examples' with type 'ros.ament_python' and name 'amr_py_examples'
[0.723s] Level 1:colcon.colcon_core.package_discovery:discover_packages(recursive) using defaults
[0.723s] Level 1:colcon.colcon_core.package_discovery:discover_packages(ignore) discover
[0.723s] Level 1:colcon.colcon_core.package_discovery:discover_packages(ignore) using defaults
[0.723s] Level 1:colcon.colcon_core.package_discovery:discover_packages(path) discover
[0.723s] Level 1:colcon.colcon_core.package_discovery:discover_packages(path) using defaults
[0.774s] Level 1:colcon.colcon_core.package_discovery:discover_packages(prefix_path) check parameters
[0.775s] Level 1:colcon.colcon_core.package_discovery:discover_packages(prefix_path) discover
[0.778s] DEBUG:colcon.colcon_installed_package_information.package_discovery:Found 4 installed packages in /home/skytold/workspace/amr_ws/install
[0.781s] DEBUG:colcon.colcon_installed_package_information.package_discovery:Found 380 installed packages in /opt/ros/humble
[0.783s] Level 1:colcon.colcon_core.package_discovery:discover_packages(prefix_path) using defaults
[0.835s] Level 5:colcon.colcon_core.verb:set package 'amr_controller' build argument 'cmake_args' from command line to 'None'
[0.835s] Level 5:colcon.colcon_core.verb:set package 'amr_controller' build argument 'cmake_target' from command line to 'None'
[0.835s] Level 5:colcon.colcon_core.verb:set package 'amr_controller' build argument 'cmake_target_skip_unavailable' from command line to 'False'
[0.835s] Level 5:colcon.colcon_core.verb:set package 'amr_controller' build argument 'cmake_clean_cache' from command line to 'False'
[0.835s] Level 5:colcon.colcon_core.verb:set package 'amr_controller' build argument 'cmake_clean_first' from command line to 'False'
[0.835s] Level 5:colcon.colcon_core.verb:set package 'amr_controller' build argument 'cmake_force_configure' from command line to 'False'
[0.835s] Level 5:colcon.colcon_core.verb:set package 'amr_controller' build argument 'ament_cmake_args' from command line to 'None'
[0.835s] Level 5:colcon.colcon_core.verb:set package 'amr_controller' build argument 'catkin_cmake_args' from command line to 'None'
[0.835s] Level 5:colcon.colcon_core.verb:set package 'amr_controller' build argument 'catkin_skip_building_tests' from command line to 'False'
[0.835s] DEBUG:colcon.colcon_core.verb:Building package 'amr_controller' with the following arguments: {'ament_cmake_args': None, 'build_base': '/home/skytold/workspace/amr_ws/build/amr_controller', 'catkin_cmake_args': None, 'catkin_skip_building_tests': False, 'cmake_args': None, 'cmake_clean_cache': False, 'cmake_clean_first': False, 'cmake_force_configure': False, 'cmake_target': None, 'cmake_target_skip_unavailable': False, 'install_base': '/home/skytold/workspace/amr_ws/install/amr_controller', 'merge_install': False, 'path': '/home/skytold/workspace/amr_ws/src/amr_controller', 'symlink_install': False, 'test_result_base': None}
[0.836s] Level 5:colcon.colcon_core.verb:set package 'amr_cpp_examples' build argument 'cmake_args' from command line to 'None'
[0.836s] Level 5:colcon.colcon_core.verb:set package 'amr_cpp_examples' build argument 'cmake_target' from command line to 'None'
[0.836s] Level 5:colcon.colcon_core.verb:set package 'amr_cpp_examples' build argument 'cmake_target_skip_unavailable' from command line to 'False'
[0.836s] Level 5:colcon.colcon_core.verb:set package 'amr_cpp_examples' build argument 'cmake_clean_cache' from command line to 'False'
[0.836s] Level 5:colcon.colcon_core.verb:set package 'amr_cpp_examples' build argument 'cmake_clean_first' from command line to 'False'
[0.836s] Level 5:colcon.colcon_core.verb:set package 'amr_cpp_examples' build argument 'cmake_force_configure' from command line to 'False'
[0.836s] Level 5:colcon.colcon_core.verb:set package 'amr_cpp_examples' build argument 'ament_cmake_args' from command line to 'None'
[0.836s] Level 5:colcon.colcon_core.verb:set package 'amr_cpp_examples' build argument 'catkin_cmake_args' from command line to 'None'
[0.836s] Level 5:colcon.colcon_core.verb:set package 'amr_cpp_examples' build argument 'catkin_skip_building_tests' from command line to 'False'
[0.836s] DEBUG:colcon.colcon_core.verb:Building package 'amr_cpp_examples' with the following arguments: {'ament_cmake_args': None, 'build_base': '/home/skytold/workspace/amr_ws/build/amr_cpp_examples', 'catkin_cmake_args': None, 'catkin_skip_building_tests': False, 'cmake_args': None, 'cmake_clean_cache': False, 'cmake_clean_first': False, 'cmake_force_configure': False, 'cmake_target': None, 'cmake_target_skip_unavailable': False, 'install_base': '/home/skytold/workspace/amr_ws/install/amr_cpp_examples', 'merge_install': False, 'path': '/home/skytold/workspace/amr_ws/src/amr_cpp_examples', 'symlink_install': False, 'test_result_base': None}
[0.836s] Level 5:colcon.colcon_core.verb:set package 'amr_description' build argument 'cmake_args' from command line to 'None'
[0.836s] Level 5:colcon.colcon_core.verb:set package 'amr_description' build argument 'cmake_target' from command line to 'None'
[0.836s] Level 5:colcon.colcon_core.verb:set package 'amr_description' build argument 'cmake_target_skip_unavailable' from command line to 'False'
[0.836s] Level 5:colcon.colcon_core.verb:set package 'amr_description' build argument 'cmake_clean_cache' from command line to 'False'
[0.836s] Level 5:colcon.colcon_core.verb:set package 'amr_description' build argument 'cmake_clean_first' from command line to 'False'
[0.836s] Level 5:colcon.colcon_core.verb:set package 'amr_description' build argument 'cmake_force_configure' from command line to 'False'
[0.836s] Level 5:colcon.colcon_core.verb:set package 'amr_description' build argument 'ament_cmake_args' from command line to 'None'
[0.836s] Level 5:colcon.colcon_core.verb:set package 'amr_description' build argument 'catkin_cmake_args' from command line to 'None'
[0.836s] Level 5:colcon.colcon_core.verb:set package 'amr_description' build argument 'catkin_skip_building_tests' from command line to 'False'
[0.836s] DEBUG:colcon.colcon_core.verb:Building package 'amr_description' with the following arguments: {'ament_cmake_args': None, 'build_base': '/home/skytold/workspace/amr_ws/build/amr_description', 'catkin_cmake_args': None, 'catkin_skip_building_tests': False, 'cmake_args': None, 'cmake_clean_cache': False, 'cmake_clean_first': False, 'cmake_force_configure': False, 'cmake_target': None, 'cmake_target_skip_unavailable': False, 'install_base': '/home/skytold/workspace/amr_ws/install/amr_description', 'merge_install': False, 'path': '/home/skytold/workspace/amr_ws/src/amr_description', 'symlink_install': False, 'test_result_base': None}
[0.837s] Level 5:colcon.colcon_core.verb:set package 'amr_py_examples' build argument 'cmake_args' from command line to 'None'
[0.837s] Level 5:colcon.colcon_core.verb:set package 'amr_py_examples' build argument 'cmake_target' from command line to 'None'
[0.837s] Level 5:colcon.colcon_core.verb:set package 'amr_py_examples' build argument 'cmake_target_skip_unavailable' from command line to 'False'
[0.837s] Level 5:colcon.colcon_core.verb:set package 'amr_py_examples' build argument 'cmake_clean_cache' from command line to 'False'
[0.837s] Level 5:colcon.colcon_core.verb:set package 'amr_py_examples' build argument 'cmake_clean_first' from command line to 'False'
[0.837s] Level 5:colcon.colcon_core.verb:set package 'amr_py_examples' build argument 'cmake_force_configure' from command line to 'False'
[0.837s] Level 5:colcon.colcon_core.verb:set package 'amr_py_examples' build argument 'ament_cmake_args' from command line to 'None'
[0.837s] Level 5:colcon.colcon_core.verb:set package 'amr_py_examples' build argument 'catkin_cmake_args' from command line to 'None'
[0.837s] Level 5:colcon.colcon_core.verb:set package 'amr_py_examples' build argument 'catkin_skip_building_tests' from command line to 'False'
[0.837s] DEBUG:colcon.colcon_core.verb:Building package 'amr_py_examples' with the following arguments: {'ament_cmake_args': None, 'build_base': '/home/skytold/workspace/amr_ws/build/amr_py_examples', 'catkin_cmake_args': None, 'catkin_skip_building_tests': False, 'cmake_args': None, 'cmake_clean_cache': False, 'cmake_clean_first': False, 'cmake_force_configure': False, 'cmake_target': None, 'cmake_target_skip_unavailable': False, 'install_base': '/home/skytold/workspace/amr_ws/install/amr_py_examples', 'merge_install': False, 'path': '/home/skytold/workspace/amr_ws/src/amr_py_examples', 'symlink_install': False, 'test_result_base': None}
[0.837s] INFO:colcon.colcon_core.executor:Executing jobs using 'parallel' executor
[0.838s] DEBUG:colcon.colcon_parallel_executor.executor.parallel:run_until_complete
[0.839s] INFO:colcon.colcon_ros.task.ament_cmake.build:Building ROS package in '/home/skytold/workspace/amr_ws/src/amr_controller' with build type 'ament_cmake'
[0.839s] INFO:colcon.colcon_cmake.task.cmake.build:Building CMake package in '/home/skytold/workspace/amr_ws/src/amr_controller'
[0.843s] INFO:colcon.colcon_core.plugin_system:Skipping extension 'colcon_core.shell.bat': Not used on non-Windows systems
[0.843s] INFO:colcon.colcon_core.shell:Skip shell extension 'powershell' for command environment: Not usable outside of PowerShell
[0.843s] DEBUG:colcon.colcon_core.shell:Skip shell extension 'dsv' for command environment
[0.849s] INFO:colcon.colcon_ros.task.ament_cmake.build:Building ROS package in '/home/skytold/workspace/amr_ws/src/amr_cpp_examples' with build type 'ament_cmake'
[0.849s] INFO:colcon.colcon_cmake.task.cmake.build:Building CMake package in '/home/skytold/workspace/amr_ws/src/amr_cpp_examples'
[0.850s] INFO:colcon.colcon_core.shell:Skip shell extension 'powershell' for command environment: Not usable outside of PowerShell
[0.850s] DEBUG:colcon.colcon_core.shell:Skip shell extension 'dsv' for command environment
[0.854s] INFO:colcon.colcon_ros.task.ament_cmake.build:Building ROS package in '/home/skytold/workspace/amr_ws/src/amr_description' with build type 'ament_cmake'
[0.854s] INFO:colcon.colcon_cmake.task.cmake.build:Building CMake package in '/home/skytold/workspace/amr_ws/src/amr_description'
[0.855s] INFO:colcon.colcon_core.shell:Skip shell extension 'powershell' for command environment: Not usable outside of PowerShell
[0.855s] DEBUG:colcon.colcon_core.shell:Skip shell extension 'dsv' for command environment
[0.859s] INFO:colcon.colcon_ros.task.ament_python.build:Building ROS package in '/home/skytold/workspace/amr_ws/src/amr_py_examples' with build type 'ament_python'
[0.859s] Level 1:colcon.colcon_core.shell:create_environment_hook('amr_py_examples', 'ament_prefix_path')
[0.860s] INFO:colcon.colcon_core.shell:Creating environment hook '/home/skytold/workspace/amr_ws/install/amr_py_examples/share/amr_py_examples/hook/ament_prefix_path.ps1'
[0.861s] INFO:colcon.colcon_core.shell:Creating environment descriptor '/home/skytold/workspace/amr_ws/install/amr_py_examples/share/amr_py_examples/hook/ament_prefix_path.dsv'
[0.862s] INFO:colcon.colcon_core.shell:Creating environment hook '/home/skytold/workspace/amr_ws/install/amr_py_examples/share/amr_py_examples/hook/ament_prefix_path.sh'
[0.863s] INFO:colcon.colcon_core.shell:Skip shell extension 'powershell' for command environment: Not usable outside of PowerShell
[0.863s] DEBUG:colcon.colcon_core.shell:Skip shell extension 'dsv' for command environment
[0.873s] DEBUG:colcon.colcon_core.event_handler.log_command:Invoking command in '/home/skytold/workspace/amr_ws/build/amr_controller': CMAKE_PREFIX_PATH=${CMAKE_PREFIX_PATH}:/home/skytold/workspace/amr_ws/install/amr_py_examples:/opt/ros/humble /usr/bin/cmake --build /home/skytold/workspace/amr_ws/build/amr_controller -- -j20 -l20
[0.882s] DEBUG:colcon.colcon_core.event_handler.log_command:Invoking command in '/home/skytold/workspace/amr_ws/build/amr_cpp_examples': CMAKE_PREFIX_PATH=${CMAKE_PREFIX_PATH}:/home/skytold/workspace/amr_ws/install/amr_py_examples:/opt/ros/humble /usr/bin/cmake --build /home/skytold/workspace/amr_ws/build/amr_cpp_examples -- -j20 -l20
[0.888s] DEBUG:colcon.colcon_core.event_handler.log_command:Invoking command in '/home/skytold/workspace/amr_ws/build/amr_description': CMAKE_PREFIX_PATH=${CMAKE_PREFIX_PATH}:/home/skytold/workspace/amr_ws/install/amr_py_examples:/opt/ros/humble /usr/bin/cmake --build /home/skytold/workspace/amr_ws/build/amr_description -- -j20 -l20
[1.358s] INFO:colcon.colcon_core.task.python.build:Building Python package in '/home/skytold/workspace/amr_ws/src/amr_py_examples'
[1.358s] INFO:colcon.colcon_core.shell:Skip shell extension 'powershell' for command environment: Not usable outside of PowerShell
[1.358s] DEBUG:colcon.colcon_core.shell:Skip shell extension 'dsv' for command environment
[1.368s] DEBUG:colcon.colcon_core.event_handler.log_command:Invoked command in '/home/skytold/workspace/amr_ws/build/amr_description' returned '0': CMAKE_PREFIX_PATH=${CMAKE_PREFIX_PATH}:/home/skytold/workspace/amr_ws/install/amr_py_examples:/opt/ros/humble /usr/bin/cmake --build /home/skytold/workspace/amr_ws/build/amr_description -- -j20 -l20
[1.386s] DEBUG:colcon.colcon_core.event_handler.log_command:Invoking command in '/home/skytold/workspace/amr_ws/build/amr_description': CMAKE_PREFIX_PATH=${CMAKE_PREFIX_PATH}:/home/skytold/workspace/amr_ws/install/amr_py_examples:/opt/ros/humble /usr/bin/cmake --install /home/skytold/workspace/amr_ws/build/amr_description
[1.386s] DEBUG:colcon.colcon_core.event_handler.log_command:Invoked command in '/home/skytold/workspace/amr_ws/build/amr_cpp_examples' returned '0': CMAKE_PREFIX_PATH=${CMAKE_PREFIX_PATH}:/home/skytold/workspace/amr_ws/install/amr_py_examples:/opt/ros/humble /usr/bin/cmake --build /home/skytold/workspace/amr_ws/build/amr_cpp_examples -- -j20 -l20
[1.389s] DEBUG:colcon.colcon_core.event_handler.log_command:Invoking command in '/home/skytold/workspace/amr_ws/build/amr_cpp_examples': CMAKE_PREFIX_PATH=${CMAKE_PREFIX_PATH}:/home/skytold/workspace/amr_ws/install/amr_py_examples:/opt/ros/humble /usr/bin/cmake --install /home/skytold/workspace/amr_ws/build/amr_cpp_examples
[1.405s] Level 1:colcon.colcon_core.environment:create_environment_scripts_only(amr_description)
[1.407s] DEBUG:colcon.colcon_core.event_handler.log_command:Invoked command in '/home/skytold/workspace/amr_ws/build/amr_description' returned '0': CMAKE_PREFIX_PATH=${CMAKE_PREFIX_PATH}:/home/skytold/workspace/amr_ws/install/amr_py_examples:/opt/ros/humble /usr/bin/cmake --install /home/skytold/workspace/amr_ws/build/amr_description
[1.419s] Level 1:colcon.colcon_core.environment:checking '/home/skytold/workspace/amr_ws/install/amr_description' for CMake module files
[1.420s] Level 1:colcon.colcon_core.environment:checking '/home/skytold/workspace/amr_ws/install/amr_description' for CMake config files
[1.421s] Level 1:colcon.colcon_core.shell:create_environment_hook('amr_description', 'cmake_prefix_path')
[1.422s] INFO:colcon.colcon_core.shell:Creating environment hook '/home/skytold/workspace/amr_ws/install/amr_description/share/amr_description/hook/cmake_prefix_path.ps1'
[1.423s] INFO:colcon.colcon_core.shell:Creating environment descriptor '/home/skytold/workspace/amr_ws/install/amr_description/share/amr_description/hook/cmake_prefix_path.dsv'
[1.424s] INFO:colcon.colcon_core.shell:Creating environment hook '/home/skytold/workspace/amr_ws/install/amr_description/share/amr_description/hook/cmake_prefix_path.sh'
[1.426s] Level 1:colcon.colcon_core.environment:checking '/home/skytold/workspace/amr_ws/install/amr_description/bin'
[1.426s] Level 1:colcon.colcon_core.environment:checking '/home/skytold/workspace/amr_ws/install/amr_description/lib/pkgconfig/amr_description.pc'
[1.426s] Level 1:colcon.colcon_core.environment:checking '/home/skytold/workspace/amr_ws/install/amr_description/lib/python3.10/site-packages'
[1.427s] Level 1:colcon.colcon_core.environment:checking '/home/skytold/workspace/amr_ws/install/amr_description/bin'
[1.427s] INFO:colcon.colcon_core.shell:Creating package script '/home/skytold/workspace/amr_ws/install/amr_description/share/amr_description/package.ps1'
[1.429s] INFO:colcon.colcon_core.shell:Creating package descriptor '/home/skytold/workspace/amr_ws/install/amr_description/share/amr_description/package.dsv'
[1.430s] INFO:colcon.colcon_core.shell:Creating package script '/home/skytold/workspace/amr_ws/install/amr_description/share/amr_description/package.sh'
[1.432s] INFO:colcon.colcon_core.shell:Creating package script '/home/skytold/workspace/amr_ws/install/amr_description/share/amr_description/package.bash'
[1.434s] INFO:colcon.colcon_core.shell:Creating package script '/home/skytold/workspace/amr_ws/install/amr_description/share/amr_description/package.zsh'
[1.435s] Level 1:colcon.colcon_core.environment:create_file_with_runtime_dependencies(/home/skytold/workspace/amr_ws/install/amr_description/share/colcon-core/packages/amr_description)
[1.436s] Level 1:colcon.colcon_core.environment:create_environment_scripts_only(amr_description)
[1.437s] Level 1:colcon.colcon_core.environment:checking '/home/skytold/workspace/amr_ws/install/amr_description' for CMake module files
[1.437s] Level 1:colcon.colcon_core.environment:checking '/home/skytold/workspace/amr_ws/install/amr_description' for CMake config files
[1.438s] Level 1:colcon.colcon_core.shell:create_environment_hook('amr_description', 'cmake_prefix_path')
[1.438s] INFO:colcon.colcon_core.shell:Creating environment hook '/home/skytold/workspace/amr_ws/install/amr_description/share/amr_description/hook/cmake_prefix_path.ps1'
[1.439s] INFO:colcon.colcon_core.shell:Creating environment descriptor '/home/skytold/workspace/amr_ws/install/amr_description/share/amr_description/hook/cmake_prefix_path.dsv'
[1.440s] INFO:colcon.colcon_core.shell:Creating environment hook '/home/skytold/workspace/amr_ws/install/amr_description/share/amr_description/hook/cmake_prefix_path.sh'
[1.441s] Level 1:colcon.colcon_core.environment:checking '/home/skytold/workspace/amr_ws/install/amr_description/bin'
[1.441s] Level 1:colcon.colcon_core.environment:checking '/home/skytold/workspace/amr_ws/install/amr_description/lib/pkgconfig/amr_description.pc'
[1.442s] Level 1:colcon.colcon_core.environment:checking '/home/skytold/workspace/amr_ws/install/amr_description/lib/python3.10/site-packages'
[1.442s] Level 1:colcon.colcon_core.environment:checking '/home/skytold/workspace/amr_ws/install/amr_description/bin'
[1.443s] INFO:colcon.colcon_core.shell:Creating package script '/home/skytold/workspace/amr_ws/install/amr_description/share/amr_description/package.ps1'
[1.443s] INFO:colcon.colcon_core.shell:Creating package descriptor '/home/skytold/workspace/amr_ws/install/amr_description/share/amr_description/package.dsv'
[1.444s] INFO:colcon.colcon_core.shell:Creating package script '/home/skytold/workspace/amr_ws/install/amr_description/share/amr_description/package.sh'
[1.445s] INFO:colcon.colcon_core.shell:Creating package script '/home/skytold/workspace/amr_ws/install/amr_description/share/amr_description/package.bash'
[1.446s] INFO:colcon.colcon_core.shell:Creating package script '/home/skytold/workspace/amr_ws/install/amr_description/share/amr_description/package.zsh'
[1.447s] Level 1:colcon.colcon_core.environment:create_file_with_runtime_dependencies(/home/skytold/workspace/amr_ws/install/amr_description/share/colcon-core/packages/amr_description)
[1.448s] Level 1:colcon.colcon_core.environment:create_environment_scripts_only(amr_cpp_examples)
[1.449s] Level 1:colcon.colcon_core.environment:checking '/home/skytold/workspace/amr_ws/install/amr_cpp_examples' for CMake module files
[1.451s] DEBUG:colcon.colcon_core.event_handler.log_command:Invoked command in '/home/skytold/workspace/amr_ws/build/amr_cpp_examples' returned '0': CMAKE_PREFIX_PATH=${CMAKE_PREFIX_PATH}:/home/skytold/workspace/amr_ws/install/amr_py_examples:/opt/ros/humble /usr/bin/cmake --install /home/skytold/workspace/amr_ws/build/amr_cpp_examples
[1.452s] Level 1:colcon.colcon_core.environment:checking '/home/skytold/workspace/amr_ws/install/amr_cpp_examples' for CMake config files
[1.452s] Level 1:colcon.colcon_core.shell:create_environment_hook('amr_cpp_examples', 'cmake_prefix_path')
[1.453s] INFO:colcon.colcon_core.shell:Creating environment hook '/home/skytold/workspace/amr_ws/install/amr_cpp_examples/share/amr_cpp_examples/hook/cmake_prefix_path.ps1'
[1.454s] INFO:colcon.colcon_core.shell:Creating environment descriptor '/home/skytold/workspace/amr_ws/install/amr_cpp_examples/share/amr_cpp_examples/hook/cmake_prefix_path.dsv'
[1.455s] INFO:colcon.colcon_core.shell:Creating environment hook '/home/skytold/workspace/amr_ws/install/amr_cpp_examples/share/amr_cpp_examples/hook/cmake_prefix_path.sh'
[1.456s] Level 1:colcon.colcon_core.environment:checking '/home/skytold/workspace/amr_ws/install/amr_cpp_examples/lib'
[1.457s] Level 1:colcon.colcon_core.environment:checking '/home/skytold/workspace/amr_ws/install/amr_cpp_examples/bin'
[1.457s] Level 1:colcon.colcon_core.environment:checking '/home/skytold/workspace/amr_ws/install/amr_cpp_examples/lib/pkgconfig/amr_cpp_examples.pc'
[1.458s] Level 1:colcon.colcon_core.environment:checking '/home/skytold/workspace/amr_ws/install/amr_cpp_examples/lib/python3.10/site-packages'
[1.458s] Level 1:colcon.colcon_core.environment:checking '/home/skytold/workspace/amr_ws/install/amr_cpp_examples/bin'
[1.459s] INFO:colcon.colcon_core.shell:Creating package script '/home/skytold/workspace/amr_ws/install/amr_cpp_examples/share/amr_cpp_examples/package.ps1'
[1.460s] INFO:colcon.colcon_core.shell:Creating package descriptor '/home/skytold/workspace/amr_ws/install/amr_cpp_examples/share/amr_cpp_examples/package.dsv'
[1.461s] INFO:colcon.colcon_core.shell:Creating package script '/home/skytold/workspace/amr_ws/install/amr_cpp_examples/share/amr_cpp_examples/package.sh'
[1.462s] INFO:colcon.colcon_core.shell:Creating package script '/home/skytold/workspace/amr_ws/install/amr_cpp_examples/share/amr_cpp_examples/package.bash'
[1.463s] INFO:colcon.colcon_core.shell:Creating package script '/home/skytold/workspace/amr_ws/install/amr_cpp_examples/share/amr_cpp_examples/package.zsh'
[1.464s] Level 1:colcon.colcon_core.environment:create_file_with_runtime_dependencies(/home/skytold/workspace/amr_ws/install/amr_cpp_examples/share/colcon-core/packages/amr_cpp_examples)
[1.465s] Level 1:colcon.colcon_core.environment:create_environment_scripts_only(amr_cpp_examples)
[1.466s] Level 1:colcon.colcon_core.environment:checking '/home/skytold/workspace/amr_ws/install/amr_cpp_examples' for CMake module files
[1.467s] Level 1:colcon.colcon_core.environment:checking '/home/skytold/workspace/amr_ws/install/amr_cpp_examples' for CMake config files
[1.468s] Level 1:colcon.colcon_core.shell:create_environment_hook('amr_cpp_examples', 'cmake_prefix_path')
[1.468s] INFO:colcon.colcon_core.shell:Creating environment hook '/home/skytold/workspace/amr_ws/install/amr_cpp_examples/share/amr_cpp_examples/hook/cmake_prefix_path.ps1'
[1.469s] INFO:colcon.colcon_core.shell:Creating environment descriptor '/home/skytold/workspace/amr_ws/install/amr_cpp_examples/share/amr_cpp_examples/hook/cmake_prefix_path.dsv'
[1.470s] INFO:colcon.colcon_core.shell:Creating environment hook '/home/skytold/workspace/amr_ws/install/amr_cpp_examples/share/amr_cpp_examples/hook/cmake_prefix_path.sh'
[1.471s] Level 1:colcon.colcon_core.environment:checking '/home/skytold/workspace/amr_ws/install/amr_cpp_examples/lib'
[1.471s] Level 1:colcon.colcon_core.environment:checking '/home/skytold/workspace/amr_ws/install/amr_cpp_examples/bin'
[1.471s] Level 1:colcon.colcon_core.environment:checking '/home/skytold/workspace/amr_ws/install/amr_cpp_examples/lib/pkgconfig/amr_cpp_examples.pc'
[1.472s] Level 1:colcon.colcon_core.environment:checking '/home/skytold/workspace/amr_ws/install/amr_cpp_examples/lib/python3.10/site-packages'
[1.472s] Level 1:colcon.colcon_core.environment:checking '/home/skytold/workspace/amr_ws/install/amr_cpp_examples/bin'
[1.473s] INFO:colcon.colcon_core.shell:Creating package script '/home/skytold/workspace/amr_ws/install/amr_cpp_examples/share/amr_cpp_examples/package.ps1'
[1.474s] INFO:colcon.colcon_core.shell:Creating package descriptor '/home/skytold/workspace/amr_ws/install/amr_cpp_examples/share/amr_cpp_examples/package.dsv'
[1.475s] INFO:colcon.colcon_core.shell:Creating package script '/home/skytold/workspace/amr_ws/install/amr_cpp_examples/share/amr_cpp_examples/package.sh'
[1.476s] INFO:colcon.colcon_core.shell:Creating package script '/home/skytold/workspace/amr_ws/install/amr_cpp_examples/share/amr_cpp_examples/package.bash'
[1.476s] INFO:colcon.colcon_core.shell:Creating package script '/home/skytold/workspace/amr_ws/install/amr_cpp_examples/share/amr_cpp_examples/package.zsh'
[1.477s] Level 1:colcon.colcon_core.environment:create_file_with_runtime_dependencies(/home/skytold/workspace/amr_ws/install/amr_cpp_examples/share/colcon-core/packages/amr_cpp_examples)
[1.557s] DEBUG:colcon.colcon_core.event_handler.log_command:Invoked command in '/home/skytold/workspace/amr_ws/build/amr_controller' returned '0': CMAKE_PREFIX_PATH=${CMAKE_PREFIX_PATH}:/home/skytold/workspace/amr_ws/install/amr_py_examples:/opt/ros/humble /usr/bin/cmake --build /home/skytold/workspace/amr_ws/build/amr_controller -- -j20 -l20
[1.561s] DEBUG:colcon.colcon_core.event_handler.log_command:Invoking command in '/home/skytold/workspace/amr_ws/build/amr_controller': CMAKE_PREFIX_PATH=${CMAKE_PREFIX_PATH}:/home/skytold/workspace/amr_ws/install/amr_py_examples:/opt/ros/humble /usr/bin/cmake --install /home/skytold/workspace/amr_ws/build/amr_controller
[1.645s] Level 1:colcon.colcon_core.environment:create_environment_scripts_only(amr_controller)
[1.645s] DEBUG:colcon.colcon_core.event_handler.log_command:Invoked command in '/home/skytold/workspace/amr_ws/build/amr_controller' returned '0': CMAKE_PREFIX_PATH=${CMAKE_PREFIX_PATH}:/home/skytold/workspace/amr_ws/install/amr_py_examples:/opt/ros/humble /usr/bin/cmake --install /home/skytold/workspace/amr_ws/build/amr_controller
[1.646s] Level 1:colcon.colcon_core.environment:checking '/home/skytold/workspace/amr_ws/install/amr_controller' for CMake module files
[1.647s] Level 1:colcon.colcon_core.environment:checking '/home/skytold/workspace/amr_ws/install/amr_controller' for CMake config files
[1.648s] Level 1:colcon.colcon_core.shell:create_environment_hook('amr_controller', 'cmake_prefix_path')
[1.648s] INFO:colcon.colcon_core.shell:Creating environment hook '/home/skytold/workspace/amr_ws/install/amr_controller/share/amr_controller/hook/cmake_prefix_path.ps1'
[1.649s] INFO:colcon.colcon_core.shell:Creating environment descriptor '/home/skytold/workspace/amr_ws/install/amr_controller/share/amr_controller/hook/cmake_prefix_path.dsv'
[1.649s] INFO:colcon.colcon_core.shell:Creating environment hook '/home/skytold/workspace/amr_ws/install/amr_controller/share/amr_controller/hook/cmake_prefix_path.sh'
[1.650s] Level 1:colcon.colcon_core.environment:checking '/home/skytold/workspace/amr_ws/install/amr_controller/lib'
[1.650s] Level 1:colcon.colcon_core.environment:checking '/home/skytold/workspace/amr_ws/install/amr_controller/bin'
[1.651s] Level 1:colcon.colcon_core.environment:checking '/home/skytold/workspace/amr_ws/install/amr_controller/lib/pkgconfig/amr_controller.pc'
[1.651s] Level 1:colcon.colcon_core.environment:checking '/home/skytold/workspace/amr_ws/install/amr_controller/lib/python3.10/site-packages'
[1.651s] Level 1:colcon.colcon_core.environment:checking '/home/skytold/workspace/amr_ws/install/amr_controller/bin'
[1.652s] INFO:colcon.colcon_core.shell:Creating package script '/home/skytold/workspace/amr_ws/install/amr_controller/share/amr_controller/package.ps1'
[1.653s] INFO:colcon.colcon_core.shell:Creating package descriptor '/home/skytold/workspace/amr_ws/install/amr_controller/share/amr_controller/package.dsv'
[1.653s] INFO:colcon.colcon_core.shell:Creating package script '/home/skytold/workspace/amr_ws/install/amr_controller/share/amr_controller/package.sh'
[1.654s] INFO:colcon.colcon_core.shell:Creating package script '/home/skytold/workspace/amr_ws/install/amr_controller/share/amr_controller/package.bash'
[1.654s] INFO:colcon.colcon_core.shell:Creating package script '/home/skytold/workspace/amr_ws/install/amr_controller/share/amr_controller/package.zsh'
[1.655s] Level 1:colcon.colcon_core.environment:create_file_with_runtime_dependencies(/home/skytold/workspace/amr_ws/install/amr_controller/share/colcon-core/packages/amr_controller)
[1.656s] Level 1:colcon.colcon_core.environment:create_environment_scripts_only(amr_controller)
[1.656s] Level 1:colcon.colcon_core.environment:checking '/home/skytold/workspace/amr_ws/install/amr_controller' for CMake module files
[1.657s] Level 1:colcon.colcon_core.environment:checking '/home/skytold/workspace/amr_ws/install/amr_controller' for CMake config files
[1.657s] Level 1:colcon.colcon_core.shell:create_environment_hook('amr_controller', 'cmake_prefix_path')
[1.658s] INFO:colcon.colcon_core.shell:Creating environment hook '/home/skytold/workspace/amr_ws/install/amr_controller/share/amr_controller/hook/cmake_prefix_path.ps1'
[1.658s] INFO:colcon.colcon_core.shell:Creating environment descriptor '/home/skytold/workspace/amr_ws/install/amr_controller/share/amr_controller/hook/cmake_prefix_path.dsv'
[1.659s] INFO:colcon.colcon_core.shell:Creating environment hook '/home/skytold/workspace/amr_ws/install/amr_controller/share/amr_controller/hook/cmake_prefix_path.sh'
[1.660s] Level 1:colcon.colcon_core.environment:checking '/home/skytold/workspace/amr_ws/install/amr_controller/lib'
[1.660s] Level 1:colcon.colcon_core.environment:checking '/home/skytold/workspace/amr_ws/install/amr_controller/bin'
[1.660s] Level 1:colcon.colcon_core.environment:checking '/home/skytold/workspace/amr_ws/install/amr_controller/lib/pkgconfig/amr_controller.pc'
[1.660s] Level 1:colcon.colcon_core.environment:checking '/home/skytold/workspace/amr_ws/install/amr_controller/lib/python3.10/site-packages'
[1.661s] Level 1:colcon.colcon_core.environment:checking '/home/skytold/workspace/amr_ws/install/amr_controller/bin'
[1.661s] INFO:colcon.colcon_core.shell:Creating package script '/home/skytold/workspace/amr_ws/install/amr_controller/share/amr_controller/package.ps1'
[1.662s] INFO:colcon.colcon_core.shell:Creating package descriptor '/home/skytold/workspace/amr_ws/install/amr_controller/share/amr_controller/package.dsv'
[1.663s] INFO:colcon.colcon_core.shell:Creating package script '/home/skytold/workspace/amr_ws/install/amr_controller/share/amr_controller/package.sh'
[1.664s] INFO:colcon.colcon_core.shell:Creating package script '/home/skytold/workspace/amr_ws/install/amr_controller/share/amr_controller/package.bash'
[1.664s] INFO:colcon.colcon_core.shell:Creating package script '/home/skytold/workspace/amr_ws/install/amr_controller/share/amr_controller/package.zsh'
[1.665s] Level 1:colcon.colcon_core.environment:create_file_with_runtime_dependencies(/home/skytold/workspace/amr_ws/install/amr_controller/share/colcon-core/packages/amr_controller)
[2.064s] DEBUG:colcon.colcon_core.event_handler.log_command:Invoking command in '/home/skytold/workspace/amr_ws/src/amr_py_examples': PYTHONPATH=/home/skytold/workspace/amr_ws/build/amr_py_examples/prefix_override:/usr/lib/python3/dist-packages/colcon_core/task/python/colcon_distutils_commands:/home/skytold/workspace/amr_ws/install/amr_py_examples/lib/python3.10/site-packages:${PYTHONPATH} /usr/bin/python3 -W ignore:setup.py install is deprecated -W ignore:easy_install command is deprecated setup.py egg_info --egg-base ../../build/amr_py_examples build --build-base /home/skytold/workspace/amr_ws/build/amr_py_examples/build install --record /home/skytold/workspace/amr_ws/build/amr_py_examples/install.log --single-version-externally-managed install_data
[2.728s] Level 1:colcon.colcon_core.environment:checking '/home/skytold/workspace/amr_ws/install/amr_py_examples' for CMake module files
[2.730s] DEBUG:colcon.colcon_core.event_handler.log_command:Invoked command in '/home/skytold/workspace/amr_ws/src/amr_py_examples' returned '0': PYTHONPATH=/home/skytold/workspace/amr_ws/build/amr_py_examples/prefix_override:/usr/lib/python3/dist-packages/colcon_core/task/python/colcon_distutils_commands:/home/skytold/workspace/amr_ws/install/amr_py_examples/lib/python3.10/site-packages:${PYTHONPATH} /usr/bin/python3 -W ignore:setup.py install is deprecated -W ignore:easy_install command is deprecated setup.py egg_info --egg-base ../../build/amr_py_examples build --build-base /home/skytold/workspace/amr_ws/build/amr_py_examples/build install --record /home/skytold/workspace/amr_ws/build/amr_py_examples/install.log --single-version-externally-managed install_data
[2.731s] Level 1:colcon.colcon_core.environment:checking '/home/skytold/workspace/amr_ws/install/amr_py_examples' for CMake config files
[2.732s] Level 1:colcon.colcon_core.environment:checking '/home/skytold/workspace/amr_ws/install/amr_py_examples/lib'
[2.732s] Level 1:colcon.colcon_core.environment:checking '/home/skytold/workspace/amr_ws/install/amr_py_examples/bin'
[2.732s] Level 1:colcon.colcon_core.environment:checking '/home/skytold/workspace/amr_ws/install/amr_py_examples/lib/pkgconfig/amr_py_examples.pc'
[2.733s] Level 1:colcon.colcon_core.environment:checking '/home/skytold/workspace/amr_ws/install/amr_py_examples/lib/python3.10/site-packages'
[2.733s] Level 1:colcon.colcon_core.shell:create_environment_hook('amr_py_examples', 'pythonpath')
[2.733s] INFO:colcon.colcon_core.shell:Creating environment hook '/home/skytold/workspace/amr_ws/install/amr_py_examples/share/amr_py_examples/hook/pythonpath.ps1'
[2.735s] INFO:colcon.colcon_core.shell:Creating environment descriptor '/home/skytold/workspace/amr_ws/install/amr_py_examples/share/amr_py_examples/hook/pythonpath.dsv'
[2.736s] INFO:colcon.colcon_core.shell:Creating environment hook '/home/skytold/workspace/amr_ws/install/amr_py_examples/share/amr_py_examples/hook/pythonpath.sh'
[2.737s] Level 1:colcon.colcon_core.environment:checking '/home/skytold/workspace/amr_ws/install/amr_py_examples/bin'
[2.737s] Level 1:colcon.colcon_core.environment:create_environment_scripts_only(amr_py_examples)
[2.738s] INFO:colcon.colcon_core.shell:Creating package script '/home/skytold/workspace/amr_ws/install/amr_py_examples/share/amr_py_examples/package.ps1'
[2.739s] INFO:colcon.colcon_core.shell:Creating package descriptor '/home/skytold/workspace/amr_ws/install/amr_py_examples/share/amr_py_examples/package.dsv'
[2.740s] INFO:colcon.colcon_core.shell:Creating package script '/home/skytold/workspace/amr_ws/install/amr_py_examples/share/amr_py_examples/package.sh'
[2.741s] INFO:colcon.colcon_core.shell:Creating package script '/home/skytold/workspace/amr_ws/install/amr_py_examples/share/amr_py_examples/package.bash'
[2.742s] INFO:colcon.colcon_core.shell:Creating package script '/home/skytold/workspace/amr_ws/install/amr_py_examples/share/amr_py_examples/package.zsh'
[2.743s] Level 1:colcon.colcon_core.environment:create_file_with_runtime_dependencies(/home/skytold/workspace/amr_ws/install/amr_py_examples/share/colcon-core/packages/amr_py_examples)
[2.744s] DEBUG:colcon.colcon_parallel_executor.executor.parallel:closing loop
[2.745s] DEBUG:colcon.colcon_parallel_executor.executor.parallel:loop closed
[2.745s] DEBUG:colcon.colcon_parallel_executor.executor.parallel:run_until_complete finished with '0'
[2.745s] DEBUG:colcon.colcon_core.event_reactor:joining thread
[2.769s] INFO:colcon.colcon_core.plugin_system:Skipping extension 'colcon_notification.desktop_notification.notify_send': Could not find 'notify-send'
[2.770s] INFO:colcon.colcon_core.plugin_system:Skipping extension 'colcon_notification.desktop_notification.terminal_notifier': Not used on non-Darwin systems
[2.770s] INFO:colcon.colcon_core.plugin_system:Skipping extension 'colcon_notification.desktop_notification.win32': Not used on non-Windows systems
[2.770s] INFO:colcon.colcon_notification.desktop_notification:Sending desktop notification using 'notify2'
[2.779s] DEBUG:colcon.colcon_notification.desktop_notification.notify2:Failed to initialize notify2: org.freedesktop.DBus.Error.Spawn.ExecFailed: /usr/bin/dbus-launch terminated abnormally without any error message
[2.779s] DEBUG:colcon.colcon_core.event_reactor:joined thread
[2.781s] INFO:colcon.colcon_core.shell:Creating prefix script '/home/skytold/workspace/amr_ws/install/local_setup.ps1'
[2.786s] INFO:colcon.colcon_core.shell:Creating prefix util module '/home/skytold/workspace/amr_ws/install/_local_setup_util_ps1.py'
[2.790s] INFO:colcon.colcon_core.shell:Creating prefix chain script '/home/skytold/workspace/amr_ws/install/setup.ps1'
[2.794s] INFO:colcon.colcon_core.shell:Creating prefix script '/home/skytold/workspace/amr_ws/install/local_setup.sh'
[2.795s] INFO:colcon.colcon_core.shell:Creating prefix util module '/home/skytold/workspace/amr_ws/install/_local_setup_util_sh.py'
[2.797s] INFO:colcon.colcon_core.shell:Creating prefix chain script '/home/skytold/workspace/amr_ws/install/setup.sh'
[2.799s] INFO:colcon.colcon_core.shell:Creating prefix script '/home/skytold/workspace/amr_ws/install/local_setup.bash'
[2.801s] INFO:colcon.colcon_core.shell:Creating prefix chain script '/home/skytold/workspace/amr_ws/install/setup.bash'
[2.803s] INFO:colcon.colcon_core.shell:Creating prefix script '/home/skytold/workspace/amr_ws/install/local_setup.zsh'
[2.804s] INFO:colcon.colcon_core.shell:Creating prefix chain script '/home/skytold/workspace/amr_ws/install/setup.zsh'
