[0.014s] Invoking command in '/home/skytold/workspace/amr_ws/build/amr_controller': CMAKE_PREFIX_PATH=${CMAKE_PREFIX_PATH}:/home/skytold/workspace/amr_ws/install/amr_py_examples:/opt/ros/humble /usr/bin/cmake /home/skytold/workspace/amr_ws/src/amr_controller -DCMAKE_INSTALL_PREFIX=/home/skytold/workspace/amr_ws/install/amr_controller
[0.093s] -- The C compiler identification is GNU 11.4.0
[0.155s] -- The CXX compiler identification is GNU 11.4.0
[0.162s] -- Detecting C compiler ABI info
[0.226s] -- Detecting C compiler ABI info - done
[0.226s] -- Check for working C compiler: /usr/bin/cc - skipped
[0.226s] -- Detecting C compile features
[0.227s] -- Detecting C compile features - done
[0.229s] -- Detecting CXX compiler ABI info
[0.301s] -- Detecting CXX compiler ABI info - done
[0.307s] -- Check for working CXX compiler: /usr/bin/c++ - skipped
[0.307s] -- Detecting CXX compile features
[0.308s] -- Detecting CXX compile features - done
[0.311s] -- Found ament_cmake: 1.3.12 (/opt/ros/humble/share/ament_cmake/cmake)
[0.433s] -- Found Python3: /usr/bin/python3 (found version "3.10.12") found components: Interpreter 
[0.503s] -- Found ament_lint_auto: 0.12.14 (/opt/ros/humble/share/ament_lint_auto/cmake)
[0.559s] -- Added test 'lint_cmake' to check CMake code style
[0.560s] -- Added test 'xmllint' to check XML markup files
[0.561s] -- Configuring done
[0.562s] -- Generating done
[0.563s] -- Build files have been written to: /home/skytold/workspace/amr_ws/build/amr_controller
[0.566s] Invoked command in '/home/skytold/workspace/amr_ws/build/amr_controller' returned '0': CMAKE_PREFIX_PATH=${CMAKE_PREFIX_PATH}:/home/skytold/workspace/amr_ws/install/amr_py_examples:/opt/ros/humble /usr/bin/cmake /home/skytold/workspace/amr_ws/src/amr_controller -DCMAKE_INSTALL_PREFIX=/home/skytold/workspace/amr_ws/install/amr_controller
[0.568s] Invoking command in '/home/skytold/workspace/amr_ws/build/amr_controller': CMAKE_PREFIX_PATH=${CMAKE_PREFIX_PATH}:/home/skytold/workspace/amr_ws/install/amr_py_examples:/opt/ros/humble /usr/bin/cmake --build /home/skytold/workspace/amr_ws/build/amr_controller -- -j20 -l20
[0.601s] Invoked command in '/home/skytold/workspace/amr_ws/build/amr_controller' returned '0': CMAKE_PREFIX_PATH=${CMAKE_PREFIX_PATH}:/home/skytold/workspace/amr_ws/install/amr_py_examples:/opt/ros/humble /usr/bin/cmake --build /home/skytold/workspace/amr_ws/build/amr_controller -- -j20 -l20
[0.602s] Invoking command in '/home/skytold/workspace/amr_ws/build/amr_controller': CMAKE_PREFIX_PATH=${CMAKE_PREFIX_PATH}:/home/skytold/workspace/amr_ws/install/amr_py_examples:/opt/ros/humble /usr/bin/cmake --install /home/skytold/workspace/amr_ws/build/amr_controller
[0.608s] -- Install configuration: ""
[0.609s] -- Installing: /home/skytold/workspace/amr_ws/install/amr_controller/share/ament_index/resource_index/package_run_dependencies/amr_controller
[0.609s] -- Installing: /home/skytold/workspace/amr_ws/install/amr_controller/share/ament_index/resource_index/parent_prefix_path/amr_controller
[0.609s] -- Installing: /home/skytold/workspace/amr_ws/install/amr_controller/share/amr_controller/environment/ament_prefix_path.sh
[0.609s] -- Installing: /home/skytold/workspace/amr_ws/install/amr_controller/share/amr_controller/environment/ament_prefix_path.dsv
[0.609s] -- Installing: /home/skytold/workspace/amr_ws/install/amr_controller/share/amr_controller/environment/path.sh
[0.609s] -- Installing: /home/skytold/workspace/amr_ws/install/amr_controller/share/amr_controller/environment/path.dsv
[0.609s] -- Installing: /home/skytold/workspace/amr_ws/install/amr_controller/share/amr_controller/local_setup.bash
[0.609s] -- Installing: /home/skytold/workspace/amr_ws/install/amr_controller/share/amr_controller/local_setup.sh
[0.609s] -- Installing: /home/skytold/workspace/amr_ws/install/amr_controller/share/amr_controller/local_setup.zsh
[0.609s] -- Installing: /home/skytold/workspace/amr_ws/install/amr_controller/share/amr_controller/local_setup.dsv
[0.609s] -- Installing: /home/skytold/workspace/amr_ws/install/amr_controller/share/amr_controller/package.dsv
[0.609s] -- Installing: /home/skytold/workspace/amr_ws/install/amr_controller/share/ament_index/resource_index/packages/amr_controller
[0.610s] -- Installing: /home/skytold/workspace/amr_ws/install/amr_controller/share/amr_controller/cmake/amr_controllerConfig.cmake
[0.610s] -- Installing: /home/skytold/workspace/amr_ws/install/amr_controller/share/amr_controller/cmake/amr_controllerConfig-version.cmake
[0.610s] -- Installing: /home/skytold/workspace/amr_ws/install/amr_controller/share/amr_controller/package.xml
[0.612s] Invoked command in '/home/skytold/workspace/amr_ws/build/amr_controller' returned '0': CMAKE_PREFIX_PATH=${CMAKE_PREFIX_PATH}:/home/skytold/workspace/amr_ws/install/amr_py_examples:/opt/ros/humble /usr/bin/cmake --install /home/skytold/workspace/amr_ws/build/amr_controller
