[0.265s] DEBUG:colcon:Command line arguments: ['/usr/bin/colcon', 'build']
[0.265s] DEBUG:colcon:Parsed command line arguments: Namespace(log_base=None, log_level=None, verb_name='build', build_base='build', install_base='install', merge_install=False, symlink_install=False, test_result_base=None, continue_on_error=False, executor='parallel', parallel_workers=20, event_handlers=None, ignore_user_meta=False, metas=['./colcon.meta'], base_paths=['.'], packages_ignore=None, packages_ignore_regex=None, paths=None, packages_up_to=None, packages_up_to_regex=None, packages_above=None, packages_above_and_dependencies=None, packages_above_depth=None, packages_select_by_dep=None, packages_skip_by_dep=None, packages_skip_up_to=None, packages_select_build_failed=False, packages_skip_build_finished=False, packages_select_test_failures=False, packages_skip_test_passed=False, packages_select=None, packages_skip=None, packages_select_regex=None, packages_skip_regex=None, packages_start=None, packages_end=None, allow_overriding=[], cmake_args=None, cmake_target=None, cmake_target_skip_unavailable=False, cmake_clean_cache=False, cmake_clean_first=False, cmake_force_configure=False, ament_cmake_args=None, catkin_cmake_args=None, catkin_skip_building_tests=False, mixin_files=None, mixin=None, verb_parser=<colcon_mixin.mixin.mixin_argument.MixinArgumentDecorator object at 0x701dad6d1e40>, verb_extension=<colcon_core.verb.build.BuildVerb object at 0x701dad7e2d40>, main=<bound method BuildVerb.main of <colcon_core.verb.build.BuildVerb object at 0x701dad7e2d40>>, mixin_verb=('build',))
[0.655s] Level 1:colcon.colcon_core.package_discovery:discover_packages(colcon_meta) check parameters
[0.655s] Level 1:colcon.colcon_core.package_discovery:discover_packages(recursive) check parameters
[0.655s] Level 1:colcon.colcon_core.package_discovery:discover_packages(ignore) check parameters
[0.655s] Level 1:colcon.colcon_core.package_discovery:discover_packages(path) check parameters
[0.655s] Level 1:colcon.colcon_core.package_discovery:discover_packages(colcon_meta) discover
[0.655s] Level 1:colcon.colcon_core.package_discovery:discover_packages(recursive) discover
[0.655s] INFO:colcon.colcon_core.package_discovery:Crawling recursively for packages in '/home/skytold/workspace/amr_ws'
[0.656s] Level 1:colcon.colcon_core.package_identification:_identify(.) by extensions ['ignore', 'ignore_ament_install']
[0.656s] Level 1:colcon.colcon_core.package_identification:_identify(.) by extension 'ignore'
[0.656s] Level 1:colcon.colcon_core.package_identification:_identify(.) by extension 'ignore_ament_install'
[0.656s] Level 1:colcon.colcon_core.package_identification:_identify(.) by extensions ['colcon_pkg']
[0.656s] Level 1:colcon.colcon_core.package_identification:_identify(.) by extension 'colcon_pkg'
[0.656s] Level 1:colcon.colcon_core.package_identification:_identify(.) by extensions ['colcon_meta']
[0.656s] Level 1:colcon.colcon_core.package_identification:_identify(.) by extension 'colcon_meta'
[0.656s] Level 1:colcon.colcon_core.package_identification:_identify(.) by extensions ['ros']
[0.656s] Level 1:colcon.colcon_core.package_identification:_identify(.) by extension 'ros'
[0.678s] Level 1:colcon.colcon_core.package_identification:_identify(.) by extensions ['cmake', 'python']
[0.679s] Level 1:colcon.colcon_core.package_identification:_identify(.) by extension 'cmake'
[0.679s] Level 1:colcon.colcon_core.package_identification:_identify(.) by extension 'python'
[0.679s] Level 1:colcon.colcon_core.package_identification:_identify(.) by extensions ['python_setup_py']
[0.679s] Level 1:colcon.colcon_core.package_identification:_identify(.) by extension 'python_setup_py'
[0.679s] Level 1:colcon.colcon_core.package_identification:_identify(build) by extensions ['ignore', 'ignore_ament_install']
[0.679s] Level 1:colcon.colcon_core.package_identification:_identify(build) by extension 'ignore'
[0.679s] Level 1:colcon.colcon_core.package_identification:_identify(build) ignored
[0.679s] Level 1:colcon.colcon_core.package_identification:_identify(install) by extensions ['ignore', 'ignore_ament_install']
[0.680s] Level 1:colcon.colcon_core.package_identification:_identify(install) by extension 'ignore'
[0.680s] Level 1:colcon.colcon_core.package_identification:_identify(install) ignored
[0.680s] Level 1:colcon.colcon_core.package_identification:_identify(log) by extensions ['ignore', 'ignore_ament_install']
[0.680s] Level 1:colcon.colcon_core.package_identification:_identify(log) by extension 'ignore'
[0.680s] Level 1:colcon.colcon_core.package_identification:_identify(log) ignored
[0.680s] Level 1:colcon.colcon_core.package_identification:_identify(src) by extensions ['ignore', 'ignore_ament_install']
[0.680s] Level 1:colcon.colcon_core.package_identification:_identify(src) by extension 'ignore'
[0.680s] Level 1:colcon.colcon_core.package_identification:_identify(src) by extension 'ignore_ament_install'
[0.680s] Level 1:colcon.colcon_core.package_identification:_identify(src) by extensions ['colcon_pkg']
[0.681s] Level 1:colcon.colcon_core.package_identification:_identify(src) by extension 'colcon_pkg'
[0.681s] Level 1:colcon.colcon_core.package_identification:_identify(src) by extensions ['colcon_meta']
[0.681s] Level 1:colcon.colcon_core.package_identification:_identify(src) by extension 'colcon_meta'
[0.681s] Level 1:colcon.colcon_core.package_identification:_identify(src) by extensions ['ros']
[0.681s] Level 1:colcon.colcon_core.package_identification:_identify(src) by extension 'ros'
[0.681s] Level 1:colcon.colcon_core.package_identification:_identify(src) by extensions ['cmake', 'python']
[0.681s] Level 1:colcon.colcon_core.package_identification:_identify(src) by extension 'cmake'
[0.681s] Level 1:colcon.colcon_core.package_identification:_identify(src) by extension 'python'
[0.681s] Level 1:colcon.colcon_core.package_identification:_identify(src) by extensions ['python_setup_py']
[0.681s] Level 1:colcon.colcon_core.package_identification:_identify(src) by extension 'python_setup_py'
[0.682s] Level 1:colcon.colcon_core.package_identification:_identify(src/amr_controller) by extensions ['ignore', 'ignore_ament_install']
[0.682s] Level 1:colcon.colcon_core.package_identification:_identify(src/amr_controller) by extension 'ignore'
[0.682s] Level 1:colcon.colcon_core.package_identification:_identify(src/amr_controller) by extension 'ignore_ament_install'
[0.682s] Level 1:colcon.colcon_core.package_identification:_identify(src/amr_controller) by extensions ['colcon_pkg']
[0.682s] Level 1:colcon.colcon_core.package_identification:_identify(src/amr_controller) by extension 'colcon_pkg'
[0.682s] Level 1:colcon.colcon_core.package_identification:_identify(src/amr_controller) by extensions ['colcon_meta']
[0.682s] Level 1:colcon.colcon_core.package_identification:_identify(src/amr_controller) by extension 'colcon_meta'
[0.682s] Level 1:colcon.colcon_core.package_identification:_identify(src/amr_controller) by extensions ['ros']
[0.682s] Level 1:colcon.colcon_core.package_identification:_identify(src/amr_controller) by extension 'ros'
[0.692s] DEBUG:colcon.colcon_core.package_identification:Package 'src/amr_controller' with type 'ros.ament_cmake' and name 'amr_controller'
[0.693s] Level 1:colcon.colcon_core.package_identification:_identify(src/amr_cpp_examples) by extensions ['ignore', 'ignore_ament_install']
[0.693s] Level 1:colcon.colcon_core.package_identification:_identify(src/amr_cpp_examples) by extension 'ignore'
[0.693s] Level 1:colcon.colcon_core.package_identification:_identify(src/amr_cpp_examples) by extension 'ignore_ament_install'
[0.694s] Level 1:colcon.colcon_core.package_identification:_identify(src/amr_cpp_examples) by extensions ['colcon_pkg']
[0.694s] Level 1:colcon.colcon_core.package_identification:_identify(src/amr_cpp_examples) by extension 'colcon_pkg'
[0.694s] Level 1:colcon.colcon_core.package_identification:_identify(src/amr_cpp_examples) by extensions ['colcon_meta']
[0.694s] Level 1:colcon.colcon_core.package_identification:_identify(src/amr_cpp_examples) by extension 'colcon_meta'
[0.694s] Level 1:colcon.colcon_core.package_identification:_identify(src/amr_cpp_examples) by extensions ['ros']
[0.694s] Level 1:colcon.colcon_core.package_identification:_identify(src/amr_cpp_examples) by extension 'ros'
[0.697s] DEBUG:colcon.colcon_core.package_identification:Package 'src/amr_cpp_examples' with type 'ros.ament_cmake' and name 'amr_cpp_examples'
[0.698s] Level 1:colcon.colcon_core.package_identification:_identify(src/amr_description) by extensions ['ignore', 'ignore_ament_install']
[0.698s] Level 1:colcon.colcon_core.package_identification:_identify(src/amr_description) by extension 'ignore'
[0.699s] Level 1:colcon.colcon_core.package_identification:_identify(src/amr_description) by extension 'ignore_ament_install'
[0.699s] Level 1:colcon.colcon_core.package_identification:_identify(src/amr_description) by extensions ['colcon_pkg']
[0.699s] Level 1:colcon.colcon_core.package_identification:_identify(src/amr_description) by extension 'colcon_pkg'
[0.699s] Level 1:colcon.colcon_core.package_identification:_identify(src/amr_description) by extensions ['colcon_meta']
[0.699s] Level 1:colcon.colcon_core.package_identification:_identify(src/amr_description) by extension 'colcon_meta'
[0.699s] Level 1:colcon.colcon_core.package_identification:_identify(src/amr_description) by extensions ['ros']
[0.699s] Level 1:colcon.colcon_core.package_identification:_identify(src/amr_description) by extension 'ros'
[0.706s] DEBUG:colcon.colcon_core.package_identification:Package 'src/amr_description' with type 'ros.ament_cmake' and name 'amr_description'
[0.707s] Level 1:colcon.colcon_core.package_identification:_identify(src/amr_py_examples) by extensions ['ignore', 'ignore_ament_install']
[0.707s] Level 1:colcon.colcon_core.package_identification:_identify(src/amr_py_examples) by extension 'ignore'
[0.707s] Level 1:colcon.colcon_core.package_identification:_identify(src/amr_py_examples) by extension 'ignore_ament_install'
[0.708s] Level 1:colcon.colcon_core.package_identification:_identify(src/amr_py_examples) by extensions ['colcon_pkg']
[0.708s] Level 1:colcon.colcon_core.package_identification:_identify(src/amr_py_examples) by extension 'colcon_pkg'
[0.708s] Level 1:colcon.colcon_core.package_identification:_identify(src/amr_py_examples) by extensions ['colcon_meta']
[0.708s] Level 1:colcon.colcon_core.package_identification:_identify(src/amr_py_examples) by extension 'colcon_meta'
[0.708s] Level 1:colcon.colcon_core.package_identification:_identify(src/amr_py_examples) by extensions ['ros']
[0.708s] Level 1:colcon.colcon_core.package_identification:_identify(src/amr_py_examples) by extension 'ros'
[0.710s] DEBUG:colcon.colcon_core.package_identification:Package 'src/amr_py_examples' with type 'ros.ament_python' and name 'amr_py_examples'
[0.711s] Level 1:colcon.colcon_core.package_discovery:discover_packages(recursive) using defaults
[0.711s] Level 1:colcon.colcon_core.package_discovery:discover_packages(ignore) discover
[0.711s] Level 1:colcon.colcon_core.package_discovery:discover_packages(ignore) using defaults
[0.711s] Level 1:colcon.colcon_core.package_discovery:discover_packages(path) discover
[0.711s] Level 1:colcon.colcon_core.package_discovery:discover_packages(path) using defaults
[0.799s] Level 1:colcon.colcon_core.package_discovery:discover_packages(prefix_path) check parameters
[0.799s] Level 1:colcon.colcon_core.package_discovery:discover_packages(prefix_path) discover
[0.803s] DEBUG:colcon.colcon_installed_package_information.package_discovery:Found 4 installed packages in /home/skytold/workspace/amr_ws/install
[0.807s] DEBUG:colcon.colcon_installed_package_information.package_discovery:Found 380 installed packages in /opt/ros/humble
[0.810s] Level 1:colcon.colcon_core.package_discovery:discover_packages(prefix_path) using defaults
[0.928s] Level 5:colcon.colcon_core.verb:set package 'amr_controller' build argument 'cmake_args' from command line to 'None'
[0.928s] Level 5:colcon.colcon_core.verb:set package 'amr_controller' build argument 'cmake_target' from command line to 'None'
[0.928s] Level 5:colcon.colcon_core.verb:set package 'amr_controller' build argument 'cmake_target_skip_unavailable' from command line to 'False'
[0.928s] Level 5:colcon.colcon_core.verb:set package 'amr_controller' build argument 'cmake_clean_cache' from command line to 'False'
[0.929s] Level 5:colcon.colcon_core.verb:set package 'amr_controller' build argument 'cmake_clean_first' from command line to 'False'
[0.929s] Level 5:colcon.colcon_core.verb:set package 'amr_controller' build argument 'cmake_force_configure' from command line to 'False'
[0.929s] Level 5:colcon.colcon_core.verb:set package 'amr_controller' build argument 'ament_cmake_args' from command line to 'None'
[0.929s] Level 5:colcon.colcon_core.verb:set package 'amr_controller' build argument 'catkin_cmake_args' from command line to 'None'
[0.929s] Level 5:colcon.colcon_core.verb:set package 'amr_controller' build argument 'catkin_skip_building_tests' from command line to 'False'
[0.929s] DEBUG:colcon.colcon_core.verb:Building package 'amr_controller' with the following arguments: {'ament_cmake_args': None, 'build_base': '/home/skytold/workspace/amr_ws/build/amr_controller', 'catkin_cmake_args': None, 'catkin_skip_building_tests': False, 'cmake_args': None, 'cmake_clean_cache': False, 'cmake_clean_first': False, 'cmake_force_configure': False, 'cmake_target': None, 'cmake_target_skip_unavailable': False, 'install_base': '/home/skytold/workspace/amr_ws/install/amr_controller', 'merge_install': False, 'path': '/home/skytold/workspace/amr_ws/src/amr_controller', 'symlink_install': False, 'test_result_base': None}
[0.930s] Level 5:colcon.colcon_core.verb:set package 'amr_cpp_examples' build argument 'cmake_args' from command line to 'None'
[0.930s] Level 5:colcon.colcon_core.verb:set package 'amr_cpp_examples' build argument 'cmake_target' from command line to 'None'
[0.930s] Level 5:colcon.colcon_core.verb:set package 'amr_cpp_examples' build argument 'cmake_target_skip_unavailable' from command line to 'False'
[0.930s] Level 5:colcon.colcon_core.verb:set package 'amr_cpp_examples' build argument 'cmake_clean_cache' from command line to 'False'
[0.930s] Level 5:colcon.colcon_core.verb:set package 'amr_cpp_examples' build argument 'cmake_clean_first' from command line to 'False'
[0.930s] Level 5:colcon.colcon_core.verb:set package 'amr_cpp_examples' build argument 'cmake_force_configure' from command line to 'False'
[0.930s] Level 5:colcon.colcon_core.verb:set package 'amr_cpp_examples' build argument 'ament_cmake_args' from command line to 'None'
[0.930s] Level 5:colcon.colcon_core.verb:set package 'amr_cpp_examples' build argument 'catkin_cmake_args' from command line to 'None'
[0.930s] Level 5:colcon.colcon_core.verb:set package 'amr_cpp_examples' build argument 'catkin_skip_building_tests' from command line to 'False'
[0.930s] DEBUG:colcon.colcon_core.verb:Building package 'amr_cpp_examples' with the following arguments: {'ament_cmake_args': None, 'build_base': '/home/skytold/workspace/amr_ws/build/amr_cpp_examples', 'catkin_cmake_args': None, 'catkin_skip_building_tests': False, 'cmake_args': None, 'cmake_clean_cache': False, 'cmake_clean_first': False, 'cmake_force_configure': False, 'cmake_target': None, 'cmake_target_skip_unavailable': False, 'install_base': '/home/skytold/workspace/amr_ws/install/amr_cpp_examples', 'merge_install': False, 'path': '/home/skytold/workspace/amr_ws/src/amr_cpp_examples', 'symlink_install': False, 'test_result_base': None}
[0.931s] Level 5:colcon.colcon_core.verb:set package 'amr_description' build argument 'cmake_args' from command line to 'None'
[0.931s] Level 5:colcon.colcon_core.verb:set package 'amr_description' build argument 'cmake_target' from command line to 'None'
[0.931s] Level 5:colcon.colcon_core.verb:set package 'amr_description' build argument 'cmake_target_skip_unavailable' from command line to 'False'
[0.931s] Level 5:colcon.colcon_core.verb:set package 'amr_description' build argument 'cmake_clean_cache' from command line to 'False'
[0.931s] Level 5:colcon.colcon_core.verb:set package 'amr_description' build argument 'cmake_clean_first' from command line to 'False'
[0.931s] Level 5:colcon.colcon_core.verb:set package 'amr_description' build argument 'cmake_force_configure' from command line to 'False'
[0.931s] Level 5:colcon.colcon_core.verb:set package 'amr_description' build argument 'ament_cmake_args' from command line to 'None'
[0.931s] Level 5:colcon.colcon_core.verb:set package 'amr_description' build argument 'catkin_cmake_args' from command line to 'None'
[0.931s] Level 5:colcon.colcon_core.verb:set package 'amr_description' build argument 'catkin_skip_building_tests' from command line to 'False'
[0.931s] DEBUG:colcon.colcon_core.verb:Building package 'amr_description' with the following arguments: {'ament_cmake_args': None, 'build_base': '/home/skytold/workspace/amr_ws/build/amr_description', 'catkin_cmake_args': None, 'catkin_skip_building_tests': False, 'cmake_args': None, 'cmake_clean_cache': False, 'cmake_clean_first': False, 'cmake_force_configure': False, 'cmake_target': None, 'cmake_target_skip_unavailable': False, 'install_base': '/home/skytold/workspace/amr_ws/install/amr_description', 'merge_install': False, 'path': '/home/skytold/workspace/amr_ws/src/amr_description', 'symlink_install': False, 'test_result_base': None}
[0.932s] Level 5:colcon.colcon_core.verb:set package 'amr_py_examples' build argument 'cmake_args' from command line to 'None'
[0.932s] Level 5:colcon.colcon_core.verb:set package 'amr_py_examples' build argument 'cmake_target' from command line to 'None'
[0.932s] Level 5:colcon.colcon_core.verb:set package 'amr_py_examples' build argument 'cmake_target_skip_unavailable' from command line to 'False'
[0.932s] Level 5:colcon.colcon_core.verb:set package 'amr_py_examples' build argument 'cmake_clean_cache' from command line to 'False'
[0.932s] Level 5:colcon.colcon_core.verb:set package 'amr_py_examples' build argument 'cmake_clean_first' from command line to 'False'
[0.933s] Level 5:colcon.colcon_core.verb:set package 'amr_py_examples' build argument 'cmake_force_configure' from command line to 'False'
[0.933s] Level 5:colcon.colcon_core.verb:set package 'amr_py_examples' build argument 'ament_cmake_args' from command line to 'None'
[0.933s] Level 5:colcon.colcon_core.verb:set package 'amr_py_examples' build argument 'catkin_cmake_args' from command line to 'None'
[0.933s] Level 5:colcon.colcon_core.verb:set package 'amr_py_examples' build argument 'catkin_skip_building_tests' from command line to 'False'
[0.933s] DEBUG:colcon.colcon_core.verb:Building package 'amr_py_examples' with the following arguments: {'ament_cmake_args': None, 'build_base': '/home/skytold/workspace/amr_ws/build/amr_py_examples', 'catkin_cmake_args': None, 'catkin_skip_building_tests': False, 'cmake_args': None, 'cmake_clean_cache': False, 'cmake_clean_first': False, 'cmake_force_configure': False, 'cmake_target': None, 'cmake_target_skip_unavailable': False, 'install_base': '/home/skytold/workspace/amr_ws/install/amr_py_examples', 'merge_install': False, 'path': '/home/skytold/workspace/amr_ws/src/amr_py_examples', 'symlink_install': False, 'test_result_base': None}
[0.933s] INFO:colcon.colcon_core.executor:Executing jobs using 'parallel' executor
[0.936s] DEBUG:colcon.colcon_parallel_executor.executor.parallel:run_until_complete
[0.937s] INFO:colcon.colcon_ros.task.ament_cmake.build:Building ROS package in '/home/skytold/workspace/amr_ws/src/amr_controller' with build type 'ament_cmake'
[0.937s] INFO:colcon.colcon_cmake.task.cmake.build:Building CMake package in '/home/skytold/workspace/amr_ws/src/amr_controller'
[0.942s] INFO:colcon.colcon_core.plugin_system:Skipping extension 'colcon_core.shell.bat': Not used on non-Windows systems
[0.943s] INFO:colcon.colcon_core.shell:Skip shell extension 'powershell' for command environment: Not usable outside of PowerShell
[0.943s] DEBUG:colcon.colcon_core.shell:Skip shell extension 'dsv' for command environment
[0.954s] INFO:colcon.colcon_ros.task.ament_cmake.build:Building ROS package in '/home/skytold/workspace/amr_ws/src/amr_cpp_examples' with build type 'ament_cmake'
[0.955s] INFO:colcon.colcon_cmake.task.cmake.build:Building CMake package in '/home/skytold/workspace/amr_ws/src/amr_cpp_examples'
[0.956s] INFO:colcon.colcon_core.shell:Skip shell extension 'powershell' for command environment: Not usable outside of PowerShell
[0.956s] DEBUG:colcon.colcon_core.shell:Skip shell extension 'dsv' for command environment
[0.975s] INFO:colcon.colcon_ros.task.ament_cmake.build:Building ROS package in '/home/skytold/workspace/amr_ws/src/amr_description' with build type 'ament_cmake'
[0.976s] INFO:colcon.colcon_cmake.task.cmake.build:Building CMake package in '/home/skytold/workspace/amr_ws/src/amr_description'
[0.977s] INFO:colcon.colcon_core.shell:Skip shell extension 'powershell' for command environment: Not usable outside of PowerShell
[0.978s] DEBUG:colcon.colcon_core.shell:Skip shell extension 'dsv' for command environment
[0.993s] INFO:colcon.colcon_ros.task.ament_python.build:Building ROS package in '/home/skytold/workspace/amr_ws/src/amr_py_examples' with build type 'ament_python'
[0.994s] Level 1:colcon.colcon_core.shell:create_environment_hook('amr_py_examples', 'ament_prefix_path')
[0.995s] INFO:colcon.colcon_core.shell:Creating environment hook '/home/skytold/workspace/amr_ws/install/amr_py_examples/share/amr_py_examples/hook/ament_prefix_path.ps1'
[0.997s] INFO:colcon.colcon_core.shell:Creating environment descriptor '/home/skytold/workspace/amr_ws/install/amr_py_examples/share/amr_py_examples/hook/ament_prefix_path.dsv'
[0.999s] INFO:colcon.colcon_core.shell:Creating environment hook '/home/skytold/workspace/amr_ws/install/amr_py_examples/share/amr_py_examples/hook/ament_prefix_path.sh'
[1.001s] INFO:colcon.colcon_core.shell:Skip shell extension 'powershell' for command environment: Not usable outside of PowerShell
[1.001s] DEBUG:colcon.colcon_core.shell:Skip shell extension 'dsv' for command environment
[1.023s] DEBUG:colcon.colcon_core.event_handler.log_command:Invoking command in '/home/skytold/workspace/amr_ws/build/amr_controller': CMAKE_PREFIX_PATH=${CMAKE_PREFIX_PATH}:/home/skytold/workspace/amr_ws/install/amr_py_examples:/opt/ros/humble /usr/bin/cmake --build /home/skytold/workspace/amr_ws/build/amr_controller -- -j20 -l20
[1.036s] DEBUG:colcon.colcon_core.event_handler.log_command:Invoking command in '/home/skytold/workspace/amr_ws/build/amr_cpp_examples': CMAKE_PREFIX_PATH=${CMAKE_PREFIX_PATH}:/home/skytold/workspace/amr_ws/install/amr_py_examples:/opt/ros/humble /usr/bin/cmake --build /home/skytold/workspace/amr_ws/build/amr_cpp_examples -- -j20 -l20
[1.050s] DEBUG:colcon.colcon_core.event_handler.log_command:Invoking command in '/home/skytold/workspace/amr_ws/build/amr_description': CMAKE_PREFIX_PATH=${CMAKE_PREFIX_PATH}:/home/skytold/workspace/amr_ws/install/amr_py_examples:/opt/ros/humble /usr/bin/cmake --build /home/skytold/workspace/amr_ws/build/amr_description -- -j20 -l20
[1.822s] INFO:colcon.colcon_core.task.python.build:Building Python package in '/home/skytold/workspace/amr_ws/src/amr_py_examples'
[1.822s] INFO:colcon.colcon_core.shell:Skip shell extension 'powershell' for command environment: Not usable outside of PowerShell
[1.822s] DEBUG:colcon.colcon_core.shell:Skip shell extension 'dsv' for command environment
[1.834s] DEBUG:colcon.colcon_core.event_handler.log_command:Invoked command in '/home/skytold/workspace/amr_ws/build/amr_cpp_examples' returned '0': CMAKE_PREFIX_PATH=${CMAKE_PREFIX_PATH}:/home/skytold/workspace/amr_ws/install/amr_py_examples:/opt/ros/humble /usr/bin/cmake --build /home/skytold/workspace/amr_ws/build/amr_cpp_examples -- -j20 -l20
[1.868s] DEBUG:colcon.colcon_core.event_handler.log_command:Invoking command in '/home/skytold/workspace/amr_ws/build/amr_cpp_examples': CMAKE_PREFIX_PATH=${CMAKE_PREFIX_PATH}:/home/skytold/workspace/amr_ws/install/amr_py_examples:/opt/ros/humble /usr/bin/cmake --install /home/skytold/workspace/amr_ws/build/amr_cpp_examples
[1.872s] DEBUG:colcon.colcon_core.event_handler.log_command:Invoked command in '/home/skytold/workspace/amr_ws/build/amr_description' returned '0': CMAKE_PREFIX_PATH=${CMAKE_PREFIX_PATH}:/home/skytold/workspace/amr_ws/install/amr_py_examples:/opt/ros/humble /usr/bin/cmake --build /home/skytold/workspace/amr_ws/build/amr_description -- -j20 -l20
[1.877s] DEBUG:colcon.colcon_core.event_handler.log_command:Invoking command in '/home/skytold/workspace/amr_ws/build/amr_description': CMAKE_PREFIX_PATH=${CMAKE_PREFIX_PATH}:/home/skytold/workspace/amr_ws/install/amr_py_examples:/opt/ros/humble /usr/bin/cmake --install /home/skytold/workspace/amr_ws/build/amr_description
[1.902s] Level 1:colcon.colcon_core.environment:create_environment_scripts_only(amr_cpp_examples)
[1.909s] DEBUG:colcon.colcon_core.event_handler.log_command:Invoked command in '/home/skytold/workspace/amr_ws/build/amr_cpp_examples' returned '0': CMAKE_PREFIX_PATH=${CMAKE_PREFIX_PATH}:/home/skytold/workspace/amr_ws/install/amr_py_examples:/opt/ros/humble /usr/bin/cmake --install /home/skytold/workspace/amr_ws/build/amr_cpp_examples
[1.915s] Level 1:colcon.colcon_core.environment:checking '/home/skytold/workspace/amr_ws/install/amr_cpp_examples' for CMake module files
[1.916s] Level 1:colcon.colcon_core.environment:checking '/home/skytold/workspace/amr_ws/install/amr_cpp_examples' for CMake config files
[1.917s] Level 1:colcon.colcon_core.shell:create_environment_hook('amr_cpp_examples', 'cmake_prefix_path')
[1.918s] INFO:colcon.colcon_core.shell:Creating environment hook '/home/skytold/workspace/amr_ws/install/amr_cpp_examples/share/amr_cpp_examples/hook/cmake_prefix_path.ps1'
[1.921s] INFO:colcon.colcon_core.shell:Creating environment descriptor '/home/skytold/workspace/amr_ws/install/amr_cpp_examples/share/amr_cpp_examples/hook/cmake_prefix_path.dsv'
[1.923s] INFO:colcon.colcon_core.shell:Creating environment hook '/home/skytold/workspace/amr_ws/install/amr_cpp_examples/share/amr_cpp_examples/hook/cmake_prefix_path.sh'
[1.926s] Level 1:colcon.colcon_core.environment:checking '/home/skytold/workspace/amr_ws/install/amr_cpp_examples/lib'
[1.927s] Level 1:colcon.colcon_core.environment:checking '/home/skytold/workspace/amr_ws/install/amr_cpp_examples/bin'
[1.928s] Level 1:colcon.colcon_core.environment:checking '/home/skytold/workspace/amr_ws/install/amr_cpp_examples/lib/pkgconfig/amr_cpp_examples.pc'
[1.929s] Level 1:colcon.colcon_core.environment:checking '/home/skytold/workspace/amr_ws/install/amr_cpp_examples/lib/python3.10/site-packages'
[1.930s] Level 1:colcon.colcon_core.environment:checking '/home/skytold/workspace/amr_ws/install/amr_cpp_examples/bin'
[1.931s] INFO:colcon.colcon_core.shell:Creating package script '/home/skytold/workspace/amr_ws/install/amr_cpp_examples/share/amr_cpp_examples/package.ps1'
[1.935s] INFO:colcon.colcon_core.shell:Creating package descriptor '/home/skytold/workspace/amr_ws/install/amr_cpp_examples/share/amr_cpp_examples/package.dsv'
[1.940s] INFO:colcon.colcon_core.shell:Creating package script '/home/skytold/workspace/amr_ws/install/amr_cpp_examples/share/amr_cpp_examples/package.sh'
[1.946s] INFO:colcon.colcon_core.shell:Creating package script '/home/skytold/workspace/amr_ws/install/amr_cpp_examples/share/amr_cpp_examples/package.bash'
[1.950s] INFO:colcon.colcon_core.shell:Creating package script '/home/skytold/workspace/amr_ws/install/amr_cpp_examples/share/amr_cpp_examples/package.zsh'
[1.952s] Level 1:colcon.colcon_core.environment:create_file_with_runtime_dependencies(/home/skytold/workspace/amr_ws/install/amr_cpp_examples/share/colcon-core/packages/amr_cpp_examples)
[1.954s] Level 1:colcon.colcon_core.environment:create_environment_scripts_only(amr_cpp_examples)
[1.954s] Level 1:colcon.colcon_core.environment:checking '/home/skytold/workspace/amr_ws/install/amr_cpp_examples' for CMake module files
[1.956s] Level 1:colcon.colcon_core.environment:checking '/home/skytold/workspace/amr_ws/install/amr_cpp_examples' for CMake config files
[1.957s] Level 1:colcon.colcon_core.shell:create_environment_hook('amr_cpp_examples', 'cmake_prefix_path')
[1.957s] INFO:colcon.colcon_core.shell:Creating environment hook '/home/skytold/workspace/amr_ws/install/amr_cpp_examples/share/amr_cpp_examples/hook/cmake_prefix_path.ps1'
[1.958s] INFO:colcon.colcon_core.shell:Creating environment descriptor '/home/skytold/workspace/amr_ws/install/amr_cpp_examples/share/amr_cpp_examples/hook/cmake_prefix_path.dsv'
[1.959s] INFO:colcon.colcon_core.shell:Creating environment hook '/home/skytold/workspace/amr_ws/install/amr_cpp_examples/share/amr_cpp_examples/hook/cmake_prefix_path.sh'
[1.961s] Level 1:colcon.colcon_core.environment:checking '/home/skytold/workspace/amr_ws/install/amr_cpp_examples/lib'
[1.961s] Level 1:colcon.colcon_core.environment:checking '/home/skytold/workspace/amr_ws/install/amr_cpp_examples/bin'
[1.961s] Level 1:colcon.colcon_core.environment:checking '/home/skytold/workspace/amr_ws/install/amr_cpp_examples/lib/pkgconfig/amr_cpp_examples.pc'
[1.962s] Level 1:colcon.colcon_core.environment:checking '/home/skytold/workspace/amr_ws/install/amr_cpp_examples/lib/python3.10/site-packages'
[1.962s] Level 1:colcon.colcon_core.environment:checking '/home/skytold/workspace/amr_ws/install/amr_cpp_examples/bin'
[1.963s] INFO:colcon.colcon_core.shell:Creating package script '/home/skytold/workspace/amr_ws/install/amr_cpp_examples/share/amr_cpp_examples/package.ps1'
[1.964s] INFO:colcon.colcon_core.shell:Creating package descriptor '/home/skytold/workspace/amr_ws/install/amr_cpp_examples/share/amr_cpp_examples/package.dsv'
[1.965s] INFO:colcon.colcon_core.shell:Creating package script '/home/skytold/workspace/amr_ws/install/amr_cpp_examples/share/amr_cpp_examples/package.sh'
[1.966s] INFO:colcon.colcon_core.shell:Creating package script '/home/skytold/workspace/amr_ws/install/amr_cpp_examples/share/amr_cpp_examples/package.bash'
[1.967s] INFO:colcon.colcon_core.shell:Creating package script '/home/skytold/workspace/amr_ws/install/amr_cpp_examples/share/amr_cpp_examples/package.zsh'
[1.968s] Level 1:colcon.colcon_core.environment:create_file_with_runtime_dependencies(/home/skytold/workspace/amr_ws/install/amr_cpp_examples/share/colcon-core/packages/amr_cpp_examples)
[1.971s] Level 1:colcon.colcon_core.environment:create_environment_scripts_only(amr_description)
[1.973s] Level 1:colcon.colcon_core.environment:checking '/home/skytold/workspace/amr_ws/install/amr_description' for CMake module files
[1.977s] DEBUG:colcon.colcon_core.event_handler.log_command:Invoked command in '/home/skytold/workspace/amr_ws/build/amr_description' returned '0': CMAKE_PREFIX_PATH=${CMAKE_PREFIX_PATH}:/home/skytold/workspace/amr_ws/install/amr_py_examples:/opt/ros/humble /usr/bin/cmake --install /home/skytold/workspace/amr_ws/build/amr_description
[1.978s] Level 1:colcon.colcon_core.environment:checking '/home/skytold/workspace/amr_ws/install/amr_description' for CMake config files
[1.979s] Level 1:colcon.colcon_core.shell:create_environment_hook('amr_description', 'cmake_prefix_path')
[1.980s] INFO:colcon.colcon_core.shell:Creating environment hook '/home/skytold/workspace/amr_ws/install/amr_description/share/amr_description/hook/cmake_prefix_path.ps1'
[1.982s] INFO:colcon.colcon_core.shell:Creating environment descriptor '/home/skytold/workspace/amr_ws/install/amr_description/share/amr_description/hook/cmake_prefix_path.dsv'
[1.984s] INFO:colcon.colcon_core.shell:Creating environment hook '/home/skytold/workspace/amr_ws/install/amr_description/share/amr_description/hook/cmake_prefix_path.sh'
[1.987s] Level 1:colcon.colcon_core.environment:checking '/home/skytold/workspace/amr_ws/install/amr_description/bin'
[1.987s] Level 1:colcon.colcon_core.environment:checking '/home/skytold/workspace/amr_ws/install/amr_description/lib/pkgconfig/amr_description.pc'
[1.988s] Level 1:colcon.colcon_core.environment:checking '/home/skytold/workspace/amr_ws/install/amr_description/lib/python3.10/site-packages'
[1.989s] Level 1:colcon.colcon_core.environment:checking '/home/skytold/workspace/amr_ws/install/amr_description/bin'
[1.990s] INFO:colcon.colcon_core.shell:Creating package script '/home/skytold/workspace/amr_ws/install/amr_description/share/amr_description/package.ps1'
[1.992s] INFO:colcon.colcon_core.shell:Creating package descriptor '/home/skytold/workspace/amr_ws/install/amr_description/share/amr_description/package.dsv'
[1.994s] INFO:colcon.colcon_core.shell:Creating package script '/home/skytold/workspace/amr_ws/install/amr_description/share/amr_description/package.sh'
[1.996s] INFO:colcon.colcon_core.shell:Creating package script '/home/skytold/workspace/amr_ws/install/amr_description/share/amr_description/package.bash'
[1.998s] INFO:colcon.colcon_core.shell:Creating package script '/home/skytold/workspace/amr_ws/install/amr_description/share/amr_description/package.zsh'
[1.999s] Level 1:colcon.colcon_core.environment:create_file_with_runtime_dependencies(/home/skytold/workspace/amr_ws/install/amr_description/share/colcon-core/packages/amr_description)
[2.001s] Level 1:colcon.colcon_core.environment:create_environment_scripts_only(amr_description)
[2.002s] Level 1:colcon.colcon_core.environment:checking '/home/skytold/workspace/amr_ws/install/amr_description' for CMake module files
[2.004s] Level 1:colcon.colcon_core.environment:checking '/home/skytold/workspace/amr_ws/install/amr_description' for CMake config files
[2.005s] Level 1:colcon.colcon_core.shell:create_environment_hook('amr_description', 'cmake_prefix_path')
[2.006s] INFO:colcon.colcon_core.shell:Creating environment hook '/home/skytold/workspace/amr_ws/install/amr_description/share/amr_description/hook/cmake_prefix_path.ps1'
[2.007s] INFO:colcon.colcon_core.shell:Creating environment descriptor '/home/skytold/workspace/amr_ws/install/amr_description/share/amr_description/hook/cmake_prefix_path.dsv'
[2.008s] INFO:colcon.colcon_core.shell:Creating environment hook '/home/skytold/workspace/amr_ws/install/amr_description/share/amr_description/hook/cmake_prefix_path.sh'
[2.010s] Level 1:colcon.colcon_core.environment:checking '/home/skytold/workspace/amr_ws/install/amr_description/bin'
[2.010s] Level 1:colcon.colcon_core.environment:checking '/home/skytold/workspace/amr_ws/install/amr_description/lib/pkgconfig/amr_description.pc'
[2.011s] Level 1:colcon.colcon_core.environment:checking '/home/skytold/workspace/amr_ws/install/amr_description/lib/python3.10/site-packages'
[2.011s] Level 1:colcon.colcon_core.environment:checking '/home/skytold/workspace/amr_ws/install/amr_description/bin'
[2.012s] INFO:colcon.colcon_core.shell:Creating package script '/home/skytold/workspace/amr_ws/install/amr_description/share/amr_description/package.ps1'
[2.013s] INFO:colcon.colcon_core.shell:Creating package descriptor '/home/skytold/workspace/amr_ws/install/amr_description/share/amr_description/package.dsv'
[2.015s] INFO:colcon.colcon_core.shell:Creating package script '/home/skytold/workspace/amr_ws/install/amr_description/share/amr_description/package.sh'
[2.016s] INFO:colcon.colcon_core.shell:Creating package script '/home/skytold/workspace/amr_ws/install/amr_description/share/amr_description/package.bash'
[2.017s] INFO:colcon.colcon_core.shell:Creating package script '/home/skytold/workspace/amr_ws/install/amr_description/share/amr_description/package.zsh'
[2.018s] Level 1:colcon.colcon_core.environment:create_file_with_runtime_dependencies(/home/skytold/workspace/amr_ws/install/amr_description/share/colcon-core/packages/amr_description)
[2.070s] DEBUG:colcon.colcon_core.event_handler.log_command:Invoked command in '/home/skytold/workspace/amr_ws/build/amr_controller' returned '0': CMAKE_PREFIX_PATH=${CMAKE_PREFIX_PATH}:/home/skytold/workspace/amr_ws/install/amr_py_examples:/opt/ros/humble /usr/bin/cmake --build /home/skytold/workspace/amr_ws/build/amr_controller -- -j20 -l20
[2.075s] DEBUG:colcon.colcon_core.event_handler.log_command:Invoking command in '/home/skytold/workspace/amr_ws/build/amr_controller': CMAKE_PREFIX_PATH=${CMAKE_PREFIX_PATH}:/home/skytold/workspace/amr_ws/install/amr_py_examples:/opt/ros/humble /usr/bin/cmake --install /home/skytold/workspace/amr_ws/build/amr_controller
[2.221s] Level 1:colcon.colcon_core.environment:create_environment_scripts_only(amr_controller)
[2.222s] Level 1:colcon.colcon_core.environment:checking '/home/skytold/workspace/amr_ws/install/amr_controller' for CMake module files
[2.225s] DEBUG:colcon.colcon_core.event_handler.log_command:Invoked command in '/home/skytold/workspace/amr_ws/build/amr_controller' returned '0': CMAKE_PREFIX_PATH=${CMAKE_PREFIX_PATH}:/home/skytold/workspace/amr_ws/install/amr_py_examples:/opt/ros/humble /usr/bin/cmake --install /home/skytold/workspace/amr_ws/build/amr_controller
[2.226s] Level 1:colcon.colcon_core.environment:checking '/home/skytold/workspace/amr_ws/install/amr_controller' for CMake config files
[2.227s] Level 1:colcon.colcon_core.shell:create_environment_hook('amr_controller', 'cmake_prefix_path')
[2.228s] INFO:colcon.colcon_core.shell:Creating environment hook '/home/skytold/workspace/amr_ws/install/amr_controller/share/amr_controller/hook/cmake_prefix_path.ps1'
[2.229s] INFO:colcon.colcon_core.shell:Creating environment descriptor '/home/skytold/workspace/amr_ws/install/amr_controller/share/amr_controller/hook/cmake_prefix_path.dsv'
[2.230s] INFO:colcon.colcon_core.shell:Creating environment hook '/home/skytold/workspace/amr_ws/install/amr_controller/share/amr_controller/hook/cmake_prefix_path.sh'
[2.232s] Level 1:colcon.colcon_core.environment:checking '/home/skytold/workspace/amr_ws/install/amr_controller/lib'
[2.232s] Level 1:colcon.colcon_core.environment:checking '/home/skytold/workspace/amr_ws/install/amr_controller/bin'
[2.232s] Level 1:colcon.colcon_core.environment:checking '/home/skytold/workspace/amr_ws/install/amr_controller/lib/pkgconfig/amr_controller.pc'
[2.233s] Level 1:colcon.colcon_core.environment:checking '/home/skytold/workspace/amr_ws/install/amr_controller/lib/python3.10/site-packages'
[2.234s] Level 1:colcon.colcon_core.environment:checking '/home/skytold/workspace/amr_ws/install/amr_controller/bin'
[2.235s] INFO:colcon.colcon_core.shell:Creating package script '/home/skytold/workspace/amr_ws/install/amr_controller/share/amr_controller/package.ps1'
[2.237s] INFO:colcon.colcon_core.shell:Creating package descriptor '/home/skytold/workspace/amr_ws/install/amr_controller/share/amr_controller/package.dsv'
[2.239s] INFO:colcon.colcon_core.shell:Creating package script '/home/skytold/workspace/amr_ws/install/amr_controller/share/amr_controller/package.sh'
[2.240s] INFO:colcon.colcon_core.shell:Creating package script '/home/skytold/workspace/amr_ws/install/amr_controller/share/amr_controller/package.bash'
[2.242s] INFO:colcon.colcon_core.shell:Creating package script '/home/skytold/workspace/amr_ws/install/amr_controller/share/amr_controller/package.zsh'
[2.243s] Level 1:colcon.colcon_core.environment:create_file_with_runtime_dependencies(/home/skytold/workspace/amr_ws/install/amr_controller/share/colcon-core/packages/amr_controller)
[2.244s] Level 1:colcon.colcon_core.environment:create_environment_scripts_only(amr_controller)
[2.244s] Level 1:colcon.colcon_core.environment:checking '/home/skytold/workspace/amr_ws/install/amr_controller' for CMake module files
[2.247s] Level 1:colcon.colcon_core.environment:checking '/home/skytold/workspace/amr_ws/install/amr_controller' for CMake config files
[2.248s] Level 1:colcon.colcon_core.shell:create_environment_hook('amr_controller', 'cmake_prefix_path')
[2.248s] INFO:colcon.colcon_core.shell:Creating environment hook '/home/skytold/workspace/amr_ws/install/amr_controller/share/amr_controller/hook/cmake_prefix_path.ps1'
[2.250s] INFO:colcon.colcon_core.shell:Creating environment descriptor '/home/skytold/workspace/amr_ws/install/amr_controller/share/amr_controller/hook/cmake_prefix_path.dsv'
[2.251s] INFO:colcon.colcon_core.shell:Creating environment hook '/home/skytold/workspace/amr_ws/install/amr_controller/share/amr_controller/hook/cmake_prefix_path.sh'
[2.253s] Level 1:colcon.colcon_core.environment:checking '/home/skytold/workspace/amr_ws/install/amr_controller/lib'
[2.253s] Level 1:colcon.colcon_core.environment:checking '/home/skytold/workspace/amr_ws/install/amr_controller/bin'
[2.253s] Level 1:colcon.colcon_core.environment:checking '/home/skytold/workspace/amr_ws/install/amr_controller/lib/pkgconfig/amr_controller.pc'
[2.254s] Level 1:colcon.colcon_core.environment:checking '/home/skytold/workspace/amr_ws/install/amr_controller/lib/python3.10/site-packages'
[2.255s] Level 1:colcon.colcon_core.environment:checking '/home/skytold/workspace/amr_ws/install/amr_controller/bin'
[2.255s] INFO:colcon.colcon_core.shell:Creating package script '/home/skytold/workspace/amr_ws/install/amr_controller/share/amr_controller/package.ps1'
[2.257s] INFO:colcon.colcon_core.shell:Creating package descriptor '/home/skytold/workspace/amr_ws/install/amr_controller/share/amr_controller/package.dsv'
[2.259s] INFO:colcon.colcon_core.shell:Creating package script '/home/skytold/workspace/amr_ws/install/amr_controller/share/amr_controller/package.sh'
[2.260s] INFO:colcon.colcon_core.shell:Creating package script '/home/skytold/workspace/amr_ws/install/amr_controller/share/amr_controller/package.bash'
[2.262s] INFO:colcon.colcon_core.shell:Creating package script '/home/skytold/workspace/amr_ws/install/amr_controller/share/amr_controller/package.zsh'
[2.263s] Level 1:colcon.colcon_core.environment:create_file_with_runtime_dependencies(/home/skytold/workspace/amr_ws/install/amr_controller/share/colcon-core/packages/amr_controller)
[2.830s] DEBUG:colcon.colcon_core.event_handler.log_command:Invoking command in '/home/skytold/workspace/amr_ws/src/amr_py_examples': PYTHONPATH=/home/skytold/workspace/amr_ws/build/amr_py_examples/prefix_override:/usr/lib/python3/dist-packages/colcon_core/task/python/colcon_distutils_commands:/home/skytold/workspace/amr_ws/install/amr_py_examples/lib/python3.10/site-packages:${PYTHONPATH} /usr/bin/python3 -W ignore:setup.py install is deprecated -W ignore:easy_install command is deprecated setup.py egg_info --egg-base ../../build/amr_py_examples build --build-base /home/skytold/workspace/amr_ws/build/amr_py_examples/build install --record /home/skytold/workspace/amr_ws/build/amr_py_examples/install.log --single-version-externally-managed install_data
[3.599s] Level 1:colcon.colcon_core.environment:checking '/home/skytold/workspace/amr_ws/install/amr_py_examples' for CMake module files
[3.600s] DEBUG:colcon.colcon_core.event_handler.log_command:Invoked command in '/home/skytold/workspace/amr_ws/src/amr_py_examples' returned '0': PYTHONPATH=/home/skytold/workspace/amr_ws/build/amr_py_examples/prefix_override:/usr/lib/python3/dist-packages/colcon_core/task/python/colcon_distutils_commands:/home/skytold/workspace/amr_ws/install/amr_py_examples/lib/python3.10/site-packages:${PYTHONPATH} /usr/bin/python3 -W ignore:setup.py install is deprecated -W ignore:easy_install command is deprecated setup.py egg_info --egg-base ../../build/amr_py_examples build --build-base /home/skytold/workspace/amr_ws/build/amr_py_examples/build install --record /home/skytold/workspace/amr_ws/build/amr_py_examples/install.log --single-version-externally-managed install_data
[3.601s] Level 1:colcon.colcon_core.environment:checking '/home/skytold/workspace/amr_ws/install/amr_py_examples' for CMake config files
[3.603s] Level 1:colcon.colcon_core.environment:checking '/home/skytold/workspace/amr_ws/install/amr_py_examples/lib'
[3.603s] Level 1:colcon.colcon_core.environment:checking '/home/skytold/workspace/amr_ws/install/amr_py_examples/bin'
[3.603s] Level 1:colcon.colcon_core.environment:checking '/home/skytold/workspace/amr_ws/install/amr_py_examples/lib/pkgconfig/amr_py_examples.pc'
[3.604s] Level 1:colcon.colcon_core.environment:checking '/home/skytold/workspace/amr_ws/install/amr_py_examples/lib/python3.10/site-packages'
[3.604s] Level 1:colcon.colcon_core.shell:create_environment_hook('amr_py_examples', 'pythonpath')
[3.605s] INFO:colcon.colcon_core.shell:Creating environment hook '/home/skytold/workspace/amr_ws/install/amr_py_examples/share/amr_py_examples/hook/pythonpath.ps1'
[3.606s] INFO:colcon.colcon_core.shell:Creating environment descriptor '/home/skytold/workspace/amr_ws/install/amr_py_examples/share/amr_py_examples/hook/pythonpath.dsv'
[3.607s] INFO:colcon.colcon_core.shell:Creating environment hook '/home/skytold/workspace/amr_ws/install/amr_py_examples/share/amr_py_examples/hook/pythonpath.sh'
[3.609s] Level 1:colcon.colcon_core.environment:checking '/home/skytold/workspace/amr_ws/install/amr_py_examples/bin'
[3.609s] Level 1:colcon.colcon_core.environment:create_environment_scripts_only(amr_py_examples)
[3.610s] INFO:colcon.colcon_core.shell:Creating package script '/home/skytold/workspace/amr_ws/install/amr_py_examples/share/amr_py_examples/package.ps1'
[3.611s] INFO:colcon.colcon_core.shell:Creating package descriptor '/home/skytold/workspace/amr_ws/install/amr_py_examples/share/amr_py_examples/package.dsv'
[3.613s] INFO:colcon.colcon_core.shell:Creating package script '/home/skytold/workspace/amr_ws/install/amr_py_examples/share/amr_py_examples/package.sh'
[3.615s] INFO:colcon.colcon_core.shell:Creating package script '/home/skytold/workspace/amr_ws/install/amr_py_examples/share/amr_py_examples/package.bash'
[3.617s] INFO:colcon.colcon_core.shell:Creating package script '/home/skytold/workspace/amr_ws/install/amr_py_examples/share/amr_py_examples/package.zsh'
[3.618s] Level 1:colcon.colcon_core.environment:create_file_with_runtime_dependencies(/home/skytold/workspace/amr_ws/install/amr_py_examples/share/colcon-core/packages/amr_py_examples)
[3.619s] DEBUG:colcon.colcon_parallel_executor.executor.parallel:closing loop
[3.620s] DEBUG:colcon.colcon_parallel_executor.executor.parallel:loop closed
[3.620s] DEBUG:colcon.colcon_parallel_executor.executor.parallel:run_until_complete finished with '0'
[3.620s] DEBUG:colcon.colcon_core.event_reactor:joining thread
[3.640s] INFO:colcon.colcon_core.plugin_system:Skipping extension 'colcon_notification.desktop_notification.notify_send': Could not find 'notify-send'
[3.640s] INFO:colcon.colcon_core.plugin_system:Skipping extension 'colcon_notification.desktop_notification.terminal_notifier': Not used on non-Darwin systems
[3.640s] INFO:colcon.colcon_core.plugin_system:Skipping extension 'colcon_notification.desktop_notification.win32': Not used on non-Windows systems
[3.640s] INFO:colcon.colcon_notification.desktop_notification:Sending desktop notification using 'notify2'
[3.647s] DEBUG:colcon.colcon_notification.desktop_notification.notify2:Failed to initialize notify2: org.freedesktop.DBus.Error.Spawn.ExecFailed: /usr/bin/dbus-launch terminated abnormally without any error message
[3.648s] DEBUG:colcon.colcon_core.event_reactor:joined thread
[3.650s] INFO:colcon.colcon_core.shell:Creating prefix script '/home/skytold/workspace/amr_ws/install/local_setup.ps1'
[3.652s] INFO:colcon.colcon_core.shell:Creating prefix util module '/home/skytold/workspace/amr_ws/install/_local_setup_util_ps1.py'
[3.655s] INFO:colcon.colcon_core.shell:Creating prefix chain script '/home/skytold/workspace/amr_ws/install/setup.ps1'
[3.658s] INFO:colcon.colcon_core.shell:Creating prefix script '/home/skytold/workspace/amr_ws/install/local_setup.sh'
[3.660s] INFO:colcon.colcon_core.shell:Creating prefix util module '/home/skytold/workspace/amr_ws/install/_local_setup_util_sh.py'
[3.662s] INFO:colcon.colcon_core.shell:Creating prefix chain script '/home/skytold/workspace/amr_ws/install/setup.sh'
[3.665s] INFO:colcon.colcon_core.shell:Creating prefix script '/home/skytold/workspace/amr_ws/install/local_setup.bash'
[3.666s] INFO:colcon.colcon_core.shell:Creating prefix chain script '/home/skytold/workspace/amr_ws/install/setup.bash'
[3.669s] INFO:colcon.colcon_core.shell:Creating prefix script '/home/skytold/workspace/amr_ws/install/local_setup.zsh'
[3.670s] INFO:colcon.colcon_core.shell:Creating prefix chain script '/home/skytold/workspace/amr_ws/install/setup.zsh'
