[0.018s] Invoking command in '/home/skytold/workspace/amr_ws/build/amr_controller': CMAKE_PREFIX_PATH=${CMAKE_PREFIX_PATH}:/home/skytold/workspace/amr_ws/install/amr_py_examples:/opt/ros/humble /usr/bin/cmake --build /home/skytold/workspace/amr_ws/build/amr_controller -- -j20 -l20
[0.067s] -- Found ament_cmake: 1.3.12 (/opt/ros/humble/share/ament_cmake/cmake)
[0.451s] -- Found rclcpp: 16.0.15 (/opt/ros/humble/share/rclcpp/cmake)
[0.545s] -- Found rosidl_generator_c: 3.1.7 (/opt/ros/humble/share/rosidl_generator_c/cmake)
[0.551s] -- Found rosidl_adapter: 3.1.7 (/opt/ros/humble/share/rosidl_adapter/cmake)
[0.568s] -- Found rosidl_generator_cpp: 3.1.7 (/opt/ros/humble/share/rosidl_generator_cpp/cmake)
[0.593s] -- Using all available rosidl_typesupport_c: rosidl_typesupport_fastrtps_c;rosidl_typesupport_introspection_c
[0.622s] -- Using all available rosidl_typesupport_cpp: rosidl_typesupport_fastrtps_cpp;rosidl_typesupport_introspection_cpp
[0.692s] -- Found rmw_implementation_cmake: 6.1.2 (/opt/ros/humble/share/rmw_implementation_cmake/cmake)
[0.695s] -- Found rmw_fastrtps_cpp: 6.2.8 (/opt/ros/humble/share/rmw_fastrtps_cpp/cmake)
[0.942s] -- Using RMW implementation 'rmw_fastrtps_cpp' as default
[1.075s] -- Found rclpy: 3.3.17 (/opt/ros/humble/share/rclpy/cmake)
[1.076s] -- Found geometry_msgs: 4.9.0 (/opt/ros/humble/share/geometry_msgs/cmake)
[1.126s] -- Found sensor_msgs: 4.9.0 (/opt/ros/humble/share/sensor_msgs/cmake)
[1.445s] -- Configuring done
[1.468s] -- Generating done
[1.476s] -- Build files have been written to: /home/skytold/workspace/amr_ws/build/amr_controller
[1.531s] [35m[1mConsolidate compiler generated dependencies of target simple_controller[0m
[1.565s] [  0%] Built target ament_cmake_python_copy_amr_controller
[1.571s] [ 50%] [32mBuilding CXX object CMakeFiles/simple_controller.dir/src/simple_controller.cpp.o[0m
[2.146s] running egg_info
[2.147s] writing amr_controller.egg-info/PKG-INFO
[2.148s] writing dependency_links to amr_controller.egg-info/dependency_links.txt
[2.148s] writing top-level names to amr_controller.egg-info/top_level.txt
[2.153s] reading manifest file 'amr_controller.egg-info/SOURCES.txt'
[2.154s] writing manifest file 'amr_controller.egg-info/SOURCES.txt'
[2.215s] [ 50%] Built target ament_cmake_python_build_amr_controller_egg
[2.233s] In file included from [01m[K/home/skytold/workspace/amr_ws/src/amr_controller/src/simple_controller.cpp:1[m[K:
[2.233s] [01m[K/home/skytold/workspace/amr_ws/src/amr_controller/include/amr_controller/simple_controller.hpp:9:10:[m[K [01;31m[Kfatal error: [m[Knav_msgs/msg/odometry.hpp: No such file or directory
[2.233s]     9 | #include [01;31m[K<nav_msgs/msg/odometry.hpp>[m[K
[2.233s]       |          [01;31m[K^~~~~~~~~~~~~~~~~~~~~~~~~~~[m[K
[2.234s] compilation terminated.
[2.238s] gmake[2]: *** [CMakeFiles/simple_controller.dir/build.make:76: CMakeFiles/simple_controller.dir/src/simple_controller.cpp.o] Error 1
[2.238s] gmake[1]: *** [CMakeFiles/Makefile2:140: CMakeFiles/simple_controller.dir/all] Error 2
[2.239s] gmake: *** [Makefile:146: all] Error 2
[2.244s] Invoked command in '/home/skytold/workspace/amr_ws/build/amr_controller' returned '2': CMAKE_PREFIX_PATH=${CMAKE_PREFIX_PATH}:/home/skytold/workspace/amr_ws/install/amr_py_examples:/opt/ros/humble /usr/bin/cmake --build /home/skytold/workspace/amr_ws/build/amr_controller -- -j20 -l20
