[0.022s] Invoking command in '/home/skytold/workspace/amr_ws/build/amr_msgs': CMAKE_PREFIX_PATH=${CMAKE_PREFIX_PATH}:/home/skytold/workspace/amr_ws/install/amr_py_examples:/opt/ros/humble /usr/bin/cmake --build /home/skytold/workspace/amr_ws/build/amr_msgs -- -j20 -l20
[0.072s] -- Found ament_cmake: 1.3.12 (/opt/ros/humble/share/ament_cmake/cmake)
[0.357s] -- Found geometry_msgs: 4.9.0 (/opt/ros/humble/share/geometry_msgs/cmake)
[0.415s] -- Found rosidl_generator_c: 3.1.7 (/opt/ros/humble/share/rosidl_generator_c/cmake)
[0.419s] -- Found rosidl_adapter: 3.1.7 (/opt/ros/humble/share/rosidl_adapter/cmake)
[0.429s] -- Found rosidl_generator_cpp: 3.1.7 (/opt/ros/humble/share/rosidl_generator_cpp/cmake)
[0.447s] -- Using all available rosidl_typesupport_c: rosidl_typesupport_fastrtps_c;rosidl_typesupport_introspection_c
[0.468s] -- Using all available rosidl_typesupport_cpp: rosidl_typesupport_fastrtps_cpp;rosidl_typesupport_introspection_cpp
[0.529s] -- Found rosidl_default_generators: 1.2.0 (/opt/ros/humble/share/rosidl_default_generators/cmake)
[1.295s] -- Found ament_cmake_ros: 0.10.0 (/opt/ros/humble/share/ament_cmake_ros/cmake)
[2.367s] -- Using all available rosidl_typesupport_c: rosidl_typesupport_fastrtps_c;rosidl_typesupport_introspection_c
[2.598s] -- Using all available rosidl_typesupport_cpp: rosidl_typesupport_fastrtps_cpp;rosidl_typesupport_introspection_cpp
[2.633s] -- Found python_cmake_module: 0.10.0 (/opt/ros/humble/share/python_cmake_module/cmake)
[2.683s] -- Using PYTHON_EXECUTABLE: /usr/bin/python3
[2.683s] -- Using PYTHON_INCLUDE_DIRS: /usr/include/python3.10
[2.683s] -- Using PYTHON_LIBRARIES: /usr/lib/x86_64-linux-gnu/libpython3.10.so
[2.754s] -- Found ament_lint_auto: 0.12.14 (/opt/ros/humble/share/ament_lint_auto/cmake)
[2.777s] -- Added test 'lint_cmake' to check CMake code style
[2.779s] -- Added test 'xmllint' to check XML markup files
[2.787s] -- Configuring done
[2.867s] -- Generating done
[2.891s] -- Build files have been written to: /home/skytold/workspace/amr_ws/build/amr_msgs
[2.945s] [35m[1mConsolidate compiler generated dependencies of target amr_msgs__rosidl_generator_c[0m
[2.973s] [  2%] Built target amr_msgs__cpp
[2.979s] [ 12%] Built target amr_msgs__rosidl_generator_c
[2.991s] [ 12%] Built target ament_cmake_python_copy_amr_msgs
[3.003s] [35m[1mConsolidate compiler generated dependencies of target amr_msgs__rosidl_typesupport_cpp[0m
[3.007s] [35m[1mConsolidate compiler generated dependencies of target amr_msgs__rosidl_typesupport_fastrtps_cpp[0m
[3.009s] [35m[1mConsolidate compiler generated dependencies of target amr_msgs__rosidl_typesupport_introspection_c[0m
[3.011s] [35m[1mConsolidate compiler generated dependencies of target amr_msgs__rosidl_typesupport_c[0m
[3.012s] [35m[1mConsolidate compiler generated dependencies of target amr_msgs__rosidl_typesupport_introspection_cpp[0m
[3.014s] [35m[1mConsolidate compiler generated dependencies of target amr_msgs__rosidl_typesupport_fastrtps_c[0m
[3.040s] [ 25%] Built target amr_msgs__rosidl_typesupport_cpp
[3.041s] [ 33%] Built target amr_msgs__rosidl_typesupport_introspection_c
[3.042s] [ 43%] Built target amr_msgs__rosidl_typesupport_c
[3.048s] [ 53%] Built target amr_msgs__rosidl_typesupport_introspection_cpp
[3.052s] [ 64%] Built target amr_msgs__rosidl_typesupport_fastrtps_cpp
[3.056s] [ 74%] Built target amr_msgs__rosidl_typesupport_fastrtps_c
[3.106s] [ 74%] Built target amr_msgs
[3.160s] [ 76%] Built target amr_msgs__py
[3.191s] [35m[1mConsolidate compiler generated dependencies of target amr_msgs__rosidl_generator_py[0m
[3.223s] [ 84%] Built target amr_msgs__rosidl_generator_py
[3.255s] [35m[1mConsolidate compiler generated dependencies of target amr_msgs__rosidl_typesupport_fastrtps_c__pyext[0m
[3.256s] [35m[1mConsolidate compiler generated dependencies of target amr_msgs__rosidl_typesupport_c__pyext[0m
[3.256s] [35m[1mConsolidate compiler generated dependencies of target amr_msgs__rosidl_typesupport_introspection_c__pyext[0m
[3.292s] [ 89%] Built target amr_msgs__rosidl_typesupport_introspection_c__pyext
[3.295s] [ 94%] Built target amr_msgs__rosidl_typesupport_c__pyext
[3.298s] [100%] Built target amr_msgs__rosidl_typesupport_fastrtps_c__pyext
[3.578s] running egg_info
[3.580s] writing amr_msgs.egg-info/PKG-INFO
[3.580s] writing dependency_links to amr_msgs.egg-info/dependency_links.txt
[3.580s] writing top-level names to amr_msgs.egg-info/top_level.txt
[3.584s] reading manifest file 'amr_msgs.egg-info/SOURCES.txt'
[3.586s] writing manifest file 'amr_msgs.egg-info/SOURCES.txt'
[3.640s] [100%] Built target ament_cmake_python_build_amr_msgs_egg
[3.676s] Invoked command in '/home/skytold/workspace/amr_ws/build/amr_msgs' returned '0': CMAKE_PREFIX_PATH=${CMAKE_PREFIX_PATH}:/home/skytold/workspace/amr_ws/install/amr_py_examples:/opt/ros/humble /usr/bin/cmake --build /home/skytold/workspace/amr_ws/build/amr_msgs -- -j20 -l20
[3.681s] Invoking command in '/home/skytold/workspace/amr_ws/build/amr_msgs': CMAKE_PREFIX_PATH=${CMAKE_PREFIX_PATH}:/home/skytold/workspace/amr_ws/install/amr_py_examples:/opt/ros/humble /usr/bin/cmake --install /home/skytold/workspace/amr_ws/build/amr_msgs
[3.703s] -- Install configuration: ""
[3.704s] -- Up-to-date: /home/skytold/workspace/amr_ws/install/amr_msgs/share/ament_index/resource_index/rosidl_interfaces/amr_msgs
[3.704s] -- Up-to-date: /home/skytold/workspace/amr_ws/install/amr_msgs/include/amr_msgs/amr_msgs
[3.704s] -- Up-to-date: /home/skytold/workspace/amr_ws/install/amr_msgs/include/amr_msgs/amr_msgs/msg
[3.705s] -- Up-to-date: /home/skytold/workspace/amr_ws/install/amr_msgs/include/amr_msgs/amr_msgs/msg/rosidl_generator_c__visibility_control.h
[3.706s] -- Up-to-date: /home/skytold/workspace/amr_ws/install/amr_msgs/include/amr_msgs/amr_msgs/srv
[3.707s] -- Up-to-date: /home/skytold/workspace/amr_ws/install/amr_msgs/include/amr_msgs/amr_msgs/srv/detail
[3.707s] -- Up-to-date: /home/skytold/workspace/amr_ws/install/amr_msgs/include/amr_msgs/amr_msgs/srv/detail/get_transform__struct.h
[3.707s] -- Up-to-date: /home/skytold/workspace/amr_ws/install/amr_msgs/include/amr_msgs/amr_msgs/srv/detail/add_two_ints__struct.h
[3.707s] -- Up-to-date: /home/skytold/workspace/amr_ws/install/amr_msgs/include/amr_msgs/amr_msgs/srv/detail/get_transform__type_support.h
[3.708s] -- Up-to-date: /home/skytold/workspace/amr_ws/install/amr_msgs/include/amr_msgs/amr_msgs/srv/detail/add_two_ints__type_support.h
[3.708s] -- Up-to-date: /home/skytold/workspace/amr_ws/install/amr_msgs/include/amr_msgs/amr_msgs/srv/detail/add_two_ints__functions.c
[3.709s] -- Up-to-date: /home/skytold/workspace/amr_ws/install/amr_msgs/include/amr_msgs/amr_msgs/srv/detail/add_two_ints__functions.h
[3.710s] -- Up-to-date: /home/skytold/workspace/amr_ws/install/amr_msgs/include/amr_msgs/amr_msgs/srv/detail/get_transform__functions.c
[3.710s] -- Up-to-date: /home/skytold/workspace/amr_ws/install/amr_msgs/include/amr_msgs/amr_msgs/srv/detail/get_transform__functions.h
[3.711s] -- Up-to-date: /home/skytold/workspace/amr_ws/install/amr_msgs/include/amr_msgs/amr_msgs/srv/add_two_ints.h
[3.711s] -- Up-to-date: /home/skytold/workspace/amr_ws/install/amr_msgs/include/amr_msgs/amr_msgs/srv/get_transform.h
[3.711s] -- Up-to-date: /home/skytold/workspace/amr_ws/install/amr_msgs/share/amr_msgs/environment/library_path.sh
[3.712s] -- Installing: /home/skytold/workspace/amr_ws/install/amr_msgs/share/amr_msgs/environment/library_path.dsv
[3.713s] -- Up-to-date: /home/skytold/workspace/amr_ws/install/amr_msgs/lib/libamr_msgs__rosidl_generator_c.so
[3.713s] -- Up-to-date: /home/skytold/workspace/amr_ws/install/amr_msgs/include/amr_msgs/amr_msgs
[3.714s] -- Up-to-date: /home/skytold/workspace/amr_ws/install/amr_msgs/include/amr_msgs/amr_msgs/msg
[3.714s] -- Up-to-date: /home/skytold/workspace/amr_ws/install/amr_msgs/include/amr_msgs/amr_msgs/msg/rosidl_typesupport_fastrtps_c__visibility_control.h
[3.714s] -- Up-to-date: /home/skytold/workspace/amr_ws/install/amr_msgs/include/amr_msgs/amr_msgs/srv
[3.715s] -- Up-to-date: /home/skytold/workspace/amr_ws/install/amr_msgs/include/amr_msgs/amr_msgs/srv/detail
[3.715s] -- Up-to-date: /home/skytold/workspace/amr_ws/install/amr_msgs/include/amr_msgs/amr_msgs/srv/detail/add_two_ints__rosidl_typesupport_fastrtps_c.h
[3.715s] -- Up-to-date: /home/skytold/workspace/amr_ws/install/amr_msgs/include/amr_msgs/amr_msgs/srv/detail/get_transform__rosidl_typesupport_fastrtps_c.h
[3.715s] -- Up-to-date: /home/skytold/workspace/amr_ws/install/amr_msgs/lib/libamr_msgs__rosidl_typesupport_fastrtps_c.so
[3.715s] -- Up-to-date: /home/skytold/workspace/amr_ws/install/amr_msgs/include/amr_msgs/amr_msgs
[3.715s] -- Up-to-date: /home/skytold/workspace/amr_ws/install/amr_msgs/include/amr_msgs/amr_msgs/msg
[3.715s] -- Up-to-date: /home/skytold/workspace/amr_ws/install/amr_msgs/include/amr_msgs/amr_msgs/msg/rosidl_generator_cpp__visibility_control.hpp
[3.716s] -- Up-to-date: /home/skytold/workspace/amr_ws/install/amr_msgs/include/amr_msgs/amr_msgs/srv
[3.716s] -- Up-to-date: /home/skytold/workspace/amr_ws/install/amr_msgs/include/amr_msgs/amr_msgs/srv/add_two_ints.hpp
[3.716s] -- Up-to-date: /home/skytold/workspace/amr_ws/install/amr_msgs/include/amr_msgs/amr_msgs/srv/detail
[3.716s] -- Up-to-date: /home/skytold/workspace/amr_ws/install/amr_msgs/include/amr_msgs/amr_msgs/srv/detail/get_transform__type_support.hpp
[3.716s] -- Up-to-date: /home/skytold/workspace/amr_ws/install/amr_msgs/include/amr_msgs/amr_msgs/srv/detail/get_transform__struct.hpp
[3.716s] -- Up-to-date: /home/skytold/workspace/amr_ws/install/amr_msgs/include/amr_msgs/amr_msgs/srv/detail/get_transform__builder.hpp
[3.716s] -- Up-to-date: /home/skytold/workspace/amr_ws/install/amr_msgs/include/amr_msgs/amr_msgs/srv/detail/add_two_ints__builder.hpp
[3.716s] -- Up-to-date: /home/skytold/workspace/amr_ws/install/amr_msgs/include/amr_msgs/amr_msgs/srv/detail/add_two_ints__struct.hpp
[3.716s] -- Up-to-date: /home/skytold/workspace/amr_ws/install/amr_msgs/include/amr_msgs/amr_msgs/srv/detail/add_two_ints__type_support.hpp
[3.717s] -- Up-to-date: /home/skytold/workspace/amr_ws/install/amr_msgs/include/amr_msgs/amr_msgs/srv/detail/get_transform__traits.hpp
[3.717s] -- Up-to-date: /home/skytold/workspace/amr_ws/install/amr_msgs/include/amr_msgs/amr_msgs/srv/detail/add_two_ints__traits.hpp
[3.717s] -- Up-to-date: /home/skytold/workspace/amr_ws/install/amr_msgs/include/amr_msgs/amr_msgs/srv/get_transform.hpp
[3.717s] -- Up-to-date: /home/skytold/workspace/amr_ws/install/amr_msgs/include/amr_msgs/amr_msgs
[3.717s] -- Up-to-date: /home/skytold/workspace/amr_ws/install/amr_msgs/include/amr_msgs/amr_msgs/msg
[3.717s] -- Up-to-date: /home/skytold/workspace/amr_ws/install/amr_msgs/include/amr_msgs/amr_msgs/msg/rosidl_typesupport_fastrtps_cpp__visibility_control.h
[3.717s] -- Up-to-date: /home/skytold/workspace/amr_ws/install/amr_msgs/include/amr_msgs/amr_msgs/srv
[3.717s] -- Up-to-date: /home/skytold/workspace/amr_ws/install/amr_msgs/include/amr_msgs/amr_msgs/srv/detail
[3.717s] -- Up-to-date: /home/skytold/workspace/amr_ws/install/amr_msgs/include/amr_msgs/amr_msgs/srv/detail/get_transform__rosidl_typesupport_fastrtps_cpp.hpp
[3.718s] -- Up-to-date: /home/skytold/workspace/amr_ws/install/amr_msgs/include/amr_msgs/amr_msgs/srv/detail/add_two_ints__rosidl_typesupport_fastrtps_cpp.hpp
[3.718s] -- Up-to-date: /home/skytold/workspace/amr_ws/install/amr_msgs/include/amr_msgs/amr_msgs/srv/detail/dds_fastrtps
[3.718s] -- Up-to-date: /home/skytold/workspace/amr_ws/install/amr_msgs/lib/libamr_msgs__rosidl_typesupport_fastrtps_cpp.so
[3.718s] -- Up-to-date: /home/skytold/workspace/amr_ws/install/amr_msgs/include/amr_msgs/amr_msgs
[3.718s] -- Up-to-date: /home/skytold/workspace/amr_ws/install/amr_msgs/include/amr_msgs/amr_msgs/msg
[3.718s] -- Up-to-date: /home/skytold/workspace/amr_ws/install/amr_msgs/include/amr_msgs/amr_msgs/msg/rosidl_typesupport_introspection_c__visibility_control.h
[3.718s] -- Up-to-date: /home/skytold/workspace/amr_ws/install/amr_msgs/include/amr_msgs/amr_msgs/srv
[3.718s] -- Up-to-date: /home/skytold/workspace/amr_ws/install/amr_msgs/include/amr_msgs/amr_msgs/srv/detail
[3.718s] -- Up-to-date: /home/skytold/workspace/amr_ws/install/amr_msgs/include/amr_msgs/amr_msgs/srv/detail/get_transform__type_support.c
[3.719s] -- Up-to-date: /home/skytold/workspace/amr_ws/install/amr_msgs/include/amr_msgs/amr_msgs/srv/detail/add_two_ints__type_support.c
[3.719s] -- Up-to-date: /home/skytold/workspace/amr_ws/install/amr_msgs/include/amr_msgs/amr_msgs/srv/detail/get_transform__rosidl_typesupport_introspection_c.h
[3.719s] -- Up-to-date: /home/skytold/workspace/amr_ws/install/amr_msgs/include/amr_msgs/amr_msgs/srv/detail/add_two_ints__rosidl_typesupport_introspection_c.h
[3.719s] -- Up-to-date: /home/skytold/workspace/amr_ws/install/amr_msgs/lib/libamr_msgs__rosidl_typesupport_introspection_c.so
[3.719s] -- Up-to-date: /home/skytold/workspace/amr_ws/install/amr_msgs/lib/libamr_msgs__rosidl_typesupport_c.so
[3.719s] -- Up-to-date: /home/skytold/workspace/amr_ws/install/amr_msgs/include/amr_msgs/amr_msgs
[3.719s] -- Up-to-date: /home/skytold/workspace/amr_ws/install/amr_msgs/include/amr_msgs/amr_msgs/srv
[3.719s] -- Up-to-date: /home/skytold/workspace/amr_ws/install/amr_msgs/include/amr_msgs/amr_msgs/srv/detail
[3.719s] -- Up-to-date: /home/skytold/workspace/amr_ws/install/amr_msgs/include/amr_msgs/amr_msgs/srv/detail/get_transform__type_support.cpp
[3.720s] -- Up-to-date: /home/skytold/workspace/amr_ws/install/amr_msgs/include/amr_msgs/amr_msgs/srv/detail/get_transform__rosidl_typesupport_introspection_cpp.hpp
[3.720s] -- Up-to-date: /home/skytold/workspace/amr_ws/install/amr_msgs/include/amr_msgs/amr_msgs/srv/detail/add_two_ints__rosidl_typesupport_introspection_cpp.hpp
[3.720s] -- Up-to-date: /home/skytold/workspace/amr_ws/install/amr_msgs/include/amr_msgs/amr_msgs/srv/detail/add_two_ints__type_support.cpp
[3.720s] -- Up-to-date: /home/skytold/workspace/amr_ws/install/amr_msgs/lib/libamr_msgs__rosidl_typesupport_introspection_cpp.so
[3.720s] -- Up-to-date: /home/skytold/workspace/amr_ws/install/amr_msgs/lib/libamr_msgs__rosidl_typesupport_cpp.so
[3.720s] -- Up-to-date: /home/skytold/workspace/amr_ws/install/amr_msgs/share/amr_msgs/environment/pythonpath.sh
[3.720s] -- Installing: /home/skytold/workspace/amr_ws/install/amr_msgs/share/amr_msgs/environment/pythonpath.dsv
[3.720s] -- Up-to-date: /home/skytold/workspace/amr_ws/install/amr_msgs/local/lib/python3.10/dist-packages/amr_msgs-0.0.0-py3.10.egg-info
[3.721s] -- Installing: /home/skytold/workspace/amr_ws/install/amr_msgs/local/lib/python3.10/dist-packages/amr_msgs-0.0.0-py3.10.egg-info/PKG-INFO
[3.721s] -- Installing: /home/skytold/workspace/amr_ws/install/amr_msgs/local/lib/python3.10/dist-packages/amr_msgs-0.0.0-py3.10.egg-info/SOURCES.txt
[3.721s] -- Installing: /home/skytold/workspace/amr_ws/install/amr_msgs/local/lib/python3.10/dist-packages/amr_msgs-0.0.0-py3.10.egg-info/dependency_links.txt
[3.721s] -- Installing: /home/skytold/workspace/amr_ws/install/amr_msgs/local/lib/python3.10/dist-packages/amr_msgs-0.0.0-py3.10.egg-info/top_level.txt
[3.721s] -- Up-to-date: /home/skytold/workspace/amr_ws/install/amr_msgs/local/lib/python3.10/dist-packages/amr_msgs
[3.721s] -- Up-to-date: /home/skytold/workspace/amr_ws/install/amr_msgs/local/lib/python3.10/dist-packages/amr_msgs/amr_msgs_s__rosidl_typesupport_fastrtps_c.cpython-310-x86_64-linux-gnu.so
[3.721s] -- Installing: /home/skytold/workspace/amr_ws/install/amr_msgs/local/lib/python3.10/dist-packages/amr_msgs/__init__.py
[3.721s] -- Up-to-date: /home/skytold/workspace/amr_ws/install/amr_msgs/local/lib/python3.10/dist-packages/amr_msgs/_amr_msgs_s.ep.rosidl_typesupport_fastrtps_c.c
[3.721s] -- Up-to-date: /home/skytold/workspace/amr_ws/install/amr_msgs/local/lib/python3.10/dist-packages/amr_msgs/amr_msgs_s__rosidl_typesupport_introspection_c.cpython-310-x86_64-linux-gnu.so
[3.722s] -- Up-to-date: /home/skytold/workspace/amr_ws/install/amr_msgs/local/lib/python3.10/dist-packages/amr_msgs/_amr_msgs_s.ep.rosidl_typesupport_c.c
[3.722s] -- Up-to-date: /home/skytold/workspace/amr_ws/install/amr_msgs/local/lib/python3.10/dist-packages/amr_msgs/_amr_msgs_s.ep.rosidl_typesupport_introspection_c.c
[3.722s] -- Up-to-date: /home/skytold/workspace/amr_ws/install/amr_msgs/local/lib/python3.10/dist-packages/amr_msgs/libamr_msgs__rosidl_generator_py.so
[3.722s] -- Up-to-date: /home/skytold/workspace/amr_ws/install/amr_msgs/local/lib/python3.10/dist-packages/amr_msgs/srv
[3.722s] -- Up-to-date: /home/skytold/workspace/amr_ws/install/amr_msgs/local/lib/python3.10/dist-packages/amr_msgs/srv/_add_two_ints_s.c
[3.722s] -- Up-to-date: /home/skytold/workspace/amr_ws/install/amr_msgs/local/lib/python3.10/dist-packages/amr_msgs/srv/_get_transform_s.c
[3.722s] -- Up-to-date: /home/skytold/workspace/amr_ws/install/amr_msgs/local/lib/python3.10/dist-packages/amr_msgs/srv/__init__.py
[3.722s] -- Up-to-date: /home/skytold/workspace/amr_ws/install/amr_msgs/local/lib/python3.10/dist-packages/amr_msgs/srv/_add_two_ints.py
[3.723s] -- Up-to-date: /home/skytold/workspace/amr_ws/install/amr_msgs/local/lib/python3.10/dist-packages/amr_msgs/srv/_get_transform.py
[3.723s] -- Up-to-date: /home/skytold/workspace/amr_ws/install/amr_msgs/local/lib/python3.10/dist-packages/amr_msgs/amr_msgs_s__rosidl_typesupport_c.cpython-310-x86_64-linux-gnu.so
[3.811s] Listing '/home/skytold/workspace/amr_ws/install/amr_msgs/local/lib/python3.10/dist-packages/amr_msgs'...
[3.811s] Compiling '/home/skytold/workspace/amr_ws/install/amr_msgs/local/lib/python3.10/dist-packages/amr_msgs/__init__.py'...
[3.812s] Listing '/home/skytold/workspace/amr_ws/install/amr_msgs/local/lib/python3.10/dist-packages/amr_msgs/srv'...
[3.826s] -- Up-to-date: /home/skytold/workspace/amr_ws/install/amr_msgs/local/lib/python3.10/dist-packages/amr_msgs/amr_msgs_s__rosidl_typesupport_fastrtps_c.cpython-310-x86_64-linux-gnu.so
[3.826s] -- Up-to-date: /home/skytold/workspace/amr_ws/install/amr_msgs/local/lib/python3.10/dist-packages/amr_msgs/amr_msgs_s__rosidl_typesupport_introspection_c.cpython-310-x86_64-linux-gnu.so
[3.827s] -- Up-to-date: /home/skytold/workspace/amr_ws/install/amr_msgs/local/lib/python3.10/dist-packages/amr_msgs/amr_msgs_s__rosidl_typesupport_c.cpython-310-x86_64-linux-gnu.so
[3.828s] -- Up-to-date: /home/skytold/workspace/amr_ws/install/amr_msgs/lib/libamr_msgs__rosidl_generator_py.so
[3.829s] -- Up-to-date: /home/skytold/workspace/amr_ws/install/amr_msgs/share/amr_msgs/srv/AddTwoInts.idl
[3.829s] -- Up-to-date: /home/skytold/workspace/amr_ws/install/amr_msgs/share/amr_msgs/srv/GetTransform.idl
[3.830s] -- Up-to-date: /home/skytold/workspace/amr_ws/install/amr_msgs/share/amr_msgs/srv/AddTwoInts.srv
[3.830s] -- Up-to-date: /home/skytold/workspace/amr_ws/install/amr_msgs/share/amr_msgs/srv/AddTwoInts_Request.msg
[3.830s] -- Up-to-date: /home/skytold/workspace/amr_ws/install/amr_msgs/share/amr_msgs/srv/AddTwoInts_Response.msg
[3.831s] -- Up-to-date: /home/skytold/workspace/amr_ws/install/amr_msgs/share/amr_msgs/srv/GetTransform.srv
[3.831s] -- Up-to-date: /home/skytold/workspace/amr_ws/install/amr_msgs/share/amr_msgs/srv/GetTransform_Request.msg
[3.831s] -- Up-to-date: /home/skytold/workspace/amr_ws/install/amr_msgs/share/amr_msgs/srv/GetTransform_Response.msg
[3.831s] -- Up-to-date: /home/skytold/workspace/amr_ws/install/amr_msgs/share/ament_index/resource_index/package_run_dependencies/amr_msgs
[3.831s] -- Installing: /home/skytold/workspace/amr_ws/install/amr_msgs/share/ament_index/resource_index/parent_prefix_path/amr_msgs
[3.832s] -- Up-to-date: /home/skytold/workspace/amr_ws/install/amr_msgs/share/amr_msgs/environment/ament_prefix_path.sh
[3.832s] -- Installing: /home/skytold/workspace/amr_ws/install/amr_msgs/share/amr_msgs/environment/ament_prefix_path.dsv
[3.832s] -- Up-to-date: /home/skytold/workspace/amr_ws/install/amr_msgs/share/amr_msgs/environment/path.sh
[3.833s] -- Installing: /home/skytold/workspace/amr_ws/install/amr_msgs/share/amr_msgs/environment/path.dsv
[3.833s] -- Up-to-date: /home/skytold/workspace/amr_ws/install/amr_msgs/share/amr_msgs/local_setup.bash
[3.833s] -- Up-to-date: /home/skytold/workspace/amr_ws/install/amr_msgs/share/amr_msgs/local_setup.sh
[3.833s] -- Up-to-date: /home/skytold/workspace/amr_ws/install/amr_msgs/share/amr_msgs/local_setup.zsh
[3.833s] -- Installing: /home/skytold/workspace/amr_ws/install/amr_msgs/share/amr_msgs/local_setup.dsv
[3.833s] -- Installing: /home/skytold/workspace/amr_ws/install/amr_msgs/share/amr_msgs/package.dsv
[3.833s] -- Up-to-date: /home/skytold/workspace/amr_ws/install/amr_msgs/share/ament_index/resource_index/packages/amr_msgs
[3.834s] -- Up-to-date: /home/skytold/workspace/amr_ws/install/amr_msgs/share/amr_msgs/cmake/export_amr_msgs__rosidl_generator_cExport.cmake
[3.834s] -- Up-to-date: /home/skytold/workspace/amr_ws/install/amr_msgs/share/amr_msgs/cmake/export_amr_msgs__rosidl_generator_cExport-noconfig.cmake
[3.834s] -- Up-to-date: /home/skytold/workspace/amr_ws/install/amr_msgs/share/amr_msgs/cmake/export_amr_msgs__rosidl_typesupport_fastrtps_cExport.cmake
[3.834s] -- Up-to-date: /home/skytold/workspace/amr_ws/install/amr_msgs/share/amr_msgs/cmake/export_amr_msgs__rosidl_typesupport_fastrtps_cExport-noconfig.cmake
[3.834s] -- Up-to-date: /home/skytold/workspace/amr_ws/install/amr_msgs/share/amr_msgs/cmake/export_amr_msgs__rosidl_generator_cppExport.cmake
[3.834s] -- Up-to-date: /home/skytold/workspace/amr_ws/install/amr_msgs/share/amr_msgs/cmake/export_amr_msgs__rosidl_typesupport_fastrtps_cppExport.cmake
[3.834s] -- Up-to-date: /home/skytold/workspace/amr_ws/install/amr_msgs/share/amr_msgs/cmake/export_amr_msgs__rosidl_typesupport_fastrtps_cppExport-noconfig.cmake
[3.834s] -- Up-to-date: /home/skytold/workspace/amr_ws/install/amr_msgs/share/amr_msgs/cmake/amr_msgs__rosidl_typesupport_introspection_cExport.cmake
[3.835s] -- Up-to-date: /home/skytold/workspace/amr_ws/install/amr_msgs/share/amr_msgs/cmake/amr_msgs__rosidl_typesupport_introspection_cExport-noconfig.cmake
[3.835s] -- Up-to-date: /home/skytold/workspace/amr_ws/install/amr_msgs/share/amr_msgs/cmake/amr_msgs__rosidl_typesupport_cExport.cmake
[3.835s] -- Up-to-date: /home/skytold/workspace/amr_ws/install/amr_msgs/share/amr_msgs/cmake/amr_msgs__rosidl_typesupport_cExport-noconfig.cmake
[3.835s] -- Up-to-date: /home/skytold/workspace/amr_ws/install/amr_msgs/share/amr_msgs/cmake/amr_msgs__rosidl_typesupport_introspection_cppExport.cmake
[3.835s] -- Up-to-date: /home/skytold/workspace/amr_ws/install/amr_msgs/share/amr_msgs/cmake/amr_msgs__rosidl_typesupport_introspection_cppExport-noconfig.cmake
[3.836s] -- Up-to-date: /home/skytold/workspace/amr_ws/install/amr_msgs/share/amr_msgs/cmake/amr_msgs__rosidl_typesupport_cppExport.cmake
[3.836s] -- Up-to-date: /home/skytold/workspace/amr_ws/install/amr_msgs/share/amr_msgs/cmake/amr_msgs__rosidl_typesupport_cppExport-noconfig.cmake
[3.836s] -- Up-to-date: /home/skytold/workspace/amr_ws/install/amr_msgs/share/amr_msgs/cmake/export_amr_msgs__rosidl_generator_pyExport.cmake
[3.836s] -- Up-to-date: /home/skytold/workspace/amr_ws/install/amr_msgs/share/amr_msgs/cmake/export_amr_msgs__rosidl_generator_pyExport-noconfig.cmake
[3.836s] -- Up-to-date: /home/skytold/workspace/amr_ws/install/amr_msgs/share/amr_msgs/cmake/rosidl_cmake-extras.cmake
[3.836s] -- Up-to-date: /home/skytold/workspace/amr_ws/install/amr_msgs/share/amr_msgs/cmake/ament_cmake_export_dependencies-extras.cmake
[3.837s] -- Up-to-date: /home/skytold/workspace/amr_ws/install/amr_msgs/share/amr_msgs/cmake/ament_cmake_export_include_directories-extras.cmake
[3.837s] -- Up-to-date: /home/skytold/workspace/amr_ws/install/amr_msgs/share/amr_msgs/cmake/ament_cmake_export_libraries-extras.cmake
[3.837s] -- Up-to-date: /home/skytold/workspace/amr_ws/install/amr_msgs/share/amr_msgs/cmake/ament_cmake_export_targets-extras.cmake
[3.837s] -- Up-to-date: /home/skytold/workspace/amr_ws/install/amr_msgs/share/amr_msgs/cmake/rosidl_cmake_export_typesupport_targets-extras.cmake
[3.837s] -- Up-to-date: /home/skytold/workspace/amr_ws/install/amr_msgs/share/amr_msgs/cmake/rosidl_cmake_export_typesupport_libraries-extras.cmake
[3.837s] -- Up-to-date: /home/skytold/workspace/amr_ws/install/amr_msgs/share/amr_msgs/cmake/amr_msgsConfig.cmake
[3.837s] -- Up-to-date: /home/skytold/workspace/amr_ws/install/amr_msgs/share/amr_msgs/cmake/amr_msgsConfig-version.cmake
[3.837s] -- Installing: /home/skytold/workspace/amr_ws/install/amr_msgs/share/amr_msgs/package.xml
[3.842s] Invoked command in '/home/skytold/workspace/amr_ws/build/amr_msgs' returned '0': CMAKE_PREFIX_PATH=${CMAKE_PREFIX_PATH}:/home/skytold/workspace/amr_ws/install/amr_py_examples:/opt/ros/humble /usr/bin/cmake --install /home/skytold/workspace/amr_ws/build/amr_msgs
