-- Found ament_cmake: 1.3.12 (/opt/ros/humble/share/ament_cmake/cmake)
-- Found rclcpp: 16.0.15 (/opt/ros/humble/share/rclcpp/cmake)
-- Found rosidl_generator_c: 3.1.7 (/opt/ros/humble/share/rosidl_generator_c/cmake)
-- Found rosidl_adapter: 3.1.7 (/opt/ros/humble/share/rosidl_adapter/cmake)
-- Found rosidl_generator_cpp: 3.1.7 (/opt/ros/humble/share/rosidl_generator_cpp/cmake)
-- Using all available rosidl_typesupport_c: rosidl_typesupport_fastrtps_c;rosidl_typesupport_introspection_c
-- Using all available rosidl_typesupport_cpp: rosidl_typesupport_fastrtps_cpp;rosidl_typesupport_introspection_cpp
-- Found rmw_implementation_cmake: 6.1.2 (/opt/ros/humble/share/rmw_implementation_cmake/cmake)
-- Found rmw_fastrtps_cpp: 6.2.8 (/opt/ros/humble/share/rmw_fastrtps_cpp/cmake)
-- Using RMW implementation 'rmw_fastrtps_cpp' as default
-- Found turtlesim: 1.4.3 (/opt/ros/humble/share/turtlesim/cmake)
-- Found amr_msgs: 0.0.0 (/home/skytold/workspace/amr_ws/install/amr_msgs/share/amr_msgs/cmake)
-- Found tf2: 0.25.16 (/opt/ros/humble/share/tf2/cmake)
-- Found tf2_ros: 0.25.16 (/opt/ros/humble/share/tf2_ros/cmake)
-- Configuring done
-- Generating done
-- Build files have been written to: /home/skytold/workspace/amr_ws/build/amr_cpp_examples
[35m[1mConsolidate compiler generated dependencies of target simple_parameter[0m
[35m[1mConsolidate compiler generated dependencies of target simple_subscriber[0m
[35m[1mConsolidate compiler generated dependencies of target simple_turtlesim_kinematics[0m
[35m[1mConsolidate compiler generated dependencies of target simple_publisher[0m
[  7%] [32mBuilding CXX object CMakeFiles/simple_service_server.dir/src/simple_service_server.cpp.o[0m
[ 14%] [32mBuilding CXX object CMakeFiles/simple_tf_kinematics.dir/src/simple_tf_kinematics.cpp.o[0m
[ 21%] [32mBuilding CXX object CMakeFiles/simple_service_client.dir/src/simple_service_client.cpp.o[0m
[ 35%] Built target simple_parameter
[ 42%] [32mBuilding CXX object CMakeFiles/simple_subscriber.dir/src/simple_subscriber.cpp.o[0m
[ 57%] Built target simple_turtlesim_kinematics
[ 71%] Built target simple_publisher
In file included from [01m[K/home/skytold/workspace/amr_ws/src/amr_cpp_examples/src/simple_tf_kinematics.cpp:1[m[K:
[01m[K/home/skytold/workspace/amr_ws/src/amr_cpp_examples/include/amr_cpp_examples/simple_tf_kinematics.hpp:25:53:[m[K [01;31m[Kerror: [m[K‘[01m[Kbumperbot_msgs[m[K’ was not declared in this scope
   25 |     bool getTransformCallback(const std::shared_ptr<[01;31m[Kbumperbot_msgs[m[K::srv::GetTransform::Request> req,
      |                                                     [01;31m[K^~~~~~~~~~~~~~[m[K
[01m[K/home/skytold/workspace/amr_ws/src/amr_cpp_examples/include/amr_cpp_examples/simple_tf_kinematics.hpp:25:95:[m[K [01;31m[Kerror: [m[Ktemplate argument 1 is invalid
   25 |     bool getTransformCallback(const std::shared_ptr<bumperbot_msgs::srv::GetTransform::Request[01;31m[K>[m[K req,
      |                                                                                               [01;31m[K^[m[K
[01m[K/home/skytold/workspace/amr_ws/src/amr_cpp_examples/include/amr_cpp_examples/simple_tf_kinematics.hpp:25:53:[m[K [01;31m[Kerror: [m[K‘[01m[Kbumperbot_msgs[m[K’ was not declared in this scope
   25 |     bool getTransformCallback(const std::shared_ptr<[01;31m[Kbumperbot_msgs[m[K::srv::GetTransform::Request> req,
      |                                                     [01;31m[K^~~~~~~~~~~~~~[m[K
[01m[K/home/skytold/workspace/amr_ws/src/amr_cpp_examples/include/amr_cpp_examples/simple_tf_kinematics.hpp:25:95:[m[K [01;31m[Kerror: [m[Ktemplate argument 1 is invalid
   25 |     bool getTransformCallback(const std::shared_ptr<bumperbot_msgs::srv::GetTransform::Request[01;31m[K>[m[K req,
      |                                                                                               [01;31m[K^[m[K
[01m[K/home/skytold/workspace/amr_ws/src/amr_cpp_examples/include/amr_cpp_examples/simple_tf_kinematics.hpp:25:53:[m[K [01;31m[Kerror: [m[K‘[01m[Kbumperbot_msgs[m[K’ was not declared in this scope
   25 |     bool getTransformCallback(const std::shared_ptr<[01;31m[Kbumperbot_msgs[m[K::srv::GetTransform::Request> req,
      |                                                     [01;31m[K^~~~~~~~~~~~~~[m[K
[01m[K/home/skytold/workspace/amr_ws/src/amr_cpp_examples/include/amr_cpp_examples/simple_tf_kinematics.hpp:25:95:[m[K [01;31m[Kerror: [m[Ktemplate argument 1 is invalid
   25 |     bool getTransformCallback(const std::shared_ptr<bumperbot_msgs::srv::GetTransform::Request[01;31m[K>[m[K req,
      |                                                                                               [01;31m[K^[m[K
[01m[K/home/skytold/workspace/amr_ws/src/amr_cpp_examples/include/amr_cpp_examples/simple_tf_kinematics.hpp:25:37:[m[K [01;31m[Kerror: [m[Kinvalid template-id
   25 |     bool getTransformCallback(const [01;31m[Kstd[m[K::shared_ptr<bumperbot_msgs::srv::GetTransform::Request> req,
      |                                     [01;31m[K^~~[m[K
[01m[K/home/skytold/workspace/amr_ws/src/amr_cpp_examples/include/amr_cpp_examples/simple_tf_kinematics.hpp:25:53:[m[K [01;31m[Kerror: [m[K‘[01m[Kbumperbot_msgs[m[K’ has not been declared
   25 |     bool getTransformCallback(const std::shared_ptr<[01;31m[Kbumperbot_msgs[m[K::srv::GetTransform::Request> req,
      |                                                     [01;31m[K^~~~~~~~~~~~~~[m[K
[01m[K/home/skytold/workspace/amr_ws/src/amr_cpp_examples/include/amr_cpp_examples/simple_tf_kinematics.hpp:25:31:[m[K [01;31m[Kerror: [m[Kclass template placeholder ‘[01m[Kstd::shared_ptr[m[K’ not permitted in this context
   25 |     bool getTransformCallback([01;31m[Kconst[m[K std::shared_ptr<bumperbot_msgs::srv::GetTransform::Request> req,
      |                               [01;31m[K^~~~~[m[K
[01m[K/home/skytold/workspace/amr_ws/src/amr_cpp_examples/include/amr_cpp_examples/simple_tf_kinematics.hpp:26:53:[m[K [01;31m[Kerror: [m[K‘[01m[Kbumperbot_msgs[m[K’ was not declared in this scope
   26 |                               const std::shared_ptr<[01;31m[Kbumperbot_msgs[m[K::srv::GetTransform::Response> res);
      |                                                     [01;31m[K^~~~~~~~~~~~~~[m[K
[01m[K/home/skytold/workspace/amr_ws/src/amr_cpp_examples/include/amr_cpp_examples/simple_tf_kinematics.hpp:26:96:[m[K [01;31m[Kerror: [m[Ktemplate argument 1 is invalid
   26 |                               const std::shared_ptr<bumperbot_msgs::srv::GetTransform::Response[01;31m[K>[m[K res);
      |                                                                                                [01;31m[K^[m[K
[01m[K/home/skytold/workspace/amr_ws/src/amr_cpp_examples/include/amr_cpp_examples/simple_tf_kinematics.hpp:26:53:[m[K [01;31m[Kerror: [m[K‘[01m[Kbumperbot_msgs[m[K’ was not declared in this scope
   26 |                               const std::shared_ptr<[01;31m[Kbumperbot_msgs[m[K::srv::GetTransform::Response> res);
      |                                                     [01;31m[K^~~~~~~~~~~~~~[m[K
[01m[K/home/skytold/workspace/amr_ws/src/amr_cpp_examples/include/amr_cpp_examples/simple_tf_kinematics.hpp:26:96:[m[K [01;31m[Kerror: [m[Ktemplate argument 1 is invalid
   26 |                               const std::shared_ptr<bumperbot_msgs::srv::GetTransform::Response[01;31m[K>[m[K res);
      |                                                                                                [01;31m[K^[m[K
[01m[K/home/skytold/workspace/amr_ws/src/amr_cpp_examples/include/amr_cpp_examples/simple_tf_kinematics.hpp:26:53:[m[K [01;31m[Kerror: [m[K‘[01m[Kbumperbot_msgs[m[K’ was not declared in this scope
   26 |                               const std::shared_ptr<[01;31m[Kbumperbot_msgs[m[K::srv::GetTransform::Response> res);
      |                                                     [01;31m[K^~~~~~~~~~~~~~[m[K
[01m[K/home/skytold/workspace/amr_ws/src/amr_cpp_examples/include/amr_cpp_examples/simple_tf_kinematics.hpp:26:96:[m[K [01;31m[Kerror: [m[Ktemplate argument 1 is invalid
   26 |                               const std::shared_ptr<bumperbot_msgs::srv::GetTransform::Response[01;31m[K>[m[K res);
      |                                                                                                [01;31m[K^[m[K
[01m[K/home/skytold/workspace/amr_ws/src/amr_cpp_examples/include/amr_cpp_examples/simple_tf_kinematics.hpp:26:37:[m[K [01;31m[Kerror: [m[Kinvalid template-id
   26 |                               const [01;31m[Kstd[m[K::shared_ptr<bumperbot_msgs::srv::GetTransform::Response> res);
      |                                     [01;31m[K^~~[m[K
[01m[K/home/skytold/workspace/amr_ws/src/amr_cpp_examples/include/amr_cpp_examples/simple_tf_kinematics.hpp:26:53:[m[K [01;31m[Kerror: [m[K‘[01m[Kbumperbot_msgs[m[K’ has not been declared
   26 |                               const std::shared_ptr<[01;31m[Kbumperbot_msgs[m[K::srv::GetTransform::Response> res);
      |                                                     [01;31m[K^~~~~~~~~~~~~~[m[K
[01m[K/home/skytold/workspace/amr_ws/src/amr_cpp_examples/include/amr_cpp_examples/simple_tf_kinematics.hpp:26:31:[m[K [01;31m[Kerror: [m[Kclass template placeholder ‘[01m[Kstd::shared_ptr[m[K’ not permitted in this context
   26 |                               [01;31m[Kconst[m[K std::shared_ptr<bumperbot_msgs::srv::GetTransform::Response> res);
      |                               [01;31m[K^~~~~[m[K
[01m[K/home/skytold/workspace/amr_ws/src/amr_cpp_examples/include/amr_cpp_examples/simple_tf_kinematics.hpp:29:21:[m[K [01;31m[Kerror: [m[K‘[01m[Kbumperbot_msgs[m[K’ was not declared in this scope
   29 |     rclcpp::Service<[01;31m[Kbumperbot_msgs[m[K::srv::GetTransform>::SharedPtr get_transform_srv_;
      |                     [01;31m[K^~~~~~~~~~~~~~[m[K
[01m[K/home/skytold/workspace/amr_ws/src/amr_cpp_examples/include/amr_cpp_examples/simple_tf_kinematics.hpp:29:54:[m[K [01;31m[Kerror: [m[Ktemplate argument 1 is invalid
   29 |     rclcpp::Service<bumperbot_msgs::srv::GetTransform[01;31m[K>[m[K::SharedPtr get_transform_srv_;
      |                                                      [01;31m[K^[m[K
[01m[K/home/skytold/workspace/amr_ws/src/amr_cpp_examples/include/amr_cpp_examples/simple_tf_kinematics.hpp:29:57:[m[K [01;31m[Kerror: [m[Kexpected ‘[01m[K;[m[K’ at end of member declaration
   29 |     rclcpp::Service<bumperbot_msgs::srv::GetTransform>::[01;31m[KSharedPtr[m[K get_transform_srv_;
      |                                                         [01;31m[K^~~~~~~~~[m[K
      |                                                                  [32m[K;[m[K
[01m[K/home/skytold/workspace/amr_ws/src/amr_cpp_examples/include/amr_cpp_examples/simple_tf_kinematics.hpp:29:67:[m[K [01;31m[Kerror: [m[K‘[01m[Kget_transform_srv_[m[K’ does not name a type
   29 |     rclcpp::Service<bumperbot_msgs::srv::GetTransform>::SharedPtr [01;31m[Kget_transform_srv_[m[K;
      |                                                                   [01;31m[K^~~~~~~~~~~~~~~~~~[m[K
[01m[K/home/skytold/workspace/amr_ws/src/amr_cpp_examples/src/simple_tf_kinematics.cpp:[m[K In constructor ‘[01m[KSimpleTfKinematics::SimpleTfKinematics(const string&)[m[K’:
[01m[K/home/skytold/workspace/amr_ws/src/amr_cpp_examples/src/simple_tf_kinematics.cpp:35:5:[m[K [01;31m[Kerror: [m[K‘[01m[Kget_transform_srv_[m[K’ was not declared in this scope
   35 |     [01;31m[Kget_transform_srv_[m[K = create_service<amr_msgs::srv::GetTransform>("get_transform", std::bind(&SimpleTfKinematics::getTransformCallback, this, _1, _2));
      |     [01;31m[K^~~~~~~~~~~~~~~~~~[m[K
[01m[K/home/skytold/workspace/amr_ws/src/amr_cpp_examples/src/simple_tf_kinematics.cpp:[m[K At global scope:
[01m[K/home/skytold/workspace/amr_ws/src/amr_cpp_examples/src/simple_tf_kinematics.cpp:77:6:[m[K [01;31m[Kerror: [m[Kno declaration matches ‘[01m[Kbool SimpleTfKinematics::getTransformCallback(std::shared_ptr<amr_msgs::srv::GetTransform_Request_<std::allocator<void> > >, std::shared_ptr<amr_msgs::srv::GetTransform_Response_<std::allocator<void> > >)[m[K’
   77 | bool [01;31m[KSimpleTfKinematics[m[K::getTransformCallback(const std::shared_ptr<amr_msgs::srv::GetTransform::Request> req,
      |      [01;31m[K^~~~~~~~~~~~~~~~~~[m[K
In file included from [01m[K/home/skytold/workspace/amr_ws/src/amr_cpp_examples/src/simple_tf_kinematics.cpp:1[m[K:
[01m[K/home/skytold/workspace/amr_ws/src/amr_cpp_examples/include/amr_cpp_examples/simple_tf_kinematics.hpp:25:10:[m[K [01;36m[Knote: [m[Kcandidate is: ‘[01m[Kbool SimpleTfKinematics::getTransformCallback(...)[m[K’
   25 |     bool [01;36m[KgetTransformCallback[m[K(const std::shared_ptr<bumperbot_msgs::srv::GetTransform::Request> req,
      |          [01;36m[K^~~~~~~~~~~~~~~~~~~~[m[K
[01m[K/home/skytold/workspace/amr_ws/src/amr_cpp_examples/include/amr_cpp_examples/simple_tf_kinematics.hpp:17:7:[m[K [01;36m[Knote: [m[K‘[01m[Kclass SimpleTfKinematics[m[K’ defined here
   17 | class [01;36m[KSimpleTfKinematics[m[K : public rclcpp::Node
      |       [01;36m[K^~~~~~~~~~~~~~~~~~[m[K
In file included from [01m[K/opt/ros/humble/include/rclcpp/rclcpp/client.hpp:39[m[K,
                 from [01m[K/opt/ros/humble/include/rclcpp/rclcpp/callback_group.hpp:24[m[K,
                 from [01m[K/opt/ros/humble/include/rclcpp/rclcpp/any_executable.hpp:20[m[K,
                 from [01m[K/opt/ros/humble/include/rclcpp/rclcpp/memory_strategy.hpp:25[m[K,
                 from [01m[K/opt/ros/humble/include/rclcpp/rclcpp/memory_strategies.hpp:18[m[K,
                 from [01m[K/opt/ros/humble/include/rclcpp/rclcpp/executor_options.hpp:20[m[K,
                 from [01m[K/opt/ros/humble/include/rclcpp/rclcpp/executor.hpp:37[m[K,
                 from [01m[K/opt/ros/humble/include/rclcpp/rclcpp/executors/multi_threaded_executor.hpp:25[m[K,
                 from [01m[K/opt/ros/humble/include/rclcpp/rclcpp/executors.hpp:21[m[K,
                 from [01m[K/opt/ros/humble/include/rclcpp/rclcpp/rclcpp.hpp:155[m[K,
                 from [01m[K/home/skytold/workspace/amr_ws/src/amr_cpp_examples/include/amr_cpp_examples/simple_tf_kinematics.hpp:4[m[K,
                 from [01m[K/home/skytold/workspace/amr_ws/src/amr_cpp_examples/src/simple_tf_kinematics.cpp:1[m[K:
/opt/ros/humble/include/rclcpp/rclcpp/function_traits.hpp: In instantiation of ‘[01m[Kstruct rclcpp::function_traits::function_traits<std::_Bind<bool (SimpleTfKinematics::*(SimpleTfKinematics*, std::_Placeholder<1>, std::_Placeholder<2>))(...)> >[m[K’:
[01m[K/opt/ros/humble/include/rclcpp/rclcpp/function_traits.hpp:165:8:[m[K   required from ‘[01m[Kstruct rclcpp::function_traits::same_arguments<std::_Bind<bool (SimpleTfKinematics::*(SimpleTfKinematics*, std::_Placeholder<1>, std::_Placeholder<2>))(...)>, std::function<void(std::shared_ptr<amr_msgs::srv::GetTransform_Request_<std::allocator<void> > >, std::shared_ptr<amr_msgs::srv::GetTransform_Response_<std::allocator<void> > >)> >[m[K’
[01m[K/opt/ros/humble/include/rclcpp/rclcpp/any_service_callback.hpp:76:10:[m[K   required from ‘[01m[Kvoid rclcpp::AnyServiceCallback<ServiceT>::set(CallbackT&&) [with CallbackT = std::_Bind<bool (SimpleTfKinematics::*(SimpleTfKinematics*, std::_Placeholder<1>, std::_Placeholder<2>))(...)>; typename std::enable_if<(! rclcpp::detail::can_be_nullptr<CallbackT>::value), int>::type <anonymous> = 0; ServiceT = amr_msgs::srv::GetTransform][m[K’
[01m[K/opt/ros/humble/include/rclcpp/rclcpp/create_service.hpp:43:27:[m[K   required from ‘[01m[Ktypename rclcpp::Service<ServiceT>::SharedPtr rclcpp::create_service(std::shared_ptr<rclcpp::node_interfaces::NodeBaseInterface>, std::shared_ptr<rclcpp::node_interfaces::NodeServicesInterface>, const string&, CallbackT&&, const rmw_qos_profile_t&, rclcpp::CallbackGroup::SharedPtr) [with ServiceT = amr_msgs::srv::GetTransform; CallbackT = std::_Bind<bool (SimpleTfKinematics::*(SimpleTfKinematics*, std::_Placeholder<1>, std::_Placeholder<2>))(...)>; typename rclcpp::Service<ServiceT>::SharedPtr = std::shared_ptr<rclcpp::Service<amr_msgs::srv::GetTransform> >; std::string = std::__cxx11::basic_string<char>; rmw_qos_profile_t = rmw_qos_profile_s; rclcpp::CallbackGroup::SharedPtr = std::shared_ptr<rclcpp::CallbackGroup>][m[K’
[01m[K/opt/ros/humble/include/rclcpp/rclcpp/node_impl.hpp:147:53:[m[K   required from ‘[01m[Ktypename rclcpp::Service<ServiceT>::SharedPtr rclcpp::Node::create_service(const string&, CallbackT&&, const rmw_qos_profile_t&, rclcpp::CallbackGroup::SharedPtr) [with ServiceT = amr_msgs::srv::GetTransform; CallbackT = std::_Bind<bool (SimpleTfKinematics::*(SimpleTfKinematics*, std::_Placeholder<1>, std::_Placeholder<2>))(...)>; typename rclcpp::Service<ServiceT>::SharedPtr = std::shared_ptr<rclcpp::Service<amr_msgs::srv::GetTransform> >; std::string = std::__cxx11::basic_string<char>; rmw_qos_profile_t = rmw_qos_profile_s; rclcpp::CallbackGroup::SharedPtr = std::shared_ptr<rclcpp::CallbackGroup>][m[K’
[01m[K/home/skytold/workspace/amr_ws/src/amr_cpp_examples/src/simple_tf_kinematics.cpp:35:69:[m[K   required from here
[01m[K/opt/ros/humble/include/rclcpp/rclcpp/function_traits.hpp:51:9:[m[K [01;31m[Kerror: [m[K‘[01m[Kdecltype[m[K’ cannot resolve address of overloaded function
   51 |   using [01;31m[Karguments[m[K = typename tuple_tail<
      |         [01;31m[K^~~~~~~~~[m[K
[01m[K/opt/ros/humble/include/rclcpp/rclcpp/function_traits.hpp:57:9:[m[K [01;31m[Kerror: [m[K‘[01m[Kdecltype[m[K’ cannot resolve address of overloaded function
   57 |   using [01;31m[Kargument_type[m[K = typename std::tuple_element<N, arguments>::type;
      |         [01;31m[K^~~~~~~~~~~~~[m[K
[01m[K/opt/ros/humble/include/rclcpp/rclcpp/function_traits.hpp:59:9:[m[K [01;31m[Kerror: [m[K‘[01m[Kdecltype[m[K’ cannot resolve address of overloaded function
   59 |   using [01;31m[Kreturn_type[m[K = typename function_traits<decltype( &FunctionT::operator())>::return_type;
      |         [01;31m[K^~~~~~~~~~~[m[K
In file included from [01m[K/opt/ros/humble/include/rclcpp/rclcpp/service.hpp:36[m[K,
                 from [01m[K/opt/ros/humble/include/rclcpp/rclcpp/callback_group.hpp:28[m[K,
                 from [01m[K/opt/ros/humble/include/rclcpp/rclcpp/any_executable.hpp:20[m[K,
                 from [01m[K/opt/ros/humble/include/rclcpp/rclcpp/memory_strategy.hpp:25[m[K,
                 from [01m[K/opt/ros/humble/include/rclcpp/rclcpp/memory_strategies.hpp:18[m[K,
                 from [01m[K/opt/ros/humble/include/rclcpp/rclcpp/executor_options.hpp:20[m[K,
                 from [01m[K/opt/ros/humble/include/rclcpp/rclcpp/executor.hpp:37[m[K,
                 from [01m[K/opt/ros/humble/include/rclcpp/rclcpp/executors/multi_threaded_executor.hpp:25[m[K,
                 from [01m[K/opt/ros/humble/include/rclcpp/rclcpp/executors.hpp:21[m[K,
                 from [01m[K/opt/ros/humble/include/rclcpp/rclcpp/rclcpp.hpp:155[m[K,
                 from [01m[K/home/skytold/workspace/amr_ws/src/amr_cpp_examples/include/amr_cpp_examples/simple_tf_kinematics.hpp:4[m[K,
                 from [01m[K/home/skytold/workspace/amr_ws/src/amr_cpp_examples/src/simple_tf_kinematics.cpp:1[m[K:
/opt/ros/humble/include/rclcpp/rclcpp/any_service_callback.hpp: In instantiation of ‘[01m[Kvoid rclcpp::AnyServiceCallback<ServiceT>::set(CallbackT&&) [with CallbackT = std::_Bind<bool (SimpleTfKinematics::*(SimpleTfKinematics*, std::_Placeholder<1>, std::_Placeholder<2>))(...)>; typename std::enable_if<(! rclcpp::detail::can_be_nullptr<CallbackT>::value), int>::type <anonymous> = 0; ServiceT = amr_msgs::srv::GetTransform][m[K’:
[01m[K/opt/ros/humble/include/rclcpp/rclcpp/create_service.hpp:43:27:[m[K   required from ‘[01m[Ktypename rclcpp::Service<ServiceT>::SharedPtr rclcpp::create_service(std::shared_ptr<rclcpp::node_interfaces::NodeBaseInterface>, std::shared_ptr<rclcpp::node_interfaces::NodeServicesInterface>, const string&, CallbackT&&, const rmw_qos_profile_t&, rclcpp::CallbackGroup::SharedPtr) [with ServiceT = amr_msgs::srv::GetTransform; CallbackT = std::_Bind<bool (SimpleTfKinematics::*(SimpleTfKinematics*, std::_Placeholder<1>, std::_Placeholder<2>))(...)>; typename rclcpp::Service<ServiceT>::SharedPtr = std::shared_ptr<rclcpp::Service<amr_msgs::srv::GetTransform> >; std::string = std::__cxx11::basic_string<char>; rmw_qos_profile_t = rmw_qos_profile_s; rclcpp::CallbackGroup::SharedPtr = std::shared_ptr<rclcpp::CallbackGroup>][m[K’
[01m[K/opt/ros/humble/include/rclcpp/rclcpp/node_impl.hpp:147:53:[m[K   required from ‘[01m[Ktypename rclcpp::Service<ServiceT>::SharedPtr rclcpp::Node::create_service(const string&, CallbackT&&, const rmw_qos_profile_t&, rclcpp::CallbackGroup::SharedPtr) [with ServiceT = amr_msgs::srv::GetTransform; CallbackT = std::_Bind<bool (SimpleTfKinematics::*(SimpleTfKinematics*, std::_Placeholder<1>, std::_Placeholder<2>))(...)>; typename rclcpp::Service<ServiceT>::SharedPtr = std::shared_ptr<rclcpp::Service<amr_msgs::srv::GetTransform> >; std::string = std::__cxx11::basic_string<char>; rmw_qos_profile_t = rmw_qos_profile_s; rclcpp::CallbackGroup::SharedPtr = std::shared_ptr<rclcpp::CallbackGroup>][m[K’
[01m[K/home/skytold/workspace/amr_ws/src/amr_cpp_examples/src/simple_tf_kinematics.cpp:35:69:[m[K   required from here
[01m[K/opt/ros/humble/include/rclcpp/rclcpp/any_service_callback.hpp:76:10:[m[K [01;31m[Kerror: [m[K‘[01m[Kvalue[m[K’ is not a member of ‘[01m[Krclcpp::function_traits::same_arguments<std::_Bind<bool (SimpleTfKinematics::*(SimpleTfKinematics*, std::_Placeholder<1>, std::_Placeholder<2>))(...)>, std::function<void(std::shared_ptr<amr_msgs::srv::GetTransform_Request_<std::allocator<void> > >, std::shared_ptr<amr_msgs::srv::GetTransform_Response_<std::allocator<void> > >)> >[m[K’
   76 |       >::[01;31m[Kvalue[m[K)
      |          [01;31m[K^~~~~[m[K
[01m[K/opt/ros/humble/include/rclcpp/rclcpp/any_service_callback.hpp:83:10:[m[K [01;31m[Kerror: [m[K‘[01m[Kvalue[m[K’ is not a member of ‘[01m[Krclcpp::function_traits::same_arguments<std::_Bind<bool (SimpleTfKinematics::*(SimpleTfKinematics*, std::_Placeholder<1>, std::_Placeholder<2>))(...)>, std::function<void(std::shared_ptr<rmw_request_id_s>, std::shared_ptr<amr_msgs::srv::GetTransform_Request_<std::allocator<void> > >, std::shared_ptr<amr_msgs::srv::GetTransform_Response_<std::allocator<void> > >)> >[m[K’
   83 |       >::[01;31m[Kvalue[m[K)
      |          [01;31m[K^~~~~[m[K
[01m[K/opt/ros/humble/include/rclcpp/rclcpp/any_service_callback.hpp:90:10:[m[K [01;31m[Kerror: [m[K‘[01m[Kvalue[m[K’ is not a member of ‘[01m[Krclcpp::function_traits::same_arguments<std::_Bind<bool (SimpleTfKinematics::*(SimpleTfKinematics*, std::_Placeholder<1>, std::_Placeholder<2>))(...)>, std::function<void(std::shared_ptr<rmw_request_id_s>, std::shared_ptr<amr_msgs::srv::GetTransform_Request_<std::allocator<void> > >)> >[m[K’
   90 |       >::[01;31m[Kvalue[m[K)
      |          [01;31m[K^~~~~[m[K
[01m[K/opt/ros/humble/include/rclcpp/rclcpp/any_service_callback.hpp:97:10:[m[K [01;31m[Kerror: [m[K‘[01m[Kvalue[m[K’ is not a member of ‘[01m[Krclcpp::function_traits::same_arguments<std::_Bind<bool (SimpleTfKinematics::*(SimpleTfKinematics*, std::_Placeholder<1>, std::_Placeholder<2>))(...)>, std::function<void(std::shared_ptr<rclcpp::Service<amr_msgs::srv::GetTransform> >, std::shared_ptr<rmw_request_id_s>, std::shared_ptr<amr_msgs::srv::GetTransform_Request_<std::allocator<void> > >)> >[m[K’
   97 |       >::[01;31m[Kvalue[m[K)
      |          [01;31m[K^~~~~[m[K
[01m[K/opt/ros/humble/include/rclcpp/rclcpp/any_service_callback.hpp:103:17:[m[K [01;31m[Kerror: [m[Kno match for ‘[01m[Koperator=[m[K’ (operand types are ‘[01m[Kstd::variant<std::monostate, std::function<void(std::shared_ptr<amr_msgs::srv::GetTransform_Request_<std::allocator<void> > >, std::shared_ptr<amr_msgs::srv::GetTransform_Response_<std::allocator<void> > >)>, std::function<void(std::shared_ptr<rmw_request_id_s>, std::shared_ptr<amr_msgs::srv::GetTransform_Request_<std::allocator<void> > >, std::shared_ptr<amr_msgs::srv::GetTransform_Response_<std::allocator<void> > >)>, std::function<void(std::shared_ptr<rmw_request_id_s>, std::shared_ptr<amr_msgs::srv::GetTransform_Request_<std::allocator<void> > >)>, std::function<void(std::shared_ptr<rclcpp::Service<amr_msgs::srv::GetTransform> >, std::shared_ptr<rmw_request_id_s>, std::shared_ptr<amr_msgs::srv::GetTransform_Request_<std::allocator<void> > >)> >[m[K’ and ‘[01m[Kstd::_Bind<bool (SimpleTfKinematics::*(SimpleTfKinematics*, std::_Placeholder<1>, std::_Placeholder<2>))(...)>[m[K’)
  103 |       [01;31m[Kcallback_ = std::forward<CallbackT>(callback)[m[K;
      |       [01;31m[K~~~~~~~~~~^~~~~~~~~~~~~~~~~~~~~~~~~~~~~~~~~~~[m[K
In file included from [01m[K/opt/ros/humble/include/rclcpp/rclcpp/client.hpp:28[m[K,
                 from [01m[K/opt/ros/humble/include/rclcpp/rclcpp/callback_group.hpp:24[m[K,
                 from [01m[K/opt/ros/humble/include/rclcpp/rclcpp/any_executable.hpp:20[m[K,
                 from [01m[K/opt/ros/humble/include/rclcpp/rclcpp/memory_strategy.hpp:25[m[K,
                 from [01m[K/opt/ros/humble/include/rclcpp/rclcpp/memory_strategies.hpp:18[m[K,
                 from [01m[K/opt/ros/humble/include/rclcpp/rclcpp/executor_options.hpp:20[m[K,
                 from [01m[K/opt/ros/humble/include/rclcpp/rclcpp/executor.hpp:37[m[K,
                 from [01m[K/opt/ros/humble/include/rclcpp/rclcpp/executors/multi_threaded_executor.hpp:25[m[K,
                 from [01m[K/opt/ros/humble/include/rclcpp/rclcpp/executors.hpp:21[m[K,
                 from [01m[K/opt/ros/humble/include/rclcpp/rclcpp/rclcpp.hpp:155[m[K,
                 from [01m[K/home/skytold/workspace/amr_ws/src/amr_cpp_examples/include/amr_cpp_examples/simple_tf_kinematics.hpp:4[m[K,
                 from [01m[K/home/skytold/workspace/amr_ws/src/amr_cpp_examples/src/simple_tf_kinematics.cpp:1[m[K:
[01m[K/usr/include/c++/11/variant:1461:9:[m[K [01;36m[Knote: [m[Kcandidate: ‘[01m[Ktemplate<class _Tp> std::enable_if_t<((__exactly_once<std::variant<_Types>::__accepted_type<_Tp&&, typename std::enable_if<__not_self<_Tp&&>, void>::type> > && is_constructible_v<std::variant<_Types>::__accepted_type<_Tp&&, typename std::enable_if<__not_self<_Tp&&>, void>::type>, _Tp>) && is_assignable_v<std::variant<_Types>::__accepted_type<_Tp&&, typename std::enable_if<__not_self<_Tp&&>, void>::type>&, _Tp>), std::variant<_Types>&> std::variant<_Types>::operator=(_Tp&&) [with _Tp = _Tp; _Types = {std::monostate, std::function<void(std::shared_ptr<amr_msgs::srv::GetTransform_Request_<std::allocator<void> > >, std::shared_ptr<amr_msgs::srv::GetTransform_Response_<std::allocator<void> > >)>, std::function<void(std::shared_ptr<rmw_request_id_s>, std::shared_ptr<amr_msgs::srv::GetTransform_Request_<std::allocator<void> > >, std::shared_ptr<amr_msgs::srv::GetTransform_Response_<std::allocator<void> > >)>, std::function<void(std::shared_ptr<rmw_request_id_s>, std::shared_ptr<amr_msgs::srv::GetTransform_Request_<std::allocator<void> > >)>, std::function<void(std::shared_ptr<rclcpp::Service<amr_msgs::srv::GetTransform> >, std::shared_ptr<rmw_request_id_s>, std::shared_ptr<amr_msgs::srv::GetTransform_Request_<std::allocator<void> > >)>}][m[K’
 1461 |         [01;36m[Koperator[m[K=(_Tp&& __rhs)
      |         [01;36m[K^~~~~~~~[m[K
[01m[K/usr/include/c++/11/variant:1461:9:[m[K [01;36m[Knote: [m[K  template argument deduction/substitution failed:
/usr/include/c++/11/variant: In substitution of ‘[01m[Ktemplate<class ... _Types> template<class _Tp, class> using __accepted_type = std::variant<_Types>::__to_type<__accepted_index<_Tp> > [with _Tp = std::_Bind<bool (SimpleTfKinematics::*(SimpleTfKinematics*, std::_Placeholder<1>, std::_Placeholder<2>))(...)>&&; <template-parameter-2-2> = void; _Types = {std::monostate, std::function<void(std::shared_ptr<amr_msgs::srv::GetTransform_Request_<std::allocator<void> > >, std::shared_ptr<amr_msgs::srv::GetTransform_Response_<std::allocator<void> > >)>, std::function<void(std::shared_ptr<rmw_request_id_s>, std::shared_ptr<amr_msgs::srv::GetTransform_Request_<std::allocator<void> > >, std::shared_ptr<amr_msgs::srv::GetTransform_Response_<std::allocator<void> > >)>, std::function<void(std::shared_ptr<rmw_request_id_s>, std::shared_ptr<amr_msgs::srv::GetTransform_Request_<std::allocator<void> > >)>, std::function<void(std::shared_ptr<rclcpp::Service<amr_msgs::srv::GetTransform> >, std::shared_ptr<rmw_request_id_s>, std::shared_ptr<amr_msgs::srv::GetTransform_Request_<std::allocator<void> > >)>}][m[K’:
[01m[K/usr/include/c++/11/variant:1457:14:[m[K   required by substitution of ‘[01m[Ktemplate<class _Tp> std::enable_if_t<((__exactly_once<std::variant<std::monostate, std::function<void(std::shared_ptr<amr_msgs::srv::GetTransform_Request_<std::allocator<void> > >, std::shared_ptr<amr_msgs::srv::GetTransform_Response_<std::allocator<void> > >)>, std::function<void(std::shared_ptr<rmw_request_id_s>, std::shared_ptr<amr_msgs::srv::GetTransform_Request_<std::allocator<void> > >, std::shared_ptr<amr_msgs::srv::GetTransform_Response_<std::allocator<void> > >)>, std::function<void(std::shared_ptr<rmw_request_id_s>, std::shared_ptr<amr_msgs::srv::GetTransform_Request_<std::allocator<void> > >)>, std::function<void(std::shared_ptr<rclcpp::Service<amr_msgs::srv::GetTransform> >, std::shared_ptr<rmw_request_id_s>, std::shared_ptr<amr_msgs::srv::GetTransform_Request_<std::allocator<void> > >)> >::__accepted_type<_Tp&&, typename std::enable_if<__not_self<_Tp&&>, void>::type> > && is_constructible_v<std::variant<std::monostate, std::function<void(std::shared_ptr<amr_msgs::srv::GetTransform_Request_<std::allocator<void> > >, std::shared_ptr<amr_msgs::srv::GetTransform_Response_<std::allocator<void> > >)>, std::function<void(std::shared_ptr<rmw_request_id_s>, std::shared_ptr<amr_msgs::srv::GetTransform_Request_<std::allocator<void> > >, std::shared_ptr<amr_msgs::srv::GetTransform_Response_<std::allocator<void> > >)>, std::function<void(std::shared_ptr<rmw_request_id_s>, std::shared_ptr<amr_msgs::srv::GetTransform_Request_<std::allocator<void> > >)>, std::function<void(std::shared_ptr<rclcpp::Service<amr_msgs::srv::GetTransform> >, std::shared_ptr<rmw_request_id_s>, std::shared_ptr<amr_msgs::srv::GetTransform_Request_<std::allocator<void> > >)> >::__accepted_type<_Tp&&, typename std::enable_if<__not_self<_Tp&&>, void>::type>, _Tp>) && is_assignable_v<std::variant<std::monostate, std::function<void(std::shared_ptr<amr_msgs::srv::GetTransform_Request_<std::allocator<void> > >, std::shared_ptr<amr_msgs::srv::GetTransform_Response_<std::allocator<void> > >)>, std::function<void(std::shared_ptr<rmw_request_id_s>, std::shared_ptr<amr_msgs::srv::GetTransform_Request_<std::allocator<void> > >, std::shared_ptr<amr_msgs::srv::GetTransform_Response_<std::allocator<void> > >)>, std::function<void(std::shared_ptr<rmw_request_id_s>, std::shared_ptr<amr_msgs::srv::GetTransform_Request_<std::allocator<void> > >)>, std::function<void(std::shared_ptr<rclcpp::Service<amr_msgs::srv::GetTransform> >, std::shared_ptr<rmw_request_id_s>, std::shared_ptr<amr_msgs::srv::GetTransform_Request_<std::allocator<void> > >)> >::__accepted_type<_Tp&&, typename std::enable_if<__not_self<_Tp&&>, void>::type>&, _Tp>), std::variant<std::monostate, std::function<void(std::shared_ptr<amr_msgs::srv::GetTransform_Request_<std::allocator<void> > >, std::shared_ptr<amr_msgs::srv::GetTransform_Response_<std::allocator<void> > >)>, std::function<void(std::shared_ptr<rmw_request_id_s>, std::shared_ptr<amr_msgs::srv::GetTransform_Request_<std::allocator<void> > >, std::shared_ptr<amr_msgs::srv::GetTransform_Response_<std::allocator<void> > >)>, std::function<void(std::shared_ptr<rmw_request_id_s>, std::shared_ptr<amr_msgs::srv::GetTransform_Request_<std::allocator<void> > >)>, std::function<void(std::shared_ptr<rclcpp::Service<amr_msgs::srv::GetTransform> >, std::shared_ptr<rmw_request_id_s>, std::shared_ptr<amr_msgs::srv::GetTransform_Request_<std::allocator<void> > >)> >&> std::variant<std::monostate, std::function<void(std::shared_ptr<amr_msgs::srv::GetTransform_Request_<std::allocator<void> > >, std::shared_ptr<amr_msgs::srv::GetTransform_Response_<std::allocator<void> > >)>, std::function<void(std::shared_ptr<rmw_request_id_s>, std::shared_ptr<amr_msgs::srv::GetTransform_Request_<std::allocator<void> > >, std::shared_ptr<amr_msgs::srv::GetTransform_Response_<std::allocator<void> > >)>, std::function<void(std::shared_ptr<rmw_request_id_s>, std::shared_ptr<amr_msgs::srv::GetTransform_Request_<std::allocator<void> > >)>, std::function<void(std::shared_ptr<rclcpp::Service<amr_msgs::srv::GetTransform> >, std::shared_ptr<rmw_request_id_s>, std::shared_ptr<amr_msgs::srv::GetTransform_Request_<std::allocator<void> > >)> >::operator=<_Tp>(_Tp&&) [with _Tp = std::_Bind<bool (SimpleTfKinematics::*(SimpleTfKinematics*, std::_Placeholder<1>, std::_Placeholder<2>))(...)>][m[K’
[01m[K/opt/ros/humble/include/rclcpp/rclcpp/any_service_callback.hpp:103:17:[m[K   required from ‘[01m[Kvoid rclcpp::AnyServiceCallback<ServiceT>::set(CallbackT&&) [with CallbackT = std::_Bind<bool (SimpleTfKinematics::*(SimpleTfKinematics*, std::_Placeholder<1>, std::_Placeholder<2>))(...)>; typename std::enable_if<(! rclcpp::detail::can_be_nullptr<CallbackT>::value), int>::type <anonymous> = 0; ServiceT = amr_msgs::srv::GetTransform][m[K’
[01m[K/opt/ros/humble/include/rclcpp/rclcpp/create_service.hpp:43:27:[m[K   required from ‘[01m[Ktypename rclcpp::Service<ServiceT>::SharedPtr rclcpp::create_service(std::shared_ptr<rclcpp::node_interfaces::NodeBaseInterface>, std::shared_ptr<rclcpp::node_interfaces::NodeServicesInterface>, const string&, CallbackT&&, const rmw_qos_profile_t&, rclcpp::CallbackGroup::SharedPtr) [with ServiceT = amr_msgs::srv::GetTransform; CallbackT = std::_Bind<bool (SimpleTfKinematics::*(SimpleTfKinematics*, std::_Placeholder<1>, std::_Placeholder<2>))(...)>; typename rclcpp::Service<ServiceT>::SharedPtr = std::shared_ptr<rclcpp::Service<amr_msgs::srv::GetTransform> >; std::string = std::__cxx11::basic_string<char>; rmw_qos_profile_t = rmw_qos_profile_s; rclcpp::CallbackGroup::SharedPtr = std::shared_ptr<rclcpp::CallbackGroup>][m[K’
[01m[K/opt/ros/humble/include/rclcpp/rclcpp/node_impl.hpp:147:53:[m[K   required from ‘[01m[Ktypename rclcpp::Service<ServiceT>::SharedPtr rclcpp::Node::create_service(const string&, CallbackT&&, const rmw_qos_profile_t&, rclcpp::CallbackGroup::SharedPtr) [with ServiceT = amr_msgs::srv::GetTransform; CallbackT = std::_Bind<bool (SimpleTfKinematics::*(SimpleTfKinematics*, std::_Placeholder<1>, std::_Placeholder<2>))(...)>; typename rclcpp::Service<ServiceT>::SharedPtr = std::shared_ptr<rclcpp::Service<amr_msgs::srv::GetTransform> >; std::string = std::__cxx11::basic_string<char>; rmw_qos_profile_t = rmw_qos_profile_s; rclcpp::CallbackGroup::SharedPtr = std::shared_ptr<rclcpp::CallbackGroup>][m[K’
[01m[K/home/skytold/workspace/amr_ws/src/amr_cpp_examples/src/simple_tf_kinematics.cpp:35:69:[m[K   required from here
[01m[K/usr/include/c++/11/variant:1375:15:[m[K [01;31m[Kerror: [m[Kno type named ‘[01m[Ktype[m[K’ in ‘[01m[Kstruct std::enable_if<false, void>[m[K’
 1375 |         using [01;31m[K__accepted_type[m[K = __to_type<__accepted_index<_Tp>>;
      |               [01;31m[K^~~~~~~~~~~~~~~[m[K
/opt/ros/humble/include/rclcpp/rclcpp/any_service_callback.hpp: In instantiation of ‘[01m[Kvoid rclcpp::AnyServiceCallback<ServiceT>::set(CallbackT&&) [with CallbackT = std::_Bind<bool (SimpleTfKinematics::*(SimpleTfKinematics*, std::_Placeholder<1>, std::_Placeholder<2>))(...)>; typename std::enable_if<(! rclcpp::detail::can_be_nullptr<CallbackT>::value), int>::type <anonymous> = 0; ServiceT = amr_msgs::srv::GetTransform][m[K’:
[01m[K/opt/ros/humble/include/rclcpp/rclcpp/create_service.hpp:43:27:[m[K   required from ‘[01m[Ktypename rclcpp::Service<ServiceT>::SharedPtr rclcpp::create_service(std::shared_ptr<rclcpp::node_interfaces::NodeBaseInterface>, std::shared_ptr<rclcpp::node_interfaces::NodeServicesInterface>, const string&, CallbackT&&, const rmw_qos_profile_t&, rclcpp::CallbackGroup::SharedPtr) [with ServiceT = amr_msgs::srv::GetTransform; CallbackT = std::_Bind<bool (SimpleTfKinematics::*(SimpleTfKinematics*, std::_Placeholder<1>, std::_Placeholder<2>))(...)>; typename rclcpp::Service<ServiceT>::SharedPtr = std::shared_ptr<rclcpp::Service<amr_msgs::srv::GetTransform> >; std::string = std::__cxx11::basic_string<char>; rmw_qos_profile_t = rmw_qos_profile_s; rclcpp::CallbackGroup::SharedPtr = std::shared_ptr<rclcpp::CallbackGroup>][m[K’
[01m[K/opt/ros/humble/include/rclcpp/rclcpp/node_impl.hpp:147:53:[m[K   required from ‘[01m[Ktypename rclcpp::Service<ServiceT>::SharedPtr rclcpp::Node::create_service(const string&, CallbackT&&, const rmw_qos_profile_t&, rclcpp::CallbackGroup::SharedPtr) [with ServiceT = amr_msgs::srv::GetTransform; CallbackT = std::_Bind<bool (SimpleTfKinematics::*(SimpleTfKinematics*, std::_Placeholder<1>, std::_Placeholder<2>))(...)>; typename rclcpp::Service<ServiceT>::SharedPtr = std::shared_ptr<rclcpp::Service<amr_msgs::srv::GetTransform> >; std::string = std::__cxx11::basic_string<char>; rmw_qos_profile_t = rmw_qos_profile_s; rclcpp::CallbackGroup::SharedPtr = std::shared_ptr<rclcpp::CallbackGroup>][m[K’
[01m[K/home/skytold/workspace/amr_ws/src/amr_cpp_examples/src/simple_tf_kinematics.cpp:35:69:[m[K   required from here
[01m[K/usr/include/c++/11/variant:1398:16:[m[K [01;36m[Knote: [m[Kcandidate: ‘[01m[Kstd::variant<_Types>& std::variant<_Types>::operator=(const std::variant<_Types>&) [with _Types = {std::monostate, std::function<void(std::shared_ptr<amr_msgs::srv::GetTransform_Request_<std::allocator<void> > >, std::shared_ptr<amr_msgs::srv::GetTransform_Response_<std::allocator<void> > >)>, std::function<void(std::shared_ptr<rmw_request_id_s>, std::shared_ptr<amr_msgs::srv::GetTransform_Request_<std::allocator<void> > >, std::shared_ptr<amr_msgs::srv::GetTransform_Response_<std::allocator<void> > >)>, std::function<void(std::shared_ptr<rmw_request_id_s>, std::shared_ptr<amr_msgs::srv::GetTransform_Request_<std::allocator<void> > >)>, std::function<void(std::shared_ptr<rclcpp::Service<amr_msgs::srv::GetTransform> >, std::shared_ptr<rmw_request_id_s>, std::shared_ptr<amr_msgs::srv::GetTransform_Request_<std::allocator<void> > >)>}][m[K’
 1398 |       variant& [01;36m[Koperator[m[K=(const variant&) = default;
      |                [01;36m[K^~~~~~~~[m[K
[01m[K/usr/include/c++/11/variant:1398:26:[m[K [01;36m[Knote: [m[K  no known conversion for argument 1 from ‘[01m[Kstd::_Bind<bool (SimpleTfKinematics::*(SimpleTfKinematics*, std::_Placeholder<1>, std::_Placeholder<2>))(...)>[m[K’ to ‘[01m[Kconst std::variant<std::monostate, std::function<void(std::shared_ptr<amr_msgs::srv::GetTransform_Request_<std::allocator<void> > >, std::shared_ptr<amr_msgs::srv::GetTransform_Response_<std::allocator<void> > >)>, std::function<void(std::shared_ptr<rmw_request_id_s>, std::shared_ptr<amr_msgs::srv::GetTransform_Request_<std::allocator<void> > >, std::shared_ptr<amr_msgs::srv::GetTransform_Response_<std::allocator<void> > >)>, std::function<void(std::shared_ptr<rmw_request_id_s>, std::shared_ptr<amr_msgs::srv::GetTransform_Request_<std::allocator<void> > >)>, std::function<void(std::shared_ptr<rclcpp::Service<amr_msgs::srv::GetTransform> >, std::shared_ptr<rmw_request_id_s>, std::shared_ptr<amr_msgs::srv::GetTransform_Request_<std::allocator<void> > >)> >&[m[K’
 1398 |       variant& operator=([01;36m[Kconst variant&[m[K) = default;
      |                          [01;36m[K^~~~~~~~~~~~~~[m[K
[01m[K/usr/include/c++/11/variant:1399:16:[m[K [01;36m[Knote: [m[Kcandidate: ‘[01m[Kstd::variant<_Types>& std::variant<_Types>::operator=(std::variant<_Types>&&) [with _Types = {std::monostate, std::function<void(std::shared_ptr<amr_msgs::srv::GetTransform_Request_<std::allocator<void> > >, std::shared_ptr<amr_msgs::srv::GetTransform_Response_<std::allocator<void> > >)>, std::function<void(std::shared_ptr<rmw_request_id_s>, std::shared_ptr<amr_msgs::srv::GetTransform_Request_<std::allocator<void> > >, std::shared_ptr<amr_msgs::srv::GetTransform_Response_<std::allocator<void> > >)>, std::function<void(std::shared_ptr<rmw_request_id_s>, std::shared_ptr<amr_msgs::srv::GetTransform_Request_<std::allocator<void> > >)>, std::function<void(std::shared_ptr<rclcpp::Service<amr_msgs::srv::GetTransform> >, std::shared_ptr<rmw_request_id_s>, std::shared_ptr<amr_msgs::srv::GetTransform_Request_<std::allocator<void> > >)>}][m[K’
 1399 |       variant& [01;36m[Koperator[m[K=(variant&&) = default;
      |                [01;36m[K^~~~~~~~[m[K
[01m[K/usr/include/c++/11/variant:1399:26:[m[K [01;36m[Knote: [m[K  no known conversion for argument 1 from ‘[01m[Kstd::_Bind<bool (SimpleTfKinematics::*(SimpleTfKinematics*, std::_Placeholder<1>, std::_Placeholder<2>))(...)>[m[K’ to ‘[01m[Kstd::variant<std::monostate, std::function<void(std::shared_ptr<amr_msgs::srv::GetTransform_Request_<std::allocator<void> > >, std::shared_ptr<amr_msgs::srv::GetTransform_Response_<std::allocator<void> > >)>, std::function<void(std::shared_ptr<rmw_request_id_s>, std::shared_ptr<amr_msgs::srv::GetTransform_Request_<std::allocator<void> > >, std::shared_ptr<amr_msgs::srv::GetTransform_Response_<std::allocator<void> > >)>, std::function<void(std::shared_ptr<rmw_request_id_s>, std::shared_ptr<amr_msgs::srv::GetTransform_Request_<std::allocator<void> > >)>, std::function<void(std::shared_ptr<rclcpp::Service<amr_msgs::srv::GetTransform> >, std::shared_ptr<rmw_request_id_s>, std::shared_ptr<amr_msgs::srv::GetTransform_Request_<std::allocator<void> > >)> >&&[m[K’
 1399 |       variant& operator=([01;36m[Kvariant&&[m[K) = default;
      |                          [01;36m[K^~~~~~~~~[m[K
gmake[2]: *** [CMakeFiles/simple_tf_kinematics.dir/build.make:76: CMakeFiles/simple_tf_kinematics.dir/src/simple_tf_kinematics.cpp.o] Error 1
gmake[1]: *** [CMakeFiles/Makefile2:305: CMakeFiles/simple_tf_kinematics.dir/all] Error 2
gmake[1]: *** Waiting for unfinished jobs....
[ 78%] [32m[1mLinking CXX executable simple_service_server[0m
[ 85%] [32m[1mLinking CXX executable simple_service_client[0m
[ 85%] Built target simple_service_server
[ 85%] Built target simple_service_client
[ 92%] [32m[1mLinking CXX executable simple_subscriber[0m
[ 92%] Built target simple_subscriber
gmake: *** [Makefile:146: all] Error 2
