[0.901s] Invoking command in '/home/skytold/workspace/amr_ws/src/amr_py_examples': PYTHONPATH=/home/skytold/workspace/amr_ws/build/amr_py_examples/prefix_override:/usr/lib/python3/dist-packages/colcon_core/task/python/colcon_distutils_commands:/home/skytold/workspace/amr_ws/install/amr_py_examples/lib/python3.10/site-packages:${PYTHONPATH} /usr/bin/python3 -W ignore:setup.py install is deprecated -W ignore:easy_install command is deprecated setup.py egg_info --egg-base ../../build/amr_py_examples build --build-base /home/skytold/workspace/amr_ws/build/amr_py_examples/build install --record /home/skytold/workspace/amr_ws/build/amr_py_examples/install.log --single-version-externally-managed install_data
[1.270s] running egg_info
[1.271s] creating ../../build/amr_py_examples/amr_py_examples.egg-info
[1.271s] writing ../../build/amr_py_examples/amr_py_examples.egg-info/PKG-INFO
[1.272s] writing dependency_links to ../../build/amr_py_examples/amr_py_examples.egg-info/dependency_links.txt
[1.272s] writing entry points to ../../build/amr_py_examples/amr_py_examples.egg-info/entry_points.txt
[1.272s] writing requirements to ../../build/amr_py_examples/amr_py_examples.egg-info/requires.txt
[1.272s] writing top-level names to ../../build/amr_py_examples/amr_py_examples.egg-info/top_level.txt
[1.272s] writing manifest file '../../build/amr_py_examples/amr_py_examples.egg-info/SOURCES.txt'
[1.275s] reading manifest file '../../build/amr_py_examples/amr_py_examples.egg-info/SOURCES.txt'
[1.276s] writing manifest file '../../build/amr_py_examples/amr_py_examples.egg-info/SOURCES.txt'
[1.276s] running build
[1.276s] running build_py
[1.276s] creating /home/skytold/workspace/amr_ws/build/amr_py_examples/build
[1.277s] creating /home/skytold/workspace/amr_ws/build/amr_py_examples/build/lib
[1.277s] creating /home/skytold/workspace/amr_ws/build/amr_py_examples/build/lib/amr_py_examples
[1.277s] copying amr_py_examples/__init__.py -> /home/skytold/workspace/amr_ws/build/amr_py_examples/build/lib/amr_py_examples
[1.277s] running install
[1.278s] running install_lib
[1.279s] creating /home/skytold/workspace/amr_ws/install/amr_py_examples/lib/python3.10/site-packages/amr_py_examples
[1.279s] copying /home/skytold/workspace/amr_ws/build/amr_py_examples/build/lib/amr_py_examples/__init__.py -> /home/skytold/workspace/amr_ws/install/amr_py_examples/lib/python3.10/site-packages/amr_py_examples
[1.280s] byte-compiling /home/skytold/workspace/amr_ws/install/amr_py_examples/lib/python3.10/site-packages/amr_py_examples/__init__.py to __init__.cpython-310.pyc
[1.280s] running install_data
[1.280s] creating /home/skytold/workspace/amr_ws/install/amr_py_examples/share/ament_index
[1.281s] creating /home/skytold/workspace/amr_ws/install/amr_py_examples/share/ament_index/resource_index
[1.281s] creating /home/skytold/workspace/amr_ws/install/amr_py_examples/share/ament_index/resource_index/packages
[1.281s] copying resource/amr_py_examples -> /home/skytold/workspace/amr_ws/install/amr_py_examples/share/ament_index/resource_index/packages
[1.281s] copying package.xml -> /home/skytold/workspace/amr_ws/install/amr_py_examples/share/amr_py_examples
[1.281s] running install_egg_info
[1.284s] Copying ../../build/amr_py_examples/amr_py_examples.egg-info to /home/skytold/workspace/amr_ws/install/amr_py_examples/lib/python3.10/site-packages/amr_py_examples-0.0.0-py3.10.egg-info
[1.285s] running install_scripts
[1.316s] writing list of installed files to '/home/skytold/workspace/amr_ws/build/amr_py_examples/install.log'
[1.348s] Invoked command in '/home/skytold/workspace/amr_ws/src/amr_py_examples' returned '0': PYTHONPATH=/home/skytold/workspace/amr_ws/build/amr_py_examples/prefix_override:/usr/lib/python3/dist-packages/colcon_core/task/python/colcon_distutils_commands:/home/skytold/workspace/amr_ws/install/amr_py_examples/lib/python3.10/site-packages:${PYTHONPATH} /usr/bin/python3 -W ignore:setup.py install is deprecated -W ignore:easy_install command is deprecated setup.py egg_info --egg-base ../../build/amr_py_examples build --build-base /home/skytold/workspace/amr_ws/build/amr_py_examples/build install --record /home/skytold/workspace/amr_ws/build/amr_py_examples/install.log --single-version-externally-managed install_data
