[0.021s] Invoking command in '/home/skytold/workspace/amr_ws/build/amr_msgs': CMAKE_PREFIX_PATH=${CMAKE_PREFIX_PATH}:/home/skytold/workspace/amr_ws/install/amr_py_examples:/opt/ros/humble /usr/bin/cmake --build /home/skytold/workspace/amr_ws/build/amr_msgs -- -j20 -l20
[0.113s] [ 10%] Built target amr_msgs__rosidl_generator_c
[0.115s] [ 12%] Built target amr_msgs__cpp
[0.143s] [ 12%] Built target ament_cmake_python_copy_amr_msgs
[0.172s] [ 23%] Built target amr_msgs__rosidl_typesupport_c
[0.174s] [ 33%] Built target amr_msgs__rosidl_typesupport_fastrtps_c
[0.177s] [ 43%] Built target amr_msgs__rosidl_typesupport_introspection_c
[0.181s] [ 53%] Built target amr_msgs__rosidl_typesupport_introspection_cpp
[0.206s] [ 64%] Built target amr_msgs__rosidl_typesupport_cpp
[0.206s] [ 74%] Built target amr_msgs__rosidl_typesupport_fastrtps_cpp
[0.249s] [ 74%] Built target amr_msgs
[0.292s] [ 76%] Built target amr_msgs__py
[0.368s] [ 84%] Built target amr_msgs__rosidl_generator_py
[0.433s] [ 89%] Built target amr_msgs__rosidl_typesupport_c__pyext
[0.439s] [ 94%] Built target amr_msgs__rosidl_typesupport_introspection_c__pyext
[0.439s] [100%] Built target amr_msgs__rosidl_typesupport_fastrtps_c__pyext
[0.730s] running egg_info
[0.731s] writing amr_msgs.egg-info/PKG-INFO
[0.732s] writing dependency_links to amr_msgs.egg-info/dependency_links.txt
[0.732s] writing top-level names to amr_msgs.egg-info/top_level.txt
[0.735s] reading manifest file 'amr_msgs.egg-info/SOURCES.txt'
[0.736s] writing manifest file 'amr_msgs.egg-info/SOURCES.txt'
[0.787s] [100%] Built target ament_cmake_python_build_amr_msgs_egg
[0.806s] Invoked command in '/home/skytold/workspace/amr_ws/build/amr_msgs' returned '0': CMAKE_PREFIX_PATH=${CMAKE_PREFIX_PATH}:/home/skytold/workspace/amr_ws/install/amr_py_examples:/opt/ros/humble /usr/bin/cmake --build /home/skytold/workspace/amr_ws/build/amr_msgs -- -j20 -l20
[0.810s] Invoking command in '/home/skytold/workspace/amr_ws/build/amr_msgs': CMAKE_PREFIX_PATH=${CMAKE_PREFIX_PATH}:/home/skytold/workspace/amr_ws/install/amr_py_examples:/opt/ros/humble /usr/bin/cmake --install /home/skytold/workspace/amr_ws/build/amr_msgs
[0.825s] -- Install configuration: ""
[0.826s] -- Up-to-date: /home/skytold/workspace/amr_ws/install/amr_msgs/share/ament_index/resource_index/rosidl_interfaces/amr_msgs
[0.826s] -- Up-to-date: /home/skytold/workspace/amr_ws/install/amr_msgs/include/amr_msgs/amr_msgs
[0.826s] -- Up-to-date: /home/skytold/workspace/amr_ws/install/amr_msgs/include/amr_msgs/amr_msgs/msg
[0.827s] -- Up-to-date: /home/skytold/workspace/amr_ws/install/amr_msgs/include/amr_msgs/amr_msgs/msg/rosidl_generator_c__visibility_control.h
[0.827s] -- Up-to-date: /home/skytold/workspace/amr_ws/install/amr_msgs/include/amr_msgs/amr_msgs/srv
[0.827s] -- Up-to-date: /home/skytold/workspace/amr_ws/install/amr_msgs/include/amr_msgs/amr_msgs/srv/detail
[0.827s] -- Up-to-date: /home/skytold/workspace/amr_ws/install/amr_msgs/include/amr_msgs/amr_msgs/srv/detail/get_transform__struct.h
[0.828s] -- Up-to-date: /home/skytold/workspace/amr_ws/install/amr_msgs/include/amr_msgs/amr_msgs/srv/detail/add_two_ints__struct.h
[0.828s] -- Up-to-date: /home/skytold/workspace/amr_ws/install/amr_msgs/include/amr_msgs/amr_msgs/srv/detail/get_transform__type_support.h
[0.828s] -- Up-to-date: /home/skytold/workspace/amr_ws/install/amr_msgs/include/amr_msgs/amr_msgs/srv/detail/add_two_ints__type_support.h
[0.828s] -- Up-to-date: /home/skytold/workspace/amr_ws/install/amr_msgs/include/amr_msgs/amr_msgs/srv/detail/add_two_ints__functions.c
[0.829s] -- Up-to-date: /home/skytold/workspace/amr_ws/install/amr_msgs/include/amr_msgs/amr_msgs/srv/detail/add_two_ints__functions.h
[0.829s] -- Up-to-date: /home/skytold/workspace/amr_ws/install/amr_msgs/include/amr_msgs/amr_msgs/srv/detail/get_transform__functions.c
[0.829s] -- Up-to-date: /home/skytold/workspace/amr_ws/install/amr_msgs/include/amr_msgs/amr_msgs/srv/detail/get_transform__functions.h
[0.829s] -- Up-to-date: /home/skytold/workspace/amr_ws/install/amr_msgs/include/amr_msgs/amr_msgs/srv/add_two_ints.h
[0.829s] -- Up-to-date: /home/skytold/workspace/amr_ws/install/amr_msgs/include/amr_msgs/amr_msgs/srv/get_transform.h
[0.830s] -- Up-to-date: /home/skytold/workspace/amr_ws/install/amr_msgs/share/amr_msgs/environment/library_path.sh
[0.830s] -- Up-to-date: /home/skytold/workspace/amr_ws/install/amr_msgs/share/amr_msgs/environment/library_path.dsv
[0.830s] -- Up-to-date: /home/skytold/workspace/amr_ws/install/amr_msgs/lib/libamr_msgs__rosidl_generator_c.so
[0.830s] -- Up-to-date: /home/skytold/workspace/amr_ws/install/amr_msgs/include/amr_msgs/amr_msgs
[0.830s] -- Up-to-date: /home/skytold/workspace/amr_ws/install/amr_msgs/include/amr_msgs/amr_msgs/msg
[0.830s] -- Up-to-date: /home/skytold/workspace/amr_ws/install/amr_msgs/include/amr_msgs/amr_msgs/msg/rosidl_typesupport_fastrtps_c__visibility_control.h
[0.831s] -- Up-to-date: /home/skytold/workspace/amr_ws/install/amr_msgs/include/amr_msgs/amr_msgs/srv
[0.831s] -- Up-to-date: /home/skytold/workspace/amr_ws/install/amr_msgs/include/amr_msgs/amr_msgs/srv/detail
[0.831s] -- Up-to-date: /home/skytold/workspace/amr_ws/install/amr_msgs/include/amr_msgs/amr_msgs/srv/detail/add_two_ints__rosidl_typesupport_fastrtps_c.h
[0.831s] -- Up-to-date: /home/skytold/workspace/amr_ws/install/amr_msgs/include/amr_msgs/amr_msgs/srv/detail/get_transform__rosidl_typesupport_fastrtps_c.h
[0.831s] -- Up-to-date: /home/skytold/workspace/amr_ws/install/amr_msgs/lib/libamr_msgs__rosidl_typesupport_fastrtps_c.so
[0.831s] -- Up-to-date: /home/skytold/workspace/amr_ws/install/amr_msgs/include/amr_msgs/amr_msgs
[0.831s] -- Up-to-date: /home/skytold/workspace/amr_ws/install/amr_msgs/include/amr_msgs/amr_msgs/msg
[0.831s] -- Up-to-date: /home/skytold/workspace/amr_ws/install/amr_msgs/include/amr_msgs/amr_msgs/msg/rosidl_generator_cpp__visibility_control.hpp
[0.831s] -- Up-to-date: /home/skytold/workspace/amr_ws/install/amr_msgs/include/amr_msgs/amr_msgs/srv
[0.832s] -- Up-to-date: /home/skytold/workspace/amr_ws/install/amr_msgs/include/amr_msgs/amr_msgs/srv/add_two_ints.hpp
[0.832s] -- Up-to-date: /home/skytold/workspace/amr_ws/install/amr_msgs/include/amr_msgs/amr_msgs/srv/detail
[0.832s] -- Up-to-date: /home/skytold/workspace/amr_ws/install/amr_msgs/include/amr_msgs/amr_msgs/srv/detail/get_transform__type_support.hpp
[0.832s] -- Up-to-date: /home/skytold/workspace/amr_ws/install/amr_msgs/include/amr_msgs/amr_msgs/srv/detail/get_transform__struct.hpp
[0.832s] -- Up-to-date: /home/skytold/workspace/amr_ws/install/amr_msgs/include/amr_msgs/amr_msgs/srv/detail/get_transform__builder.hpp
[0.832s] -- Up-to-date: /home/skytold/workspace/amr_ws/install/amr_msgs/include/amr_msgs/amr_msgs/srv/detail/add_two_ints__builder.hpp
[0.832s] -- Up-to-date: /home/skytold/workspace/amr_ws/install/amr_msgs/include/amr_msgs/amr_msgs/srv/detail/add_two_ints__struct.hpp
[0.832s] -- Up-to-date: /home/skytold/workspace/amr_ws/install/amr_msgs/include/amr_msgs/amr_msgs/srv/detail/add_two_ints__type_support.hpp
[0.832s] -- Up-to-date: /home/skytold/workspace/amr_ws/install/amr_msgs/include/amr_msgs/amr_msgs/srv/detail/get_transform__traits.hpp
[0.832s] -- Up-to-date: /home/skytold/workspace/amr_ws/install/amr_msgs/include/amr_msgs/amr_msgs/srv/detail/add_two_ints__traits.hpp
[0.833s] -- Up-to-date: /home/skytold/workspace/amr_ws/install/amr_msgs/include/amr_msgs/amr_msgs/srv/get_transform.hpp
[0.833s] -- Up-to-date: /home/skytold/workspace/amr_ws/install/amr_msgs/include/amr_msgs/amr_msgs
[0.833s] -- Up-to-date: /home/skytold/workspace/amr_ws/install/amr_msgs/include/amr_msgs/amr_msgs/msg
[0.833s] -- Up-to-date: /home/skytold/workspace/amr_ws/install/amr_msgs/include/amr_msgs/amr_msgs/msg/rosidl_typesupport_fastrtps_cpp__visibility_control.h
[0.833s] -- Up-to-date: /home/skytold/workspace/amr_ws/install/amr_msgs/include/amr_msgs/amr_msgs/srv
[0.833s] -- Up-to-date: /home/skytold/workspace/amr_ws/install/amr_msgs/include/amr_msgs/amr_msgs/srv/detail
[0.833s] -- Up-to-date: /home/skytold/workspace/amr_ws/install/amr_msgs/include/amr_msgs/amr_msgs/srv/detail/get_transform__rosidl_typesupport_fastrtps_cpp.hpp
[0.833s] -- Up-to-date: /home/skytold/workspace/amr_ws/install/amr_msgs/include/amr_msgs/amr_msgs/srv/detail/add_two_ints__rosidl_typesupport_fastrtps_cpp.hpp
[0.833s] -- Up-to-date: /home/skytold/workspace/amr_ws/install/amr_msgs/include/amr_msgs/amr_msgs/srv/detail/dds_fastrtps
[0.833s] -- Up-to-date: /home/skytold/workspace/amr_ws/install/amr_msgs/lib/libamr_msgs__rosidl_typesupport_fastrtps_cpp.so
[0.833s] -- Up-to-date: /home/skytold/workspace/amr_ws/install/amr_msgs/include/amr_msgs/amr_msgs
[0.834s] -- Up-to-date: /home/skytold/workspace/amr_ws/install/amr_msgs/include/amr_msgs/amr_msgs/msg
[0.834s] -- Up-to-date: /home/skytold/workspace/amr_ws/install/amr_msgs/include/amr_msgs/amr_msgs/msg/rosidl_typesupport_introspection_c__visibility_control.h
[0.834s] -- Up-to-date: /home/skytold/workspace/amr_ws/install/amr_msgs/include/amr_msgs/amr_msgs/srv
[0.834s] -- Up-to-date: /home/skytold/workspace/amr_ws/install/amr_msgs/include/amr_msgs/amr_msgs/srv/detail
[0.834s] -- Up-to-date: /home/skytold/workspace/amr_ws/install/amr_msgs/include/amr_msgs/amr_msgs/srv/detail/get_transform__type_support.c
[0.834s] -- Up-to-date: /home/skytold/workspace/amr_ws/install/amr_msgs/include/amr_msgs/amr_msgs/srv/detail/add_two_ints__type_support.c
[0.834s] -- Up-to-date: /home/skytold/workspace/amr_ws/install/amr_msgs/include/amr_msgs/amr_msgs/srv/detail/get_transform__rosidl_typesupport_introspection_c.h
[0.834s] -- Up-to-date: /home/skytold/workspace/amr_ws/install/amr_msgs/include/amr_msgs/amr_msgs/srv/detail/add_two_ints__rosidl_typesupport_introspection_c.h
[0.834s] -- Up-to-date: /home/skytold/workspace/amr_ws/install/amr_msgs/lib/libamr_msgs__rosidl_typesupport_introspection_c.so
[0.834s] -- Up-to-date: /home/skytold/workspace/amr_ws/install/amr_msgs/lib/libamr_msgs__rosidl_typesupport_c.so
[0.834s] -- Up-to-date: /home/skytold/workspace/amr_ws/install/amr_msgs/include/amr_msgs/amr_msgs
[0.834s] -- Up-to-date: /home/skytold/workspace/amr_ws/install/amr_msgs/include/amr_msgs/amr_msgs/srv
[0.834s] -- Up-to-date: /home/skytold/workspace/amr_ws/install/amr_msgs/include/amr_msgs/amr_msgs/srv/detail
[0.835s] -- Up-to-date: /home/skytold/workspace/amr_ws/install/amr_msgs/include/amr_msgs/amr_msgs/srv/detail/get_transform__type_support.cpp
[0.835s] -- Up-to-date: /home/skytold/workspace/amr_ws/install/amr_msgs/include/amr_msgs/amr_msgs/srv/detail/get_transform__rosidl_typesupport_introspection_cpp.hpp
[0.835s] -- Up-to-date: /home/skytold/workspace/amr_ws/install/amr_msgs/include/amr_msgs/amr_msgs/srv/detail/add_two_ints__rosidl_typesupport_introspection_cpp.hpp
[0.835s] -- Up-to-date: /home/skytold/workspace/amr_ws/install/amr_msgs/include/amr_msgs/amr_msgs/srv/detail/add_two_ints__type_support.cpp
[0.835s] -- Up-to-date: /home/skytold/workspace/amr_ws/install/amr_msgs/lib/libamr_msgs__rosidl_typesupport_introspection_cpp.so
[0.835s] -- Up-to-date: /home/skytold/workspace/amr_ws/install/amr_msgs/lib/libamr_msgs__rosidl_typesupport_cpp.so
[0.835s] -- Up-to-date: /home/skytold/workspace/amr_ws/install/amr_msgs/share/amr_msgs/environment/pythonpath.sh
[0.835s] -- Up-to-date: /home/skytold/workspace/amr_ws/install/amr_msgs/share/amr_msgs/environment/pythonpath.dsv
[0.835s] -- Up-to-date: /home/skytold/workspace/amr_ws/install/amr_msgs/local/lib/python3.10/dist-packages/amr_msgs-0.0.0-py3.10.egg-info
[0.835s] -- Installing: /home/skytold/workspace/amr_ws/install/amr_msgs/local/lib/python3.10/dist-packages/amr_msgs-0.0.0-py3.10.egg-info/PKG-INFO
[0.835s] -- Installing: /home/skytold/workspace/amr_ws/install/amr_msgs/local/lib/python3.10/dist-packages/amr_msgs-0.0.0-py3.10.egg-info/SOURCES.txt
[0.835s] -- Installing: /home/skytold/workspace/amr_ws/install/amr_msgs/local/lib/python3.10/dist-packages/amr_msgs-0.0.0-py3.10.egg-info/dependency_links.txt
[0.835s] -- Installing: /home/skytold/workspace/amr_ws/install/amr_msgs/local/lib/python3.10/dist-packages/amr_msgs-0.0.0-py3.10.egg-info/top_level.txt
[0.836s] -- Up-to-date: /home/skytold/workspace/amr_ws/install/amr_msgs/local/lib/python3.10/dist-packages/amr_msgs
[0.836s] -- Up-to-date: /home/skytold/workspace/amr_ws/install/amr_msgs/local/lib/python3.10/dist-packages/amr_msgs/amr_msgs_s__rosidl_typesupport_fastrtps_c.cpython-310-x86_64-linux-gnu.so
[0.836s] -- Up-to-date: /home/skytold/workspace/amr_ws/install/amr_msgs/local/lib/python3.10/dist-packages/amr_msgs/__init__.py
[0.836s] -- Up-to-date: /home/skytold/workspace/amr_ws/install/amr_msgs/local/lib/python3.10/dist-packages/amr_msgs/_amr_msgs_s.ep.rosidl_typesupport_fastrtps_c.c
[0.836s] -- Up-to-date: /home/skytold/workspace/amr_ws/install/amr_msgs/local/lib/python3.10/dist-packages/amr_msgs/amr_msgs_s__rosidl_typesupport_introspection_c.cpython-310-x86_64-linux-gnu.so
[0.836s] -- Up-to-date: /home/skytold/workspace/amr_ws/install/amr_msgs/local/lib/python3.10/dist-packages/amr_msgs/_amr_msgs_s.ep.rosidl_typesupport_c.c
[0.836s] -- Up-to-date: /home/skytold/workspace/amr_ws/install/amr_msgs/local/lib/python3.10/dist-packages/amr_msgs/_amr_msgs_s.ep.rosidl_typesupport_introspection_c.c
[0.836s] -- Up-to-date: /home/skytold/workspace/amr_ws/install/amr_msgs/local/lib/python3.10/dist-packages/amr_msgs/libamr_msgs__rosidl_generator_py.so
[0.836s] -- Up-to-date: /home/skytold/workspace/amr_ws/install/amr_msgs/local/lib/python3.10/dist-packages/amr_msgs/srv
[0.836s] -- Up-to-date: /home/skytold/workspace/amr_ws/install/amr_msgs/local/lib/python3.10/dist-packages/amr_msgs/srv/_add_two_ints_s.c
[0.836s] -- Up-to-date: /home/skytold/workspace/amr_ws/install/amr_msgs/local/lib/python3.10/dist-packages/amr_msgs/srv/_get_transform_s.c
[0.836s] -- Up-to-date: /home/skytold/workspace/amr_ws/install/amr_msgs/local/lib/python3.10/dist-packages/amr_msgs/srv/__init__.py
[0.837s] -- Up-to-date: /home/skytold/workspace/amr_ws/install/amr_msgs/local/lib/python3.10/dist-packages/amr_msgs/srv/_add_two_ints.py
[0.837s] -- Up-to-date: /home/skytold/workspace/amr_ws/install/amr_msgs/local/lib/python3.10/dist-packages/amr_msgs/srv/_get_transform.py
[0.837s] -- Up-to-date: /home/skytold/workspace/amr_ws/install/amr_msgs/local/lib/python3.10/dist-packages/amr_msgs/amr_msgs_s__rosidl_typesupport_c.cpython-310-x86_64-linux-gnu.so
[0.901s] Listing '/home/skytold/workspace/amr_ws/install/amr_msgs/local/lib/python3.10/dist-packages/amr_msgs'...
[0.901s] Listing '/home/skytold/workspace/amr_ws/install/amr_msgs/local/lib/python3.10/dist-packages/amr_msgs/srv'...
[0.911s] -- Up-to-date: /home/skytold/workspace/amr_ws/install/amr_msgs/local/lib/python3.10/dist-packages/amr_msgs/amr_msgs_s__rosidl_typesupport_fastrtps_c.cpython-310-x86_64-linux-gnu.so
[0.911s] -- Up-to-date: /home/skytold/workspace/amr_ws/install/amr_msgs/local/lib/python3.10/dist-packages/amr_msgs/amr_msgs_s__rosidl_typesupport_introspection_c.cpython-310-x86_64-linux-gnu.so
[0.912s] -- Up-to-date: /home/skytold/workspace/amr_ws/install/amr_msgs/local/lib/python3.10/dist-packages/amr_msgs/amr_msgs_s__rosidl_typesupport_c.cpython-310-x86_64-linux-gnu.so
[0.912s] -- Up-to-date: /home/skytold/workspace/amr_ws/install/amr_msgs/lib/libamr_msgs__rosidl_generator_py.so
[0.912s] -- Up-to-date: /home/skytold/workspace/amr_ws/install/amr_msgs/share/amr_msgs/srv/AddTwoInts.idl
[0.912s] -- Up-to-date: /home/skytold/workspace/amr_ws/install/amr_msgs/share/amr_msgs/srv/GetTransform.idl
[0.913s] -- Up-to-date: /home/skytold/workspace/amr_ws/install/amr_msgs/share/amr_msgs/srv/AddTwoInts.srv
[0.913s] -- Up-to-date: /home/skytold/workspace/amr_ws/install/amr_msgs/share/amr_msgs/srv/AddTwoInts_Request.msg
[0.913s] -- Up-to-date: /home/skytold/workspace/amr_ws/install/amr_msgs/share/amr_msgs/srv/AddTwoInts_Response.msg
[0.913s] -- Up-to-date: /home/skytold/workspace/amr_ws/install/amr_msgs/share/amr_msgs/srv/GetTransform.srv
[0.913s] -- Up-to-date: /home/skytold/workspace/amr_ws/install/amr_msgs/share/amr_msgs/srv/GetTransform_Request.msg
[0.914s] -- Up-to-date: /home/skytold/workspace/amr_ws/install/amr_msgs/share/amr_msgs/srv/GetTransform_Response.msg
[0.914s] -- Up-to-date: /home/skytold/workspace/amr_ws/install/amr_msgs/share/ament_index/resource_index/package_run_dependencies/amr_msgs
[0.914s] -- Up-to-date: /home/skytold/workspace/amr_ws/install/amr_msgs/share/ament_index/resource_index/parent_prefix_path/amr_msgs
[0.914s] -- Up-to-date: /home/skytold/workspace/amr_ws/install/amr_msgs/share/amr_msgs/environment/ament_prefix_path.sh
[0.914s] -- Up-to-date: /home/skytold/workspace/amr_ws/install/amr_msgs/share/amr_msgs/environment/ament_prefix_path.dsv
[0.914s] -- Up-to-date: /home/skytold/workspace/amr_ws/install/amr_msgs/share/amr_msgs/environment/path.sh
[0.915s] -- Up-to-date: /home/skytold/workspace/amr_ws/install/amr_msgs/share/amr_msgs/environment/path.dsv
[0.915s] -- Up-to-date: /home/skytold/workspace/amr_ws/install/amr_msgs/share/amr_msgs/local_setup.bash
[0.915s] -- Up-to-date: /home/skytold/workspace/amr_ws/install/amr_msgs/share/amr_msgs/local_setup.sh
[0.915s] -- Up-to-date: /home/skytold/workspace/amr_ws/install/amr_msgs/share/amr_msgs/local_setup.zsh
[0.915s] -- Up-to-date: /home/skytold/workspace/amr_ws/install/amr_msgs/share/amr_msgs/local_setup.dsv
[0.916s] -- Installing: /home/skytold/workspace/amr_ws/install/amr_msgs/share/amr_msgs/package.dsv
[0.916s] -- Up-to-date: /home/skytold/workspace/amr_ws/install/amr_msgs/share/ament_index/resource_index/packages/amr_msgs
[0.916s] -- Up-to-date: /home/skytold/workspace/amr_ws/install/amr_msgs/share/amr_msgs/cmake/export_amr_msgs__rosidl_generator_cExport.cmake
[0.916s] -- Up-to-date: /home/skytold/workspace/amr_ws/install/amr_msgs/share/amr_msgs/cmake/export_amr_msgs__rosidl_generator_cExport-noconfig.cmake
[0.916s] -- Up-to-date: /home/skytold/workspace/amr_ws/install/amr_msgs/share/amr_msgs/cmake/export_amr_msgs__rosidl_typesupport_fastrtps_cExport.cmake
[0.916s] -- Up-to-date: /home/skytold/workspace/amr_ws/install/amr_msgs/share/amr_msgs/cmake/export_amr_msgs__rosidl_typesupport_fastrtps_cExport-noconfig.cmake
[0.917s] -- Up-to-date: /home/skytold/workspace/amr_ws/install/amr_msgs/share/amr_msgs/cmake/export_amr_msgs__rosidl_generator_cppExport.cmake
[0.917s] -- Up-to-date: /home/skytold/workspace/amr_ws/install/amr_msgs/share/amr_msgs/cmake/export_amr_msgs__rosidl_typesupport_fastrtps_cppExport.cmake
[0.917s] -- Up-to-date: /home/skytold/workspace/amr_ws/install/amr_msgs/share/amr_msgs/cmake/export_amr_msgs__rosidl_typesupport_fastrtps_cppExport-noconfig.cmake
[0.917s] -- Up-to-date: /home/skytold/workspace/amr_ws/install/amr_msgs/share/amr_msgs/cmake/amr_msgs__rosidl_typesupport_introspection_cExport.cmake
[0.917s] -- Up-to-date: /home/skytold/workspace/amr_ws/install/amr_msgs/share/amr_msgs/cmake/amr_msgs__rosidl_typesupport_introspection_cExport-noconfig.cmake
[0.917s] -- Up-to-date: /home/skytold/workspace/amr_ws/install/amr_msgs/share/amr_msgs/cmake/amr_msgs__rosidl_typesupport_cExport.cmake
[0.918s] -- Up-to-date: /home/skytold/workspace/amr_ws/install/amr_msgs/share/amr_msgs/cmake/amr_msgs__rosidl_typesupport_cExport-noconfig.cmake
[0.918s] -- Up-to-date: /home/skytold/workspace/amr_ws/install/amr_msgs/share/amr_msgs/cmake/amr_msgs__rosidl_typesupport_introspection_cppExport.cmake
[0.918s] -- Up-to-date: /home/skytold/workspace/amr_ws/install/amr_msgs/share/amr_msgs/cmake/amr_msgs__rosidl_typesupport_introspection_cppExport-noconfig.cmake
[0.918s] -- Up-to-date: /home/skytold/workspace/amr_ws/install/amr_msgs/share/amr_msgs/cmake/amr_msgs__rosidl_typesupport_cppExport.cmake
[0.918s] -- Up-to-date: /home/skytold/workspace/amr_ws/install/amr_msgs/share/amr_msgs/cmake/amr_msgs__rosidl_typesupport_cppExport-noconfig.cmake
[0.918s] -- Up-to-date: /home/skytold/workspace/amr_ws/install/amr_msgs/share/amr_msgs/cmake/export_amr_msgs__rosidl_generator_pyExport.cmake
[0.918s] -- Up-to-date: /home/skytold/workspace/amr_ws/install/amr_msgs/share/amr_msgs/cmake/export_amr_msgs__rosidl_generator_pyExport-noconfig.cmake
[0.919s] -- Up-to-date: /home/skytold/workspace/amr_ws/install/amr_msgs/share/amr_msgs/cmake/rosidl_cmake-extras.cmake
[0.919s] -- Up-to-date: /home/skytold/workspace/amr_ws/install/amr_msgs/share/amr_msgs/cmake/ament_cmake_export_dependencies-extras.cmake
[0.919s] -- Up-to-date: /home/skytold/workspace/amr_ws/install/amr_msgs/share/amr_msgs/cmake/ament_cmake_export_include_directories-extras.cmake
[0.919s] -- Up-to-date: /home/skytold/workspace/amr_ws/install/amr_msgs/share/amr_msgs/cmake/ament_cmake_export_libraries-extras.cmake
[0.920s] -- Up-to-date: /home/skytold/workspace/amr_ws/install/amr_msgs/share/amr_msgs/cmake/ament_cmake_export_targets-extras.cmake
[0.920s] -- Up-to-date: /home/skytold/workspace/amr_ws/install/amr_msgs/share/amr_msgs/cmake/rosidl_cmake_export_typesupport_targets-extras.cmake
[0.920s] -- Up-to-date: /home/skytold/workspace/amr_ws/install/amr_msgs/share/amr_msgs/cmake/rosidl_cmake_export_typesupport_libraries-extras.cmake
[0.921s] -- Up-to-date: /home/skytold/workspace/amr_ws/install/amr_msgs/share/amr_msgs/cmake/amr_msgsConfig.cmake
[0.921s] -- Up-to-date: /home/skytold/workspace/amr_ws/install/amr_msgs/share/amr_msgs/cmake/amr_msgsConfig-version.cmake
[0.921s] -- Up-to-date: /home/skytold/workspace/amr_ws/install/amr_msgs/share/amr_msgs/package.xml
[0.923s] Invoked command in '/home/skytold/workspace/amr_ws/build/amr_msgs' returned '0': CMAKE_PREFIX_PATH=${CMAKE_PREFIX_PATH}:/home/skytold/workspace/amr_ws/install/amr_py_examples:/opt/ros/humble /usr/bin/cmake --install /home/skytold/workspace/amr_ws/build/amr_msgs
