running egg_info
writing ../../build/amr_py_examples/amr_py_examples.egg-info/PKG-INFO
writing dependency_links to ../../build/amr_py_examples/amr_py_examples.egg-info/dependency_links.txt
writing entry points to ../../build/amr_py_examples/amr_py_examples.egg-info/entry_points.txt
writing requirements to ../../build/amr_py_examples/amr_py_examples.egg-info/requires.txt
writing top-level names to ../../build/amr_py_examples/amr_py_examples.egg-info/top_level.txt
reading manifest file '../../build/amr_py_examples/amr_py_examples.egg-info/SOURCES.txt'
writing manifest file '../../build/amr_py_examples/amr_py_examples.egg-info/SOURCES.txt'
running build
running build_py
copying amr_py_examples/simple_service_client.py -> /home/skytold/workspace/amr_ws/build/amr_py_examples/build/lib/amr_py_examples
copying amr_py_examples/simple_tf_kinematics.py -> /home/skytold/workspace/amr_ws/build/amr_py_examples/build/lib/amr_py_examples
copying amr_py_examples/simple_service_server.py -> /home/skytold/workspace/amr_ws/build/amr_py_examples/build/lib/amr_py_examples
running install
running install_lib
copying /home/skytold/workspace/amr_ws/build/amr_py_examples/build/lib/amr_py_examples/simple_service_client.py -> /home/skytold/workspace/amr_ws/install/amr_py_examples/lib/python3.10/site-packages/amr_py_examples
copying /home/skytold/workspace/amr_ws/build/amr_py_examples/build/lib/amr_py_examples/simple_tf_kinematics.py -> /home/skytold/workspace/amr_ws/install/amr_py_examples/lib/python3.10/site-packages/amr_py_examples
copying /home/skytold/workspace/amr_ws/build/amr_py_examples/build/lib/amr_py_examples/simple_service_server.py -> /home/skytold/workspace/amr_ws/install/amr_py_examples/lib/python3.10/site-packages/amr_py_examples
byte-compiling /home/skytold/workspace/amr_ws/install/amr_py_examples/lib/python3.10/site-packages/amr_py_examples/simple_service_client.py to simple_service_client.cpython-310.pyc
byte-compiling /home/skytold/workspace/amr_ws/install/amr_py_examples/lib/python3.10/site-packages/amr_py_examples/simple_tf_kinematics.py to simple_tf_kinematics.cpython-310.pyc
byte-compiling /home/skytold/workspace/amr_ws/install/amr_py_examples/lib/python3.10/site-packages/amr_py_examples/simple_service_server.py to simple_service_server.cpython-310.pyc
running install_data
copying package.xml -> /home/skytold/workspace/amr_ws/install/amr_py_examples/share/amr_py_examples
running install_egg_info
removing '/home/skytold/workspace/amr_ws/install/amr_py_examples/lib/python3.10/site-packages/amr_py_examples-0.0.0-py3.10.egg-info' (and everything under it)
Copying ../../build/amr_py_examples/amr_py_examples.egg-info to /home/skytold/workspace/amr_ws/install/amr_py_examples/lib/python3.10/site-packages/amr_py_examples-0.0.0-py3.10.egg-info
running install_scripts
Installing simple_parameter script to /home/skytold/workspace/amr_ws/install/amr_py_examples/lib/amr_py_examples
Installing simple_publisher script to /home/skytold/workspace/amr_ws/install/amr_py_examples/lib/amr_py_examples
Installing simple_service_client script to /home/skytold/workspace/amr_ws/install/amr_py_examples/lib/amr_py_examples
Installing simple_service_server script to /home/skytold/workspace/amr_ws/install/amr_py_examples/lib/amr_py_examples
Installing simple_subscriber script to /home/skytold/workspace/amr_ws/install/amr_py_examples/lib/amr_py_examples
Installing simple_tf_kinematics script to /home/skytold/workspace/amr_ws/install/amr_py_examples/lib/amr_py_examples
Installing simple_turtlesim_kinematics script to /home/skytold/workspace/amr_ws/install/amr_py_examples/lib/amr_py_examples
writing list of installed files to '/home/skytold/workspace/amr_ws/build/amr_py_examples/install.log'
