[1.624s] Invoking command in '/home/skytold/workspace/amr_ws/src/amr_py_examples': CMAKE_PREFIX_PATH=/home/skytold/workspace/amr_ws/install/amr_msgs:/home/skytold/workspace/amr_ws/install/amr_cpp_examples:/home/skytold/workspace/amr_ws/install/amr_description:/home/skytold/workspace/amr_ws/install/amr_controller PYTHONPATH=/home/skytold/workspace/amr_ws/build/amr_py_examples/prefix_override:/usr/lib/python3/dist-packages/colcon_core/task/python/colcon_distutils_commands:/home/skytold/workspace/amr_ws/install/amr_py_examples/lib/python3.10/site-packages:${PYTHONPATH} /usr/bin/python3 -W ignore:setup.py install is deprecated -W ignore:easy_install command is deprecated setup.py egg_info --egg-base ../../build/amr_py_examples build --build-base /home/skytold/workspace/amr_ws/build/amr_py_examples/build install --record /home/skytold/workspace/amr_ws/build/amr_py_examples/install.log --single-version-externally-managed install_data
[2.201s] running egg_info
[2.202s] writing ../../build/amr_py_examples/amr_py_examples.egg-info/PKG-INFO
[2.203s] writing dependency_links to ../../build/amr_py_examples/amr_py_examples.egg-info/dependency_links.txt
[2.203s] writing entry points to ../../build/amr_py_examples/amr_py_examples.egg-info/entry_points.txt
[2.203s] writing requirements to ../../build/amr_py_examples/amr_py_examples.egg-info/requires.txt
[2.203s] writing top-level names to ../../build/amr_py_examples/amr_py_examples.egg-info/top_level.txt
[2.207s] reading manifest file '../../build/amr_py_examples/amr_py_examples.egg-info/SOURCES.txt'
[2.209s] writing manifest file '../../build/amr_py_examples/amr_py_examples.egg-info/SOURCES.txt'
[2.209s] running build
[2.209s] running build_py
[2.209s] copying amr_py_examples/simple_service_client.py -> /home/skytold/workspace/amr_ws/build/amr_py_examples/build/lib/amr_py_examples
[2.210s] copying amr_py_examples/simple_tf_kinematics.py -> /home/skytold/workspace/amr_ws/build/amr_py_examples/build/lib/amr_py_examples
[2.210s] copying amr_py_examples/simple_service_server.py -> /home/skytold/workspace/amr_ws/build/amr_py_examples/build/lib/amr_py_examples
[2.210s] running install
[2.211s] running install_lib
[2.212s] copying /home/skytold/workspace/amr_ws/build/amr_py_examples/build/lib/amr_py_examples/simple_service_client.py -> /home/skytold/workspace/amr_ws/install/amr_py_examples/lib/python3.10/site-packages/amr_py_examples
[2.212s] copying /home/skytold/workspace/amr_ws/build/amr_py_examples/build/lib/amr_py_examples/simple_tf_kinematics.py -> /home/skytold/workspace/amr_ws/install/amr_py_examples/lib/python3.10/site-packages/amr_py_examples
[2.212s] copying /home/skytold/workspace/amr_ws/build/amr_py_examples/build/lib/amr_py_examples/simple_service_server.py -> /home/skytold/workspace/amr_ws/install/amr_py_examples/lib/python3.10/site-packages/amr_py_examples
[2.213s] byte-compiling /home/skytold/workspace/amr_ws/install/amr_py_examples/lib/python3.10/site-packages/amr_py_examples/simple_service_client.py to simple_service_client.cpython-310.pyc
[2.215s] byte-compiling /home/skytold/workspace/amr_ws/install/amr_py_examples/lib/python3.10/site-packages/amr_py_examples/simple_tf_kinematics.py to simple_tf_kinematics.cpython-310.pyc
[2.216s] byte-compiling /home/skytold/workspace/amr_ws/install/amr_py_examples/lib/python3.10/site-packages/amr_py_examples/simple_service_server.py to simple_service_server.cpython-310.pyc
[2.217s] running install_data
[2.217s] copying package.xml -> /home/skytold/workspace/amr_ws/install/amr_py_examples/share/amr_py_examples
[2.217s] running install_egg_info
[2.222s] removing '/home/skytold/workspace/amr_ws/install/amr_py_examples/lib/python3.10/site-packages/amr_py_examples-0.0.0-py3.10.egg-info' (and everything under it)
[2.222s] Copying ../../build/amr_py_examples/amr_py_examples.egg-info to /home/skytold/workspace/amr_ws/install/amr_py_examples/lib/python3.10/site-packages/amr_py_examples-0.0.0-py3.10.egg-info
[2.225s] running install_scripts
[2.261s] Installing simple_parameter script to /home/skytold/workspace/amr_ws/install/amr_py_examples/lib/amr_py_examples
[2.261s] Installing simple_publisher script to /home/skytold/workspace/amr_ws/install/amr_py_examples/lib/amr_py_examples
[2.261s] Installing simple_service_client script to /home/skytold/workspace/amr_ws/install/amr_py_examples/lib/amr_py_examples
[2.261s] Installing simple_service_server script to /home/skytold/workspace/amr_ws/install/amr_py_examples/lib/amr_py_examples
[2.261s] Installing simple_subscriber script to /home/skytold/workspace/amr_ws/install/amr_py_examples/lib/amr_py_examples
[2.261s] Installing simple_tf_kinematics script to /home/skytold/workspace/amr_ws/install/amr_py_examples/lib/amr_py_examples
[2.262s] Installing simple_turtlesim_kinematics script to /home/skytold/workspace/amr_ws/install/amr_py_examples/lib/amr_py_examples
[2.262s] writing list of installed files to '/home/skytold/workspace/amr_ws/build/amr_py_examples/install.log'
