[0.040s] Invoking command in '/home/skytold/workspace/amr_ws/build/amr_cpp_examples': CMAKE_PREFIX_PATH=${CMAKE_PREFIX_PATH}:/home/skytold/workspace/amr_ws/install/amr_py_examples:/opt/ros/humble /usr/bin/cmake --build /home/skytold/workspace/amr_ws/build/amr_cpp_examples -- -j20 -l20
[0.186s] [35m[1mConsolidate compiler generated dependencies of target simple_turtlesim_kinematics[0m
[0.192s] [35m[1mConsolidate compiler generated dependencies of target simple_subscriber[0m
[0.192s] [35m[1mConsolidate compiler generated dependencies of target simple_publisher[0m
[0.193s] [35m[1mConsolidate compiler generated dependencies of target simple_parameter[0m
[0.291s] [ 12%] [32mBuilding CXX object CMakeFiles/simple_turtlesim_kinematics.dir/src/simple_turtlesim_kinematics.cpp.o[0m
[0.291s] [ 37%] Built target simple_subscriber
[0.297s] [ 62%] Built target simple_parameter
[0.297s] [ 87%] Built target simple_publisher
[10.695s] [100%] [32m[1mLinking CXX executable simple_turtlesim_kinematics[0m
[11.234s] [100%] Built target simple_turtlesim_kinematics
[11.252s] Invoked command in '/home/skytold/workspace/amr_ws/build/amr_cpp_examples' returned '0': CMAKE_PREFIX_PATH=${CMAKE_PREFIX_PATH}:/home/skytold/workspace/amr_ws/install/amr_py_examples:/opt/ros/humble /usr/bin/cmake --build /home/skytold/workspace/amr_ws/build/amr_cpp_examples -- -j20 -l20
[11.256s] Invoking command in '/home/skytold/workspace/amr_ws/build/amr_cpp_examples': CMAKE_PREFIX_PATH=${CMAKE_PREFIX_PATH}:/home/skytold/workspace/amr_ws/install/amr_py_examples:/opt/ros/humble /usr/bin/cmake --install /home/skytold/workspace/amr_ws/build/amr_cpp_examples
[11.268s] -- Install configuration: ""
[11.268s] -- Up-to-date: /home/skytold/workspace/amr_ws/install/amr_cpp_examples/include/include
[11.268s] -- Up-to-date: /home/skytold/workspace/amr_ws/install/amr_cpp_examples/include/include/amr_cpp_examples
[11.268s] -- Up-to-date: /home/skytold/workspace/amr_ws/install/amr_cpp_examples/include/include/amr_cpp_examples/simple_turtlesim_kinematics.hpp
[11.269s] -- Up-to-date: /home/skytold/workspace/amr_ws/install/amr_cpp_examples/lib/amr_cpp_examples/simple_publisher
[11.270s] -- Up-to-date: /home/skytold/workspace/amr_ws/install/amr_cpp_examples/lib/amr_cpp_examples/simple_subscriber
[11.271s] -- Up-to-date: /home/skytold/workspace/amr_ws/install/amr_cpp_examples/lib/amr_cpp_examples/simple_parameter
[11.272s] -- Installing: /home/skytold/workspace/amr_ws/install/amr_cpp_examples/lib/amr_cpp_examples/simple_turtlesim_kinematics
[11.277s] -- Set runtime path of "/home/skytold/workspace/amr_ws/install/amr_cpp_examples/lib/amr_cpp_examples/simple_turtlesim_kinematics" to ""
[11.277s] -- Up-to-date: /home/skytold/workspace/amr_ws/install/amr_cpp_examples/share/ament_index/resource_index/package_run_dependencies/amr_cpp_examples
[11.277s] -- Up-to-date: /home/skytold/workspace/amr_ws/install/amr_cpp_examples/share/ament_index/resource_index/parent_prefix_path/amr_cpp_examples
[11.278s] -- Up-to-date: /home/skytold/workspace/amr_ws/install/amr_cpp_examples/share/amr_cpp_examples/environment/ament_prefix_path.sh
[11.278s] -- Up-to-date: /home/skytold/workspace/amr_ws/install/amr_cpp_examples/share/amr_cpp_examples/environment/ament_prefix_path.dsv
[11.278s] -- Up-to-date: /home/skytold/workspace/amr_ws/install/amr_cpp_examples/share/amr_cpp_examples/environment/path.sh
[11.278s] -- Up-to-date: /home/skytold/workspace/amr_ws/install/amr_cpp_examples/share/amr_cpp_examples/environment/path.dsv
[11.278s] -- Up-to-date: /home/skytold/workspace/amr_ws/install/amr_cpp_examples/share/amr_cpp_examples/local_setup.bash
[11.278s] -- Up-to-date: /home/skytold/workspace/amr_ws/install/amr_cpp_examples/share/amr_cpp_examples/local_setup.sh
[11.278s] -- Up-to-date: /home/skytold/workspace/amr_ws/install/amr_cpp_examples/share/amr_cpp_examples/local_setup.zsh
[11.278s] -- Up-to-date: /home/skytold/workspace/amr_ws/install/amr_cpp_examples/share/amr_cpp_examples/local_setup.dsv
[11.278s] -- Installing: /home/skytold/workspace/amr_ws/install/amr_cpp_examples/share/amr_cpp_examples/package.dsv
[11.279s] -- Up-to-date: /home/skytold/workspace/amr_ws/install/amr_cpp_examples/share/ament_index/resource_index/packages/amr_cpp_examples
[11.280s] -- Up-to-date: /home/skytold/workspace/amr_ws/install/amr_cpp_examples/share/amr_cpp_examples/cmake/amr_cpp_examplesConfig.cmake
[11.280s] -- Up-to-date: /home/skytold/workspace/amr_ws/install/amr_cpp_examples/share/amr_cpp_examples/cmake/amr_cpp_examplesConfig-version.cmake
[11.280s] -- Up-to-date: /home/skytold/workspace/amr_ws/install/amr_cpp_examples/share/amr_cpp_examples/package.xml
[11.282s] Invoked command in '/home/skytold/workspace/amr_ws/build/amr_cpp_examples' returned '0': CMAKE_PREFIX_PATH=${CMAKE_PREFIX_PATH}:/home/skytold/workspace/amr_ws/install/amr_py_examples:/opt/ros/humble /usr/bin/cmake --install /home/skytold/workspace/amr_ws/build/amr_cpp_examples
