[1.034s] Invoking command in '/home/skytold/workspace/amr_ws/src/amr_py_examples': PYTHONPATH=/home/skytold/workspace/amr_ws/build/amr_py_examples/prefix_override:/usr/lib/python3/dist-packages/colcon_core/task/python/colcon_distutils_commands:/home/skytold/workspace/amr_ws/install/amr_py_examples/lib/python3.10/site-packages:${PYTHONPATH} /usr/bin/python3 -W ignore:setup.py install is deprecated -W ignore:easy_install command is deprecated setup.py egg_info --egg-base ../../build/amr_py_examples build --build-base /home/skytold/workspace/amr_ws/build/amr_py_examples/build install --record /home/skytold/workspace/amr_ws/build/amr_py_examples/install.log --single-version-externally-managed install_data
[1.339s] running egg_info
[1.339s] writing ../../build/amr_py_examples/amr_py_examples.egg-info/PKG-INFO
[1.340s] writing dependency_links to ../../build/amr_py_examples/amr_py_examples.egg-info/dependency_links.txt
[1.340s] writing entry points to ../../build/amr_py_examples/amr_py_examples.egg-info/entry_points.txt
[1.340s] writing requirements to ../../build/amr_py_examples/amr_py_examples.egg-info/requires.txt
[1.340s] writing top-level names to ../../build/amr_py_examples/amr_py_examples.egg-info/top_level.txt
[1.343s] reading manifest file '../../build/amr_py_examples/amr_py_examples.egg-info/SOURCES.txt'
[1.344s] writing manifest file '../../build/amr_py_examples/amr_py_examples.egg-info/SOURCES.txt'
[1.344s] running build
[1.344s] running build_py
[1.344s] copying amr_py_examples/simple_turtlesim_kinematics.py -> /home/skytold/workspace/amr_ws/build/amr_py_examples/build/lib/amr_py_examples
[1.345s] running install
[1.345s] running install_lib
[1.346s] copying /home/skytold/workspace/amr_ws/build/amr_py_examples/build/lib/amr_py_examples/simple_turtlesim_kinematics.py -> /home/skytold/workspace/amr_ws/install/amr_py_examples/lib/python3.10/site-packages/amr_py_examples
[1.347s] byte-compiling /home/skytold/workspace/amr_ws/install/amr_py_examples/lib/python3.10/site-packages/amr_py_examples/simple_turtlesim_kinematics.py to simple_turtlesim_kinematics.cpython-310.pyc
[1.348s] running install_data
[1.348s] copying package.xml -> /home/skytold/workspace/amr_ws/install/amr_py_examples/share/amr_py_examples
[1.349s] running install_egg_info
[1.352s] removing '/home/skytold/workspace/amr_ws/install/amr_py_examples/lib/python3.10/site-packages/amr_py_examples-0.0.0-py3.10.egg-info' (and everything under it)
[1.353s] Copying ../../build/amr_py_examples/amr_py_examples.egg-info to /home/skytold/workspace/amr_ws/install/amr_py_examples/lib/python3.10/site-packages/amr_py_examples-0.0.0-py3.10.egg-info
[1.354s] running install_scripts
[1.382s] Installing simple_parameter script to /home/skytold/workspace/amr_ws/install/amr_py_examples/lib/amr_py_examples
[1.382s] Installing simple_publisher script to /home/skytold/workspace/amr_ws/install/amr_py_examples/lib/amr_py_examples
[1.382s] Installing simple_subscriber script to /home/skytold/workspace/amr_ws/install/amr_py_examples/lib/amr_py_examples
[1.382s] Installing simple_turtlesim_kinematics script to /home/skytold/workspace/amr_ws/install/amr_py_examples/lib/amr_py_examples
[1.382s] writing list of installed files to '/home/skytold/workspace/amr_ws/build/amr_py_examples/install.log'
[1.412s] Invoked command in '/home/skytold/workspace/amr_ws/src/amr_py_examples' returned '0': PYTHONPATH=/home/skytold/workspace/amr_ws/build/amr_py_examples/prefix_override:/usr/lib/python3/dist-packages/colcon_core/task/python/colcon_distutils_commands:/home/skytold/workspace/amr_ws/install/amr_py_examples/lib/python3.10/site-packages:${PYTHONPATH} /usr/bin/python3 -W ignore:setup.py install is deprecated -W ignore:easy_install command is deprecated setup.py egg_info --egg-base ../../build/amr_py_examples build --build-base /home/skytold/workspace/amr_ws/build/amr_py_examples/build install --record /home/skytold/workspace/amr_ws/build/amr_py_examples/install.log --single-version-externally-managed install_data
