-- Install configuration: ""
-- Up-to-date: /home/skytold/workspace/amr_ws/install/amr_description/share/amr_description/meshes
-- Up-to-date: /home/skytold/workspace/amr_ws/install/amr_description/share/amr_description/meshes/wheel_right_link.STL
-- Up-to-date: /home/skytold/workspace/amr_ws/install/amr_description/share/amr_description/meshes/wheel_left_link.STL
-- Up-to-date: /home/skytold/workspace/amr_ws/install/amr_description/share/amr_description/meshes/base_link.STL
-- Up-to-date: /home/skytold/workspace/amr_ws/install/amr_description/share/amr_description/meshes/caster_rear_link.STL
-- Up-to-date: /home/skytold/workspace/amr_ws/install/amr_description/share/amr_description/meshes/imu_link.STL
-- Up-to-date: /home/skytold/workspace/amr_ws/install/amr_description/share/amr_description/meshes/caster_front_link.STL
-- Up-to-date: /home/skytold/workspace/amr_ws/install/amr_description/share/amr_description/urdf
-- Up-to-date: /home/skytold/workspace/amr_ws/install/amr_description/share/amr_description/urdf/amr_gazebo.xacro
-- Up-to-date: /home/skytold/workspace/amr_ws/install/amr_description/share/amr_description/urdf/amr.urdf.xacro
-- Up-to-date: /home/skytold/workspace/amr_ws/install/amr_description/share/amr_description/urdf/amr_ros2_control.xacro
-- Up-to-date: /home/skytold/workspace/amr_ws/install/amr_description/share/amr_description/launch
-- Up-to-date: /home/skytold/workspace/amr_ws/install/amr_description/share/amr_description/launch/gazebo.launch.py
-- Up-to-date: /home/skytold/workspace/amr_ws/install/amr_description/share/amr_description/launch/display.launch.py
-- Up-to-date: /home/skytold/workspace/amr_ws/install/amr_description/share/amr_description/rviz
-- Up-to-date: /home/skytold/workspace/amr_ws/install/amr_description/share/amr_description/rviz/display.rviz
-- Up-to-date: /home/skytold/workspace/amr_ws/install/amr_description/share/ament_index/resource_index/package_run_dependencies/amr_description
-- Up-to-date: /home/skytold/workspace/amr_ws/install/amr_description/share/ament_index/resource_index/parent_prefix_path/amr_description
-- Up-to-date: /home/skytold/workspace/amr_ws/install/amr_description/share/amr_description/environment/ament_prefix_path.sh
-- Up-to-date: /home/skytold/workspace/amr_ws/install/amr_description/share/amr_description/environment/ament_prefix_path.dsv
-- Up-to-date: /home/skytold/workspace/amr_ws/install/amr_description/share/amr_description/environment/path.sh
-- Up-to-date: /home/skytold/workspace/amr_ws/install/amr_description/share/amr_description/environment/path.dsv
-- Up-to-date: /home/skytold/workspace/amr_ws/install/amr_description/share/amr_description/local_setup.bash
-- Up-to-date: /home/skytold/workspace/amr_ws/install/amr_description/share/amr_description/local_setup.sh
-- Up-to-date: /home/skytold/workspace/amr_ws/install/amr_description/share/amr_description/local_setup.zsh
-- Up-to-date: /home/skytold/workspace/amr_ws/install/amr_description/share/amr_description/local_setup.dsv
-- Installing: /home/skytold/workspace/amr_ws/install/amr_description/share/amr_description/package.dsv
-- Up-to-date: /home/skytold/workspace/amr_ws/install/amr_description/share/ament_index/resource_index/packages/amr_description
-- Up-to-date: /home/skytold/workspace/amr_ws/install/amr_description/share/amr_description/cmake/amr_descriptionConfig.cmake
-- Up-to-date: /home/skytold/workspace/amr_ws/install/amr_description/share/amr_description/cmake/amr_descriptionConfig-version.cmake
-- Up-to-date: /home/skytold/workspace/amr_ws/install/amr_description/share/amr_description/package.xml
