[0.029s] Invoking command in '/home/skytold/workspace/amr_ws/build/amr_cpp_examples': CMAKE_PREFIX_PATH=${CMAKE_PREFIX_PATH}:/home/skytold/workspace/amr_ws/install/amr_py_examples:/opt/ros/humble /usr/bin/cmake --build /home/skytold/workspace/amr_ws/build/amr_cpp_examples -- -j20 -l20
[0.079s] -- Found ament_cmake: 1.3.12 (/opt/ros/humble/share/ament_cmake/cmake)
[0.336s] -- Found rclcpp: 16.0.15 (/opt/ros/humble/share/rclcpp/cmake)
[0.425s] -- Found rosidl_generator_c: 3.1.7 (/opt/ros/humble/share/rosidl_generator_c/cmake)
[0.429s] -- Found rosidl_adapter: 3.1.7 (/opt/ros/humble/share/rosidl_adapter/cmake)
[0.440s] -- Found rosidl_generator_cpp: 3.1.7 (/opt/ros/humble/share/rosidl_generator_cpp/cmake)
[0.460s] -- Using all available rosidl_typesupport_c: rosidl_typesupport_fastrtps_c;rosidl_typesupport_introspection_c
[0.485s] -- Using all available rosidl_typesupport_cpp: rosidl_typesupport_fastrtps_cpp;rosidl_typesupport_introspection_cpp
[0.562s] -- Found rmw_implementation_cmake: 6.1.2 (/opt/ros/humble/share/rmw_implementation_cmake/cmake)
[0.564s] -- Found rmw_fastrtps_cpp: 6.2.8 (/opt/ros/humble/share/rmw_fastrtps_cpp/cmake)
[0.851s] -- Using RMW implementation 'rmw_fastrtps_cpp' as default
[0.961s] -- Found turtlesim: 1.4.3 (/opt/ros/humble/share/turtlesim/cmake)
[1.172s] -- Configuring done
[1.207s] -- Generating done
[1.222s] -- Build files have been written to: /home/skytold/workspace/amr_ws/build/amr_cpp_examples
[1.285s] [35m[1mConsolidate compiler generated dependencies of target simple_parameter[0m
[1.285s] [35m[1mConsolidate compiler generated dependencies of target simple_publisher[0m
[1.287s] [35m[1mConsolidate compiler generated dependencies of target simple_subscriber[0m
[1.316s] [ 12%] [32mBuilding CXX object CMakeFiles/simple_turtlesim_kinematics.dir/src/simple_turtlesim_kinematics.cpp.o[0m
[1.332s] [ 25%] [32mBuilding CXX object CMakeFiles/simple_parameter.dir/src/simple_parameter.cpp.o[0m
[1.339s] [ 37%] [32mBuilding CXX object CMakeFiles/simple_publisher.dir/src/simple_publisher.cpp.o[0m
[1.342s] [ 50%] [32mBuilding CXX object CMakeFiles/simple_subscriber.dir/src/simple_subscriber.cpp.o[0m
[8.359s] [ 62%] [32m[1mLinking CXX executable simple_parameter[0m
[8.719s] [ 62%] Built target simple_parameter
[11.416s] [ 75%] [32m[1mLinking CXX executable simple_publisher[0m
[11.829s] [ 75%] Built target simple_publisher
[17.415s] [ 87%] [32m[1mLinking CXX executable simple_turtlesim_kinematics[0m
[17.571s] [100%] [32m[1mLinking CXX executable simple_subscriber[0m
[18.125s] [100%] Built target simple_turtlesim_kinematics
[18.205s] [100%] Built target simple_subscriber
[18.221s] Invoked command in '/home/skytold/workspace/amr_ws/build/amr_cpp_examples' returned '0': CMAKE_PREFIX_PATH=${CMAKE_PREFIX_PATH}:/home/skytold/workspace/amr_ws/install/amr_py_examples:/opt/ros/humble /usr/bin/cmake --build /home/skytold/workspace/amr_ws/build/amr_cpp_examples -- -j20 -l20
[18.223s] Invoking command in '/home/skytold/workspace/amr_ws/build/amr_cpp_examples': CMAKE_PREFIX_PATH=${CMAKE_PREFIX_PATH}:/home/skytold/workspace/amr_ws/install/amr_py_examples:/opt/ros/humble /usr/bin/cmake --install /home/skytold/workspace/amr_ws/build/amr_cpp_examples
[18.233s] -- Install configuration: ""
[18.234s] -- Installing: /home/skytold/workspace/amr_ws/install/amr_cpp_examples/include/include
[18.234s] -- Installing: /home/skytold/workspace/amr_ws/install/amr_cpp_examples/include/include/amr_cpp_examples
[18.234s] -- Installing: /home/skytold/workspace/amr_ws/install/amr_cpp_examples/include/include/amr_cpp_examples/simple_turtlesim_kinematics.hpp
[18.234s] -- Installing: /home/skytold/workspace/amr_ws/install/amr_cpp_examples/lib/amr_cpp_examples/simple_publisher
[18.236s] -- Set runtime path of "/home/skytold/workspace/amr_ws/install/amr_cpp_examples/lib/amr_cpp_examples/simple_publisher" to ""
[18.236s] -- Installing: /home/skytold/workspace/amr_ws/install/amr_cpp_examples/lib/amr_cpp_examples/simple_subscriber
[18.242s] -- Set runtime path of "/home/skytold/workspace/amr_ws/install/amr_cpp_examples/lib/amr_cpp_examples/simple_subscriber" to ""
[18.242s] -- Installing: /home/skytold/workspace/amr_ws/install/amr_cpp_examples/lib/amr_cpp_examples/simple_parameter
[18.243s] -- Set runtime path of "/home/skytold/workspace/amr_ws/install/amr_cpp_examples/lib/amr_cpp_examples/simple_parameter" to ""
[18.243s] -- Installing: /home/skytold/workspace/amr_ws/install/amr_cpp_examples/lib/amr_cpp_examples/simple_turtlesim_kinematics
[18.250s] -- Set runtime path of "/home/skytold/workspace/amr_ws/install/amr_cpp_examples/lib/amr_cpp_examples/simple_turtlesim_kinematics" to ""
[18.251s] -- Installing: /home/skytold/workspace/amr_ws/install/amr_cpp_examples/share/ament_index/resource_index/package_run_dependencies/amr_cpp_examples
[18.251s] -- Installing: /home/skytold/workspace/amr_ws/install/amr_cpp_examples/share/ament_index/resource_index/parent_prefix_path/amr_cpp_examples
[18.251s] -- Up-to-date: /home/skytold/workspace/amr_ws/install/amr_cpp_examples/share/amr_cpp_examples/environment/ament_prefix_path.sh
[18.252s] -- Installing: /home/skytold/workspace/amr_ws/install/amr_cpp_examples/share/amr_cpp_examples/environment/ament_prefix_path.dsv
[18.252s] -- Up-to-date: /home/skytold/workspace/amr_ws/install/amr_cpp_examples/share/amr_cpp_examples/environment/path.sh
[18.252s] -- Installing: /home/skytold/workspace/amr_ws/install/amr_cpp_examples/share/amr_cpp_examples/environment/path.dsv
[18.252s] -- Up-to-date: /home/skytold/workspace/amr_ws/install/amr_cpp_examples/share/amr_cpp_examples/local_setup.bash
[18.252s] -- Up-to-date: /home/skytold/workspace/amr_ws/install/amr_cpp_examples/share/amr_cpp_examples/local_setup.sh
[18.252s] -- Up-to-date: /home/skytold/workspace/amr_ws/install/amr_cpp_examples/share/amr_cpp_examples/local_setup.zsh
[18.252s] -- Installing: /home/skytold/workspace/amr_ws/install/amr_cpp_examples/share/amr_cpp_examples/local_setup.dsv
[18.252s] -- Installing: /home/skytold/workspace/amr_ws/install/amr_cpp_examples/share/amr_cpp_examples/package.dsv
[18.252s] -- Up-to-date: /home/skytold/workspace/amr_ws/install/amr_cpp_examples/share/ament_index/resource_index/packages/amr_cpp_examples
[18.252s] -- Up-to-date: /home/skytold/workspace/amr_ws/install/amr_cpp_examples/share/amr_cpp_examples/cmake/amr_cpp_examplesConfig.cmake
[18.253s] -- Up-to-date: /home/skytold/workspace/amr_ws/install/amr_cpp_examples/share/amr_cpp_examples/cmake/amr_cpp_examplesConfig-version.cmake
[18.253s] -- Installing: /home/skytold/workspace/amr_ws/install/amr_cpp_examples/share/amr_cpp_examples/package.xml
[18.257s] Invoked command in '/home/skytold/workspace/amr_ws/build/amr_cpp_examples' returned '0': CMAKE_PREFIX_PATH=${CMAKE_PREFIX_PATH}:/home/skytold/workspace/amr_ws/install/amr_py_examples:/opt/ros/humble /usr/bin/cmake --install /home/skytold/workspace/amr_ws/build/amr_cpp_examples
