[0.132s] DEBUG:colcon:Command line arguments: ['/usr/bin/colcon', 'build']
[0.133s] DEBUG:colcon:Parsed command line arguments: Namespace(log_base=None, log_level=None, verb_name='build', build_base='build', install_base='install', merge_install=False, symlink_install=False, test_result_base=None, continue_on_error=False, executor='parallel', parallel_workers=20, event_handlers=None, ignore_user_meta=False, metas=['./colcon.meta'], base_paths=['.'], packages_ignore=None, packages_ignore_regex=None, paths=None, packages_up_to=None, packages_up_to_regex=None, packages_above=None, packages_above_and_dependencies=None, packages_above_depth=None, packages_select_by_dep=None, packages_skip_by_dep=None, packages_skip_up_to=None, packages_select_build_failed=False, packages_skip_build_finished=False, packages_select_test_failures=False, packages_skip_test_passed=False, packages_select=None, packages_skip=None, packages_select_regex=None, packages_skip_regex=None, packages_start=None, packages_end=None, allow_overriding=[], cmake_args=None, cmake_target=None, cmake_target_skip_unavailable=False, cmake_clean_cache=False, cmake_clean_first=False, cmake_force_configure=False, ament_cmake_args=None, catkin_cmake_args=None, catkin_skip_building_tests=False, mixin_files=None, mixin=None, verb_parser=<colcon_mixin.mixin.mixin_argument.MixinArgumentDecorator object at 0x71fd8cf39e40>, verb_extension=<colcon_core.verb.build.BuildVerb object at 0x71fd8d04ad40>, main=<bound method BuildVerb.main of <colcon_core.verb.build.BuildVerb object at 0x71fd8d04ad40>>, mixin_verb=('build',))
[0.342s] Level 1:colcon.colcon_core.package_discovery:discover_packages(colcon_meta) check parameters
[0.342s] Level 1:colcon.colcon_core.package_discovery:discover_packages(recursive) check parameters
[0.342s] Level 1:colcon.colcon_core.package_discovery:discover_packages(ignore) check parameters
[0.342s] Level 1:colcon.colcon_core.package_discovery:discover_packages(path) check parameters
[0.342s] Level 1:colcon.colcon_core.package_discovery:discover_packages(colcon_meta) discover
[0.342s] Level 1:colcon.colcon_core.package_discovery:discover_packages(recursive) discover
[0.342s] INFO:colcon.colcon_core.package_discovery:Crawling recursively for packages in '/home/skytold/workspace/amr_ws'
[0.342s] Level 1:colcon.colcon_core.package_identification:_identify(.) by extensions ['ignore', 'ignore_ament_install']
[0.342s] Level 1:colcon.colcon_core.package_identification:_identify(.) by extension 'ignore'
[0.342s] Level 1:colcon.colcon_core.package_identification:_identify(.) by extension 'ignore_ament_install'
[0.342s] Level 1:colcon.colcon_core.package_identification:_identify(.) by extensions ['colcon_pkg']
[0.342s] Level 1:colcon.colcon_core.package_identification:_identify(.) by extension 'colcon_pkg'
[0.343s] Level 1:colcon.colcon_core.package_identification:_identify(.) by extensions ['colcon_meta']
[0.343s] Level 1:colcon.colcon_core.package_identification:_identify(.) by extension 'colcon_meta'
[0.343s] Level 1:colcon.colcon_core.package_identification:_identify(.) by extensions ['ros']
[0.343s] Level 1:colcon.colcon_core.package_identification:_identify(.) by extension 'ros'
[0.357s] Level 1:colcon.colcon_core.package_identification:_identify(.) by extensions ['cmake', 'python']
[0.357s] Level 1:colcon.colcon_core.package_identification:_identify(.) by extension 'cmake'
[0.357s] Level 1:colcon.colcon_core.package_identification:_identify(.) by extension 'python'
[0.357s] Level 1:colcon.colcon_core.package_identification:_identify(.) by extensions ['python_setup_py']
[0.357s] Level 1:colcon.colcon_core.package_identification:_identify(.) by extension 'python_setup_py'
[0.357s] Level 1:colcon.colcon_core.package_identification:_identify(build) by extensions ['ignore', 'ignore_ament_install']
[0.357s] Level 1:colcon.colcon_core.package_identification:_identify(build) by extension 'ignore'
[0.358s] Level 1:colcon.colcon_core.package_identification:_identify(build) ignored
[0.358s] Level 1:colcon.colcon_core.package_identification:_identify(install) by extensions ['ignore', 'ignore_ament_install']
[0.358s] Level 1:colcon.colcon_core.package_identification:_identify(install) by extension 'ignore'
[0.358s] Level 1:colcon.colcon_core.package_identification:_identify(install) ignored
[0.358s] Level 1:colcon.colcon_core.package_identification:_identify(log) by extensions ['ignore', 'ignore_ament_install']
[0.358s] Level 1:colcon.colcon_core.package_identification:_identify(log) by extension 'ignore'
[0.358s] Level 1:colcon.colcon_core.package_identification:_identify(log) ignored
[0.358s] Level 1:colcon.colcon_core.package_identification:_identify(src) by extensions ['ignore', 'ignore_ament_install']
[0.358s] Level 1:colcon.colcon_core.package_identification:_identify(src) by extension 'ignore'
[0.358s] Level 1:colcon.colcon_core.package_identification:_identify(src) by extension 'ignore_ament_install'
[0.358s] Level 1:colcon.colcon_core.package_identification:_identify(src) by extensions ['colcon_pkg']
[0.358s] Level 1:colcon.colcon_core.package_identification:_identify(src) by extension 'colcon_pkg'
[0.358s] Level 1:colcon.colcon_core.package_identification:_identify(src) by extensions ['colcon_meta']
[0.359s] Level 1:colcon.colcon_core.package_identification:_identify(src) by extension 'colcon_meta'
[0.359s] Level 1:colcon.colcon_core.package_identification:_identify(src) by extensions ['ros']
[0.359s] Level 1:colcon.colcon_core.package_identification:_identify(src) by extension 'ros'
[0.359s] Level 1:colcon.colcon_core.package_identification:_identify(src) by extensions ['cmake', 'python']
[0.359s] Level 1:colcon.colcon_core.package_identification:_identify(src) by extension 'cmake'
[0.359s] Level 1:colcon.colcon_core.package_identification:_identify(src) by extension 'python'
[0.359s] Level 1:colcon.colcon_core.package_identification:_identify(src) by extensions ['python_setup_py']
[0.359s] Level 1:colcon.colcon_core.package_identification:_identify(src) by extension 'python_setup_py'
[0.359s] Level 1:colcon.colcon_core.package_identification:_identify(src/amr_controller) by extensions ['ignore', 'ignore_ament_install']
[0.359s] Level 1:colcon.colcon_core.package_identification:_identify(src/amr_controller) by extension 'ignore'
[0.359s] Level 1:colcon.colcon_core.package_identification:_identify(src/amr_controller) by extension 'ignore_ament_install'
[0.359s] Level 1:colcon.colcon_core.package_identification:_identify(src/amr_controller) by extensions ['colcon_pkg']
[0.359s] Level 1:colcon.colcon_core.package_identification:_identify(src/amr_controller) by extension 'colcon_pkg'
[0.359s] Level 1:colcon.colcon_core.package_identification:_identify(src/amr_controller) by extensions ['colcon_meta']
[0.359s] Level 1:colcon.colcon_core.package_identification:_identify(src/amr_controller) by extension 'colcon_meta'
[0.359s] Level 1:colcon.colcon_core.package_identification:_identify(src/amr_controller) by extensions ['ros']
[0.359s] Level 1:colcon.colcon_core.package_identification:_identify(src/amr_controller) by extension 'ros'
[0.363s] DEBUG:colcon.colcon_core.package_identification:Package 'src/amr_controller' with type 'ros.ament_cmake' and name 'amr_controller'
[0.363s] Level 1:colcon.colcon_core.package_identification:_identify(src/amr_cpp_examples) by extensions ['ignore', 'ignore_ament_install']
[0.363s] Level 1:colcon.colcon_core.package_identification:_identify(src/amr_cpp_examples) by extension 'ignore'
[0.363s] Level 1:colcon.colcon_core.package_identification:_identify(src/amr_cpp_examples) by extension 'ignore_ament_install'
[0.363s] Level 1:colcon.colcon_core.package_identification:_identify(src/amr_cpp_examples) by extensions ['colcon_pkg']
[0.363s] Level 1:colcon.colcon_core.package_identification:_identify(src/amr_cpp_examples) by extension 'colcon_pkg'
[0.364s] Level 1:colcon.colcon_core.package_identification:_identify(src/amr_cpp_examples) by extensions ['colcon_meta']
[0.364s] Level 1:colcon.colcon_core.package_identification:_identify(src/amr_cpp_examples) by extension 'colcon_meta'
[0.364s] Level 1:colcon.colcon_core.package_identification:_identify(src/amr_cpp_examples) by extensions ['ros']
[0.364s] Level 1:colcon.colcon_core.package_identification:_identify(src/amr_cpp_examples) by extension 'ros'
[0.365s] DEBUG:colcon.colcon_core.package_identification:Package 'src/amr_cpp_examples' with type 'ros.ament_cmake' and name 'amr_cpp_examples'
[0.365s] Level 1:colcon.colcon_core.package_identification:_identify(src/amr_description) by extensions ['ignore', 'ignore_ament_install']
[0.365s] Level 1:colcon.colcon_core.package_identification:_identify(src/amr_description) by extension 'ignore'
[0.365s] Level 1:colcon.colcon_core.package_identification:_identify(src/amr_description) by extension 'ignore_ament_install'
[0.365s] Level 1:colcon.colcon_core.package_identification:_identify(src/amr_description) by extensions ['colcon_pkg']
[0.365s] Level 1:colcon.colcon_core.package_identification:_identify(src/amr_description) by extension 'colcon_pkg'
[0.365s] Level 1:colcon.colcon_core.package_identification:_identify(src/amr_description) by extensions ['colcon_meta']
[0.365s] Level 1:colcon.colcon_core.package_identification:_identify(src/amr_description) by extension 'colcon_meta'
[0.365s] Level 1:colcon.colcon_core.package_identification:_identify(src/amr_description) by extensions ['ros']
[0.365s] Level 1:colcon.colcon_core.package_identification:_identify(src/amr_description) by extension 'ros'
[0.368s] DEBUG:colcon.colcon_core.package_identification:Package 'src/amr_description' with type 'ros.ament_cmake' and name 'amr_description'
[0.368s] Level 1:colcon.colcon_core.package_identification:_identify(src/amr_py_examples) by extensions ['ignore', 'ignore_ament_install']
[0.368s] Level 1:colcon.colcon_core.package_identification:_identify(src/amr_py_examples) by extension 'ignore'
[0.368s] Level 1:colcon.colcon_core.package_identification:_identify(src/amr_py_examples) by extension 'ignore_ament_install'
[0.368s] Level 1:colcon.colcon_core.package_identification:_identify(src/amr_py_examples) by extensions ['colcon_pkg']
[0.368s] Level 1:colcon.colcon_core.package_identification:_identify(src/amr_py_examples) by extension 'colcon_pkg'
[0.368s] Level 1:colcon.colcon_core.package_identification:_identify(src/amr_py_examples) by extensions ['colcon_meta']
[0.368s] Level 1:colcon.colcon_core.package_identification:_identify(src/amr_py_examples) by extension 'colcon_meta'
[0.368s] Level 1:colcon.colcon_core.package_identification:_identify(src/amr_py_examples) by extensions ['ros']
[0.368s] Level 1:colcon.colcon_core.package_identification:_identify(src/amr_py_examples) by extension 'ros'
[0.369s] DEBUG:colcon.colcon_core.package_identification:Package 'src/amr_py_examples' with type 'ros.ament_python' and name 'amr_py_examples'
[0.369s] Level 1:colcon.colcon_core.package_discovery:discover_packages(recursive) using defaults
[0.369s] Level 1:colcon.colcon_core.package_discovery:discover_packages(ignore) discover
[0.369s] Level 1:colcon.colcon_core.package_discovery:discover_packages(ignore) using defaults
[0.369s] Level 1:colcon.colcon_core.package_discovery:discover_packages(path) discover
[0.369s] Level 1:colcon.colcon_core.package_discovery:discover_packages(path) using defaults
[0.407s] Level 1:colcon.colcon_core.package_discovery:discover_packages(prefix_path) check parameters
[0.408s] Level 1:colcon.colcon_core.package_discovery:discover_packages(prefix_path) discover
[0.410s] DEBUG:colcon.colcon_installed_package_information.package_discovery:Found 4 installed packages in /home/skytold/workspace/amr_ws/install
[0.412s] DEBUG:colcon.colcon_installed_package_information.package_discovery:Found 380 installed packages in /opt/ros/humble
[0.414s] Level 1:colcon.colcon_core.package_discovery:discover_packages(prefix_path) using defaults
[0.473s] Level 5:colcon.colcon_core.verb:set package 'amr_controller' build argument 'cmake_args' from command line to 'None'
[0.473s] Level 5:colcon.colcon_core.verb:set package 'amr_controller' build argument 'cmake_target' from command line to 'None'
[0.473s] Level 5:colcon.colcon_core.verb:set package 'amr_controller' build argument 'cmake_target_skip_unavailable' from command line to 'False'
[0.473s] Level 5:colcon.colcon_core.verb:set package 'amr_controller' build argument 'cmake_clean_cache' from command line to 'False'
[0.473s] Level 5:colcon.colcon_core.verb:set package 'amr_controller' build argument 'cmake_clean_first' from command line to 'False'
[0.473s] Level 5:colcon.colcon_core.verb:set package 'amr_controller' build argument 'cmake_force_configure' from command line to 'False'
[0.473s] Level 5:colcon.colcon_core.verb:set package 'amr_controller' build argument 'ament_cmake_args' from command line to 'None'
[0.473s] Level 5:colcon.colcon_core.verb:set package 'amr_controller' build argument 'catkin_cmake_args' from command line to 'None'
[0.473s] Level 5:colcon.colcon_core.verb:set package 'amr_controller' build argument 'catkin_skip_building_tests' from command line to 'False'
[0.474s] DEBUG:colcon.colcon_core.verb:Building package 'amr_controller' with the following arguments: {'ament_cmake_args': None, 'build_base': '/home/skytold/workspace/amr_ws/build/amr_controller', 'catkin_cmake_args': None, 'catkin_skip_building_tests': False, 'cmake_args': None, 'cmake_clean_cache': False, 'cmake_clean_first': False, 'cmake_force_configure': False, 'cmake_target': None, 'cmake_target_skip_unavailable': False, 'install_base': '/home/skytold/workspace/amr_ws/install/amr_controller', 'merge_install': False, 'path': '/home/skytold/workspace/amr_ws/src/amr_controller', 'symlink_install': False, 'test_result_base': None}
[0.474s] Level 5:colcon.colcon_core.verb:set package 'amr_cpp_examples' build argument 'cmake_args' from command line to 'None'
[0.474s] Level 5:colcon.colcon_core.verb:set package 'amr_cpp_examples' build argument 'cmake_target' from command line to 'None'
[0.474s] Level 5:colcon.colcon_core.verb:set package 'amr_cpp_examples' build argument 'cmake_target_skip_unavailable' from command line to 'False'
[0.474s] Level 5:colcon.colcon_core.verb:set package 'amr_cpp_examples' build argument 'cmake_clean_cache' from command line to 'False'
[0.474s] Level 5:colcon.colcon_core.verb:set package 'amr_cpp_examples' build argument 'cmake_clean_first' from command line to 'False'
[0.474s] Level 5:colcon.colcon_core.verb:set package 'amr_cpp_examples' build argument 'cmake_force_configure' from command line to 'False'
[0.474s] Level 5:colcon.colcon_core.verb:set package 'amr_cpp_examples' build argument 'ament_cmake_args' from command line to 'None'
[0.474s] Level 5:colcon.colcon_core.verb:set package 'amr_cpp_examples' build argument 'catkin_cmake_args' from command line to 'None'
[0.474s] Level 5:colcon.colcon_core.verb:set package 'amr_cpp_examples' build argument 'catkin_skip_building_tests' from command line to 'False'
[0.474s] DEBUG:colcon.colcon_core.verb:Building package 'amr_cpp_examples' with the following arguments: {'ament_cmake_args': None, 'build_base': '/home/skytold/workspace/amr_ws/build/amr_cpp_examples', 'catkin_cmake_args': None, 'catkin_skip_building_tests': False, 'cmake_args': None, 'cmake_clean_cache': False, 'cmake_clean_first': False, 'cmake_force_configure': False, 'cmake_target': None, 'cmake_target_skip_unavailable': False, 'install_base': '/home/skytold/workspace/amr_ws/install/amr_cpp_examples', 'merge_install': False, 'path': '/home/skytold/workspace/amr_ws/src/amr_cpp_examples', 'symlink_install': False, 'test_result_base': None}
[0.475s] Level 5:colcon.colcon_core.verb:set package 'amr_description' build argument 'cmake_args' from command line to 'None'
[0.475s] Level 5:colcon.colcon_core.verb:set package 'amr_description' build argument 'cmake_target' from command line to 'None'
[0.475s] Level 5:colcon.colcon_core.verb:set package 'amr_description' build argument 'cmake_target_skip_unavailable' from command line to 'False'
[0.475s] Level 5:colcon.colcon_core.verb:set package 'amr_description' build argument 'cmake_clean_cache' from command line to 'False'
[0.475s] Level 5:colcon.colcon_core.verb:set package 'amr_description' build argument 'cmake_clean_first' from command line to 'False'
[0.475s] Level 5:colcon.colcon_core.verb:set package 'amr_description' build argument 'cmake_force_configure' from command line to 'False'
[0.475s] Level 5:colcon.colcon_core.verb:set package 'amr_description' build argument 'ament_cmake_args' from command line to 'None'
[0.475s] Level 5:colcon.colcon_core.verb:set package 'amr_description' build argument 'catkin_cmake_args' from command line to 'None'
[0.475s] Level 5:colcon.colcon_core.verb:set package 'amr_description' build argument 'catkin_skip_building_tests' from command line to 'False'
[0.475s] DEBUG:colcon.colcon_core.verb:Building package 'amr_description' with the following arguments: {'ament_cmake_args': None, 'build_base': '/home/skytold/workspace/amr_ws/build/amr_description', 'catkin_cmake_args': None, 'catkin_skip_building_tests': False, 'cmake_args': None, 'cmake_clean_cache': False, 'cmake_clean_first': False, 'cmake_force_configure': False, 'cmake_target': None, 'cmake_target_skip_unavailable': False, 'install_base': '/home/skytold/workspace/amr_ws/install/amr_description', 'merge_install': False, 'path': '/home/skytold/workspace/amr_ws/src/amr_description', 'symlink_install': False, 'test_result_base': None}
[0.475s] Level 5:colcon.colcon_core.verb:set package 'amr_py_examples' build argument 'cmake_args' from command line to 'None'
[0.475s] Level 5:colcon.colcon_core.verb:set package 'amr_py_examples' build argument 'cmake_target' from command line to 'None'
[0.475s] Level 5:colcon.colcon_core.verb:set package 'amr_py_examples' build argument 'cmake_target_skip_unavailable' from command line to 'False'
[0.475s] Level 5:colcon.colcon_core.verb:set package 'amr_py_examples' build argument 'cmake_clean_cache' from command line to 'False'
[0.475s] Level 5:colcon.colcon_core.verb:set package 'amr_py_examples' build argument 'cmake_clean_first' from command line to 'False'
[0.475s] Level 5:colcon.colcon_core.verb:set package 'amr_py_examples' build argument 'cmake_force_configure' from command line to 'False'
[0.475s] Level 5:colcon.colcon_core.verb:set package 'amr_py_examples' build argument 'ament_cmake_args' from command line to 'None'
[0.476s] Level 5:colcon.colcon_core.verb:set package 'amr_py_examples' build argument 'catkin_cmake_args' from command line to 'None'
[0.476s] Level 5:colcon.colcon_core.verb:set package 'amr_py_examples' build argument 'catkin_skip_building_tests' from command line to 'False'
[0.476s] DEBUG:colcon.colcon_core.verb:Building package 'amr_py_examples' with the following arguments: {'ament_cmake_args': None, 'build_base': '/home/skytold/workspace/amr_ws/build/amr_py_examples', 'catkin_cmake_args': None, 'catkin_skip_building_tests': False, 'cmake_args': None, 'cmake_clean_cache': False, 'cmake_clean_first': False, 'cmake_force_configure': False, 'cmake_target': None, 'cmake_target_skip_unavailable': False, 'install_base': '/home/skytold/workspace/amr_ws/install/amr_py_examples', 'merge_install': False, 'path': '/home/skytold/workspace/amr_ws/src/amr_py_examples', 'symlink_install': False, 'test_result_base': None}
[0.476s] INFO:colcon.colcon_core.executor:Executing jobs using 'parallel' executor
[0.477s] DEBUG:colcon.colcon_parallel_executor.executor.parallel:run_until_complete
[0.478s] INFO:colcon.colcon_ros.task.ament_cmake.build:Building ROS package in '/home/skytold/workspace/amr_ws/src/amr_controller' with build type 'ament_cmake'
[0.478s] INFO:colcon.colcon_cmake.task.cmake.build:Building CMake package in '/home/skytold/workspace/amr_ws/src/amr_controller'
[0.481s] INFO:colcon.colcon_core.plugin_system:Skipping extension 'colcon_core.shell.bat': Not used on non-Windows systems
[0.481s] INFO:colcon.colcon_core.shell:Skip shell extension 'powershell' for command environment: Not usable outside of PowerShell
[0.481s] DEBUG:colcon.colcon_core.shell:Skip shell extension 'dsv' for command environment
[0.486s] INFO:colcon.colcon_ros.task.ament_cmake.build:Building ROS package in '/home/skytold/workspace/amr_ws/src/amr_cpp_examples' with build type 'ament_cmake'
[0.487s] INFO:colcon.colcon_cmake.task.cmake.build:Building CMake package in '/home/skytold/workspace/amr_ws/src/amr_cpp_examples'
[0.487s] INFO:colcon.colcon_core.shell:Skip shell extension 'powershell' for command environment: Not usable outside of PowerShell
[0.487s] DEBUG:colcon.colcon_core.shell:Skip shell extension 'dsv' for command environment
[0.492s] INFO:colcon.colcon_ros.task.ament_cmake.build:Building ROS package in '/home/skytold/workspace/amr_ws/src/amr_description' with build type 'ament_cmake'
[0.492s] INFO:colcon.colcon_cmake.task.cmake.build:Building CMake package in '/home/skytold/workspace/amr_ws/src/amr_description'
[0.493s] INFO:colcon.colcon_core.shell:Skip shell extension 'powershell' for command environment: Not usable outside of PowerShell
[0.493s] DEBUG:colcon.colcon_core.shell:Skip shell extension 'dsv' for command environment
[0.498s] INFO:colcon.colcon_ros.task.ament_python.build:Building ROS package in '/home/skytold/workspace/amr_ws/src/amr_py_examples' with build type 'ament_python'
[0.498s] Level 1:colcon.colcon_core.shell:create_environment_hook('amr_py_examples', 'ament_prefix_path')
[0.498s] INFO:colcon.colcon_core.shell:Creating environment hook '/home/skytold/workspace/amr_ws/install/amr_py_examples/share/amr_py_examples/hook/ament_prefix_path.ps1'
[0.499s] INFO:colcon.colcon_core.shell:Creating environment descriptor '/home/skytold/workspace/amr_ws/install/amr_py_examples/share/amr_py_examples/hook/ament_prefix_path.dsv'
[0.500s] INFO:colcon.colcon_core.shell:Creating environment hook '/home/skytold/workspace/amr_ws/install/amr_py_examples/share/amr_py_examples/hook/ament_prefix_path.sh'
[0.501s] INFO:colcon.colcon_core.shell:Skip shell extension 'powershell' for command environment: Not usable outside of PowerShell
[0.501s] DEBUG:colcon.colcon_core.shell:Skip shell extension 'dsv' for command environment
[0.515s] DEBUG:colcon.colcon_core.event_handler.log_command:Invoking command in '/home/skytold/workspace/amr_ws/build/amr_controller': CMAKE_PREFIX_PATH=${CMAKE_PREFIX_PATH}:/home/skytold/workspace/amr_ws/install/amr_py_examples:/opt/ros/humble /usr/bin/cmake --build /home/skytold/workspace/amr_ws/build/amr_controller -- -j20 -l20
[0.520s] DEBUG:colcon.colcon_core.event_handler.log_command:Invoking command in '/home/skytold/workspace/amr_ws/build/amr_cpp_examples': CMAKE_PREFIX_PATH=${CMAKE_PREFIX_PATH}:/home/skytold/workspace/amr_ws/install/amr_py_examples:/opt/ros/humble /usr/bin/cmake --build /home/skytold/workspace/amr_ws/build/amr_cpp_examples -- -j20 -l20
[0.525s] DEBUG:colcon.colcon_core.event_handler.log_command:Invoking command in '/home/skytold/workspace/amr_ws/build/amr_description': CMAKE_PREFIX_PATH=${CMAKE_PREFIX_PATH}:/home/skytold/workspace/amr_ws/install/amr_py_examples:/opt/ros/humble /usr/bin/cmake --build /home/skytold/workspace/amr_ws/build/amr_description -- -j20 -l20
[1.035s] INFO:colcon.colcon_core.task.python.build:Building Python package in '/home/skytold/workspace/amr_ws/src/amr_py_examples'
[1.036s] INFO:colcon.colcon_core.shell:Skip shell extension 'powershell' for command environment: Not usable outside of PowerShell
[1.036s] DEBUG:colcon.colcon_core.shell:Skip shell extension 'dsv' for command environment
[1.045s] DEBUG:colcon.colcon_core.event_handler.log_command:Invoked command in '/home/skytold/workspace/amr_ws/build/amr_cpp_examples' returned '0': CMAKE_PREFIX_PATH=${CMAKE_PREFIX_PATH}:/home/skytold/workspace/amr_ws/install/amr_py_examples:/opt/ros/humble /usr/bin/cmake --build /home/skytold/workspace/amr_ws/build/amr_cpp_examples -- -j20 -l20
[1.064s] DEBUG:colcon.colcon_core.event_handler.log_command:Invoking command in '/home/skytold/workspace/amr_ws/build/amr_cpp_examples': CMAKE_PREFIX_PATH=${CMAKE_PREFIX_PATH}:/home/skytold/workspace/amr_ws/install/amr_py_examples:/opt/ros/humble /usr/bin/cmake --install /home/skytold/workspace/amr_ws/build/amr_cpp_examples
[1.065s] DEBUG:colcon.colcon_core.event_handler.log_command:Invoked command in '/home/skytold/workspace/amr_ws/build/amr_description' returned '0': CMAKE_PREFIX_PATH=${CMAKE_PREFIX_PATH}:/home/skytold/workspace/amr_ws/install/amr_py_examples:/opt/ros/humble /usr/bin/cmake --build /home/skytold/workspace/amr_ws/build/amr_description -- -j20 -l20
[1.069s] DEBUG:colcon.colcon_core.event_handler.log_command:Invoking command in '/home/skytold/workspace/amr_ws/build/amr_description': CMAKE_PREFIX_PATH=${CMAKE_PREFIX_PATH}:/home/skytold/workspace/amr_ws/install/amr_py_examples:/opt/ros/humble /usr/bin/cmake --install /home/skytold/workspace/amr_ws/build/amr_description
[1.093s] Level 1:colcon.colcon_core.environment:create_environment_scripts_only(amr_cpp_examples)
[1.094s] DEBUG:colcon.colcon_core.event_handler.log_command:Invoked command in '/home/skytold/workspace/amr_ws/build/amr_cpp_examples' returned '0': CMAKE_PREFIX_PATH=${CMAKE_PREFIX_PATH}:/home/skytold/workspace/amr_ws/install/amr_py_examples:/opt/ros/humble /usr/bin/cmake --install /home/skytold/workspace/amr_ws/build/amr_cpp_examples
[1.102s] Level 1:colcon.colcon_core.environment:checking '/home/skytold/workspace/amr_ws/install/amr_cpp_examples' for CMake module files
[1.104s] Level 1:colcon.colcon_core.environment:checking '/home/skytold/workspace/amr_ws/install/amr_cpp_examples' for CMake config files
[1.104s] Level 1:colcon.colcon_core.shell:create_environment_hook('amr_cpp_examples', 'cmake_prefix_path')
[1.105s] INFO:colcon.colcon_core.shell:Creating environment hook '/home/skytold/workspace/amr_ws/install/amr_cpp_examples/share/amr_cpp_examples/hook/cmake_prefix_path.ps1'
[1.106s] INFO:colcon.colcon_core.shell:Creating environment descriptor '/home/skytold/workspace/amr_ws/install/amr_cpp_examples/share/amr_cpp_examples/hook/cmake_prefix_path.dsv'
[1.108s] INFO:colcon.colcon_core.shell:Creating environment hook '/home/skytold/workspace/amr_ws/install/amr_cpp_examples/share/amr_cpp_examples/hook/cmake_prefix_path.sh'
[1.111s] Level 1:colcon.colcon_core.environment:checking '/home/skytold/workspace/amr_ws/install/amr_cpp_examples/lib'
[1.111s] Level 1:colcon.colcon_core.environment:checking '/home/skytold/workspace/amr_ws/install/amr_cpp_examples/bin'
[1.111s] Level 1:colcon.colcon_core.environment:checking '/home/skytold/workspace/amr_ws/install/amr_cpp_examples/lib/pkgconfig/amr_cpp_examples.pc'
[1.112s] Level 1:colcon.colcon_core.environment:checking '/home/skytold/workspace/amr_ws/install/amr_cpp_examples/lib/python3.10/site-packages'
[1.113s] Level 1:colcon.colcon_core.environment:checking '/home/skytold/workspace/amr_ws/install/amr_cpp_examples/bin'
[1.113s] INFO:colcon.colcon_core.shell:Creating package script '/home/skytold/workspace/amr_ws/install/amr_cpp_examples/share/amr_cpp_examples/package.ps1'
[1.115s] INFO:colcon.colcon_core.shell:Creating package descriptor '/home/skytold/workspace/amr_ws/install/amr_cpp_examples/share/amr_cpp_examples/package.dsv'
[1.118s] INFO:colcon.colcon_core.shell:Creating package script '/home/skytold/workspace/amr_ws/install/amr_cpp_examples/share/amr_cpp_examples/package.sh'
[1.120s] INFO:colcon.colcon_core.shell:Creating package script '/home/skytold/workspace/amr_ws/install/amr_cpp_examples/share/amr_cpp_examples/package.bash'
[1.122s] INFO:colcon.colcon_core.shell:Creating package script '/home/skytold/workspace/amr_ws/install/amr_cpp_examples/share/amr_cpp_examples/package.zsh'
[1.123s] Level 1:colcon.colcon_core.environment:create_file_with_runtime_dependencies(/home/skytold/workspace/amr_ws/install/amr_cpp_examples/share/colcon-core/packages/amr_cpp_examples)
[1.125s] Level 1:colcon.colcon_core.environment:create_environment_scripts_only(amr_cpp_examples)
[1.126s] Level 1:colcon.colcon_core.environment:checking '/home/skytold/workspace/amr_ws/install/amr_cpp_examples' for CMake module files
[1.127s] Level 1:colcon.colcon_core.environment:checking '/home/skytold/workspace/amr_ws/install/amr_cpp_examples' for CMake config files
[1.127s] Level 1:colcon.colcon_core.shell:create_environment_hook('amr_cpp_examples', 'cmake_prefix_path')
[1.128s] INFO:colcon.colcon_core.shell:Creating environment hook '/home/skytold/workspace/amr_ws/install/amr_cpp_examples/share/amr_cpp_examples/hook/cmake_prefix_path.ps1'
[1.129s] INFO:colcon.colcon_core.shell:Creating environment descriptor '/home/skytold/workspace/amr_ws/install/amr_cpp_examples/share/amr_cpp_examples/hook/cmake_prefix_path.dsv'
[1.130s] INFO:colcon.colcon_core.shell:Creating environment hook '/home/skytold/workspace/amr_ws/install/amr_cpp_examples/share/amr_cpp_examples/hook/cmake_prefix_path.sh'
[1.131s] Level 1:colcon.colcon_core.environment:checking '/home/skytold/workspace/amr_ws/install/amr_cpp_examples/lib'
[1.131s] Level 1:colcon.colcon_core.environment:checking '/home/skytold/workspace/amr_ws/install/amr_cpp_examples/bin'
[1.131s] Level 1:colcon.colcon_core.environment:checking '/home/skytold/workspace/amr_ws/install/amr_cpp_examples/lib/pkgconfig/amr_cpp_examples.pc'
[1.132s] Level 1:colcon.colcon_core.environment:checking '/home/skytold/workspace/amr_ws/install/amr_cpp_examples/lib/python3.10/site-packages'
[1.132s] Level 1:colcon.colcon_core.environment:checking '/home/skytold/workspace/amr_ws/install/amr_cpp_examples/bin'
[1.133s] INFO:colcon.colcon_core.shell:Creating package script '/home/skytold/workspace/amr_ws/install/amr_cpp_examples/share/amr_cpp_examples/package.ps1'
[1.134s] INFO:colcon.colcon_core.shell:Creating package descriptor '/home/skytold/workspace/amr_ws/install/amr_cpp_examples/share/amr_cpp_examples/package.dsv'
[1.135s] INFO:colcon.colcon_core.shell:Creating package script '/home/skytold/workspace/amr_ws/install/amr_cpp_examples/share/amr_cpp_examples/package.sh'
[1.136s] INFO:colcon.colcon_core.shell:Creating package script '/home/skytold/workspace/amr_ws/install/amr_cpp_examples/share/amr_cpp_examples/package.bash'
[1.137s] INFO:colcon.colcon_core.shell:Creating package script '/home/skytold/workspace/amr_ws/install/amr_cpp_examples/share/amr_cpp_examples/package.zsh'
[1.138s] Level 1:colcon.colcon_core.environment:create_file_with_runtime_dependencies(/home/skytold/workspace/amr_ws/install/amr_cpp_examples/share/colcon-core/packages/amr_cpp_examples)
[1.141s] Level 1:colcon.colcon_core.environment:create_environment_scripts_only(amr_description)
[1.142s] DEBUG:colcon.colcon_core.event_handler.log_command:Invoked command in '/home/skytold/workspace/amr_ws/build/amr_description' returned '0': CMAKE_PREFIX_PATH=${CMAKE_PREFIX_PATH}:/home/skytold/workspace/amr_ws/install/amr_py_examples:/opt/ros/humble /usr/bin/cmake --install /home/skytold/workspace/amr_ws/build/amr_description
[1.143s] Level 1:colcon.colcon_core.environment:checking '/home/skytold/workspace/amr_ws/install/amr_description' for CMake module files
[1.144s] Level 1:colcon.colcon_core.environment:checking '/home/skytold/workspace/amr_ws/install/amr_description' for CMake config files
[1.145s] Level 1:colcon.colcon_core.shell:create_environment_hook('amr_description', 'cmake_prefix_path')
[1.146s] INFO:colcon.colcon_core.shell:Creating environment hook '/home/skytold/workspace/amr_ws/install/amr_description/share/amr_description/hook/cmake_prefix_path.ps1'
[1.147s] INFO:colcon.colcon_core.shell:Creating environment descriptor '/home/skytold/workspace/amr_ws/install/amr_description/share/amr_description/hook/cmake_prefix_path.dsv'
[1.148s] INFO:colcon.colcon_core.shell:Creating environment hook '/home/skytold/workspace/amr_ws/install/amr_description/share/amr_description/hook/cmake_prefix_path.sh'
[1.149s] Level 1:colcon.colcon_core.environment:checking '/home/skytold/workspace/amr_ws/install/amr_description/bin'
[1.149s] Level 1:colcon.colcon_core.environment:checking '/home/skytold/workspace/amr_ws/install/amr_description/lib/pkgconfig/amr_description.pc'
[1.150s] Level 1:colcon.colcon_core.environment:checking '/home/skytold/workspace/amr_ws/install/amr_description/lib/python3.10/site-packages'
[1.150s] Level 1:colcon.colcon_core.environment:checking '/home/skytold/workspace/amr_ws/install/amr_description/bin'
[1.151s] INFO:colcon.colcon_core.shell:Creating package script '/home/skytold/workspace/amr_ws/install/amr_description/share/amr_description/package.ps1'
[1.152s] INFO:colcon.colcon_core.shell:Creating package descriptor '/home/skytold/workspace/amr_ws/install/amr_description/share/amr_description/package.dsv'
[1.153s] INFO:colcon.colcon_core.shell:Creating package script '/home/skytold/workspace/amr_ws/install/amr_description/share/amr_description/package.sh'
[1.154s] INFO:colcon.colcon_core.shell:Creating package script '/home/skytold/workspace/amr_ws/install/amr_description/share/amr_description/package.bash'
[1.155s] INFO:colcon.colcon_core.shell:Creating package script '/home/skytold/workspace/amr_ws/install/amr_description/share/amr_description/package.zsh'
[1.156s] Level 1:colcon.colcon_core.environment:create_file_with_runtime_dependencies(/home/skytold/workspace/amr_ws/install/amr_description/share/colcon-core/packages/amr_description)
[1.157s] Level 1:colcon.colcon_core.environment:create_environment_scripts_only(amr_description)
[1.157s] Level 1:colcon.colcon_core.environment:checking '/home/skytold/workspace/amr_ws/install/amr_description' for CMake module files
[1.158s] Level 1:colcon.colcon_core.environment:checking '/home/skytold/workspace/amr_ws/install/amr_description' for CMake config files
[1.159s] Level 1:colcon.colcon_core.shell:create_environment_hook('amr_description', 'cmake_prefix_path')
[1.159s] INFO:colcon.colcon_core.shell:Creating environment hook '/home/skytold/workspace/amr_ws/install/amr_description/share/amr_description/hook/cmake_prefix_path.ps1'
[1.160s] INFO:colcon.colcon_core.shell:Creating environment descriptor '/home/skytold/workspace/amr_ws/install/amr_description/share/amr_description/hook/cmake_prefix_path.dsv'
[1.161s] INFO:colcon.colcon_core.shell:Creating environment hook '/home/skytold/workspace/amr_ws/install/amr_description/share/amr_description/hook/cmake_prefix_path.sh'
[1.162s] Level 1:colcon.colcon_core.environment:checking '/home/skytold/workspace/amr_ws/install/amr_description/bin'
[1.162s] Level 1:colcon.colcon_core.environment:checking '/home/skytold/workspace/amr_ws/install/amr_description/lib/pkgconfig/amr_description.pc'
[1.163s] Level 1:colcon.colcon_core.environment:checking '/home/skytold/workspace/amr_ws/install/amr_description/lib/python3.10/site-packages'
[1.163s] Level 1:colcon.colcon_core.environment:checking '/home/skytold/workspace/amr_ws/install/amr_description/bin'
[1.164s] INFO:colcon.colcon_core.shell:Creating package script '/home/skytold/workspace/amr_ws/install/amr_description/share/amr_description/package.ps1'
[1.165s] INFO:colcon.colcon_core.shell:Creating package descriptor '/home/skytold/workspace/amr_ws/install/amr_description/share/amr_description/package.dsv'
[1.166s] INFO:colcon.colcon_core.shell:Creating package script '/home/skytold/workspace/amr_ws/install/amr_description/share/amr_description/package.sh'
[1.167s] INFO:colcon.colcon_core.shell:Creating package script '/home/skytold/workspace/amr_ws/install/amr_description/share/amr_description/package.bash'
[1.168s] INFO:colcon.colcon_core.shell:Creating package script '/home/skytold/workspace/amr_ws/install/amr_description/share/amr_description/package.zsh'
[1.168s] Level 1:colcon.colcon_core.environment:create_file_with_runtime_dependencies(/home/skytold/workspace/amr_ws/install/amr_description/share/colcon-core/packages/amr_description)
[1.205s] DEBUG:colcon.colcon_core.event_handler.log_command:Invoked command in '/home/skytold/workspace/amr_ws/build/amr_controller' returned '0': CMAKE_PREFIX_PATH=${CMAKE_PREFIX_PATH}:/home/skytold/workspace/amr_ws/install/amr_py_examples:/opt/ros/humble /usr/bin/cmake --build /home/skytold/workspace/amr_ws/build/amr_controller -- -j20 -l20
[1.208s] DEBUG:colcon.colcon_core.event_handler.log_command:Invoking command in '/home/skytold/workspace/amr_ws/build/amr_controller': CMAKE_PREFIX_PATH=${CMAKE_PREFIX_PATH}:/home/skytold/workspace/amr_ws/install/amr_py_examples:/opt/ros/humble /usr/bin/cmake --install /home/skytold/workspace/amr_ws/build/amr_controller
[1.316s] Level 1:colcon.colcon_core.environment:create_environment_scripts_only(amr_controller)
[1.317s] Level 1:colcon.colcon_core.environment:checking '/home/skytold/workspace/amr_ws/install/amr_controller' for CMake module files
[1.317s] DEBUG:colcon.colcon_core.event_handler.log_command:Invoked command in '/home/skytold/workspace/amr_ws/build/amr_controller' returned '0': CMAKE_PREFIX_PATH=${CMAKE_PREFIX_PATH}:/home/skytold/workspace/amr_ws/install/amr_py_examples:/opt/ros/humble /usr/bin/cmake --install /home/skytold/workspace/amr_ws/build/amr_controller
[1.318s] Level 1:colcon.colcon_core.environment:checking '/home/skytold/workspace/amr_ws/install/amr_controller' for CMake config files
[1.319s] Level 1:colcon.colcon_core.shell:create_environment_hook('amr_controller', 'cmake_prefix_path')
[1.320s] INFO:colcon.colcon_core.shell:Creating environment hook '/home/skytold/workspace/amr_ws/install/amr_controller/share/amr_controller/hook/cmake_prefix_path.ps1'
[1.321s] INFO:colcon.colcon_core.shell:Creating environment descriptor '/home/skytold/workspace/amr_ws/install/amr_controller/share/amr_controller/hook/cmake_prefix_path.dsv'
[1.321s] INFO:colcon.colcon_core.shell:Creating environment hook '/home/skytold/workspace/amr_ws/install/amr_controller/share/amr_controller/hook/cmake_prefix_path.sh'
[1.323s] Level 1:colcon.colcon_core.environment:checking '/home/skytold/workspace/amr_ws/install/amr_controller/lib'
[1.323s] Level 1:colcon.colcon_core.environment:checking '/home/skytold/workspace/amr_ws/install/amr_controller/bin'
[1.323s] Level 1:colcon.colcon_core.environment:checking '/home/skytold/workspace/amr_ws/install/amr_controller/lib/pkgconfig/amr_controller.pc'
[1.323s] Level 1:colcon.colcon_core.environment:checking '/home/skytold/workspace/amr_ws/install/amr_controller/lib/python3.10/site-packages'
[1.324s] Level 1:colcon.colcon_core.environment:checking '/home/skytold/workspace/amr_ws/install/amr_controller/bin'
[1.324s] INFO:colcon.colcon_core.shell:Creating package script '/home/skytold/workspace/amr_ws/install/amr_controller/share/amr_controller/package.ps1'
[1.325s] INFO:colcon.colcon_core.shell:Creating package descriptor '/home/skytold/workspace/amr_ws/install/amr_controller/share/amr_controller/package.dsv'
[1.326s] INFO:colcon.colcon_core.shell:Creating package script '/home/skytold/workspace/amr_ws/install/amr_controller/share/amr_controller/package.sh'
[1.327s] INFO:colcon.colcon_core.shell:Creating package script '/home/skytold/workspace/amr_ws/install/amr_controller/share/amr_controller/package.bash'
[1.328s] INFO:colcon.colcon_core.shell:Creating package script '/home/skytold/workspace/amr_ws/install/amr_controller/share/amr_controller/package.zsh'
[1.329s] Level 1:colcon.colcon_core.environment:create_file_with_runtime_dependencies(/home/skytold/workspace/amr_ws/install/amr_controller/share/colcon-core/packages/amr_controller)
[1.330s] Level 1:colcon.colcon_core.environment:create_environment_scripts_only(amr_controller)
[1.330s] Level 1:colcon.colcon_core.environment:checking '/home/skytold/workspace/amr_ws/install/amr_controller' for CMake module files
[1.331s] Level 1:colcon.colcon_core.environment:checking '/home/skytold/workspace/amr_ws/install/amr_controller' for CMake config files
[1.332s] Level 1:colcon.colcon_core.shell:create_environment_hook('amr_controller', 'cmake_prefix_path')
[1.332s] INFO:colcon.colcon_core.shell:Creating environment hook '/home/skytold/workspace/amr_ws/install/amr_controller/share/amr_controller/hook/cmake_prefix_path.ps1'
[1.333s] INFO:colcon.colcon_core.shell:Creating environment descriptor '/home/skytold/workspace/amr_ws/install/amr_controller/share/amr_controller/hook/cmake_prefix_path.dsv'
[1.334s] INFO:colcon.colcon_core.shell:Creating environment hook '/home/skytold/workspace/amr_ws/install/amr_controller/share/amr_controller/hook/cmake_prefix_path.sh'
[1.335s] Level 1:colcon.colcon_core.environment:checking '/home/skytold/workspace/amr_ws/install/amr_controller/lib'
[1.335s] Level 1:colcon.colcon_core.environment:checking '/home/skytold/workspace/amr_ws/install/amr_controller/bin'
[1.335s] Level 1:colcon.colcon_core.environment:checking '/home/skytold/workspace/amr_ws/install/amr_controller/lib/pkgconfig/amr_controller.pc'
[1.336s] Level 1:colcon.colcon_core.environment:checking '/home/skytold/workspace/amr_ws/install/amr_controller/lib/python3.10/site-packages'
[1.336s] Level 1:colcon.colcon_core.environment:checking '/home/skytold/workspace/amr_ws/install/amr_controller/bin'
[1.337s] INFO:colcon.colcon_core.shell:Creating package script '/home/skytold/workspace/amr_ws/install/amr_controller/share/amr_controller/package.ps1'
[1.338s] INFO:colcon.colcon_core.shell:Creating package descriptor '/home/skytold/workspace/amr_ws/install/amr_controller/share/amr_controller/package.dsv'
[1.339s] INFO:colcon.colcon_core.shell:Creating package script '/home/skytold/workspace/amr_ws/install/amr_controller/share/amr_controller/package.sh'
[1.340s] INFO:colcon.colcon_core.shell:Creating package script '/home/skytold/workspace/amr_ws/install/amr_controller/share/amr_controller/package.bash'
[1.341s] INFO:colcon.colcon_core.shell:Creating package script '/home/skytold/workspace/amr_ws/install/amr_controller/share/amr_controller/package.zsh'
[1.342s] Level 1:colcon.colcon_core.environment:create_file_with_runtime_dependencies(/home/skytold/workspace/amr_ws/install/amr_controller/share/colcon-core/packages/amr_controller)
[1.813s] DEBUG:colcon.colcon_core.event_handler.log_command:Invoking command in '/home/skytold/workspace/amr_ws/src/amr_py_examples': PYTHONPATH=/home/skytold/workspace/amr_ws/build/amr_py_examples/prefix_override:/usr/lib/python3/dist-packages/colcon_core/task/python/colcon_distutils_commands:/home/skytold/workspace/amr_ws/install/amr_py_examples/lib/python3.10/site-packages:${PYTHONPATH} /usr/bin/python3 -W ignore:setup.py install is deprecated -W ignore:easy_install command is deprecated setup.py egg_info --egg-base ../../build/amr_py_examples build --build-base /home/skytold/workspace/amr_ws/build/amr_py_examples/build install --record /home/skytold/workspace/amr_ws/build/amr_py_examples/install.log --single-version-externally-managed install_data
[2.633s] Level 1:colcon.colcon_core.environment:checking '/home/skytold/workspace/amr_ws/install/amr_py_examples' for CMake module files
[2.634s] DEBUG:colcon.colcon_core.event_handler.log_command:Invoked command in '/home/skytold/workspace/amr_ws/src/amr_py_examples' returned '0': PYTHONPATH=/home/skytold/workspace/amr_ws/build/amr_py_examples/prefix_override:/usr/lib/python3/dist-packages/colcon_core/task/python/colcon_distutils_commands:/home/skytold/workspace/amr_ws/install/amr_py_examples/lib/python3.10/site-packages:${PYTHONPATH} /usr/bin/python3 -W ignore:setup.py install is deprecated -W ignore:easy_install command is deprecated setup.py egg_info --egg-base ../../build/amr_py_examples build --build-base /home/skytold/workspace/amr_ws/build/amr_py_examples/build install --record /home/skytold/workspace/amr_ws/build/amr_py_examples/install.log --single-version-externally-managed install_data
[2.636s] Level 1:colcon.colcon_core.environment:checking '/home/skytold/workspace/amr_ws/install/amr_py_examples' for CMake config files
[2.638s] Level 1:colcon.colcon_core.environment:checking '/home/skytold/workspace/amr_ws/install/amr_py_examples/lib'
[2.638s] Level 1:colcon.colcon_core.environment:checking '/home/skytold/workspace/amr_ws/install/amr_py_examples/bin'
[2.638s] Level 1:colcon.colcon_core.environment:checking '/home/skytold/workspace/amr_ws/install/amr_py_examples/lib/pkgconfig/amr_py_examples.pc'
[2.639s] Level 1:colcon.colcon_core.environment:checking '/home/skytold/workspace/amr_ws/install/amr_py_examples/lib/python3.10/site-packages'
[2.639s] Level 1:colcon.colcon_core.shell:create_environment_hook('amr_py_examples', 'pythonpath')
[2.640s] INFO:colcon.colcon_core.shell:Creating environment hook '/home/skytold/workspace/amr_ws/install/amr_py_examples/share/amr_py_examples/hook/pythonpath.ps1'
[2.641s] INFO:colcon.colcon_core.shell:Creating environment descriptor '/home/skytold/workspace/amr_ws/install/amr_py_examples/share/amr_py_examples/hook/pythonpath.dsv'
[2.642s] INFO:colcon.colcon_core.shell:Creating environment hook '/home/skytold/workspace/amr_ws/install/amr_py_examples/share/amr_py_examples/hook/pythonpath.sh'
[2.644s] Level 1:colcon.colcon_core.environment:checking '/home/skytold/workspace/amr_ws/install/amr_py_examples/bin'
[2.644s] Level 1:colcon.colcon_core.environment:create_environment_scripts_only(amr_py_examples)
[2.645s] INFO:colcon.colcon_core.shell:Creating package script '/home/skytold/workspace/amr_ws/install/amr_py_examples/share/amr_py_examples/package.ps1'
[2.647s] INFO:colcon.colcon_core.shell:Creating package descriptor '/home/skytold/workspace/amr_ws/install/amr_py_examples/share/amr_py_examples/package.dsv'
[2.648s] INFO:colcon.colcon_core.shell:Creating package script '/home/skytold/workspace/amr_ws/install/amr_py_examples/share/amr_py_examples/package.sh'
[2.649s] INFO:colcon.colcon_core.shell:Creating package script '/home/skytold/workspace/amr_ws/install/amr_py_examples/share/amr_py_examples/package.bash'
[2.650s] INFO:colcon.colcon_core.shell:Creating package script '/home/skytold/workspace/amr_ws/install/amr_py_examples/share/amr_py_examples/package.zsh'
[2.651s] Level 1:colcon.colcon_core.environment:create_file_with_runtime_dependencies(/home/skytold/workspace/amr_ws/install/amr_py_examples/share/colcon-core/packages/amr_py_examples)
[2.651s] DEBUG:colcon.colcon_parallel_executor.executor.parallel:closing loop
[2.653s] DEBUG:colcon.colcon_parallel_executor.executor.parallel:loop closed
[2.654s] DEBUG:colcon.colcon_parallel_executor.executor.parallel:run_until_complete finished with '0'
[2.654s] DEBUG:colcon.colcon_core.event_reactor:joining thread
[2.672s] INFO:colcon.colcon_core.plugin_system:Skipping extension 'colcon_notification.desktop_notification.notify_send': Could not find 'notify-send'
[2.672s] INFO:colcon.colcon_core.plugin_system:Skipping extension 'colcon_notification.desktop_notification.terminal_notifier': Not used on non-Darwin systems
[2.673s] INFO:colcon.colcon_core.plugin_system:Skipping extension 'colcon_notification.desktop_notification.win32': Not used on non-Windows systems
[2.673s] INFO:colcon.colcon_notification.desktop_notification:Sending desktop notification using 'notify2'
[2.679s] DEBUG:colcon.colcon_notification.desktop_notification.notify2:Failed to initialize notify2: org.freedesktop.DBus.Error.Spawn.ExecFailed: /usr/bin/dbus-launch terminated abnormally without any error message
[2.680s] DEBUG:colcon.colcon_core.event_reactor:joined thread
[2.683s] INFO:colcon.colcon_core.shell:Creating prefix script '/home/skytold/workspace/amr_ws/install/local_setup.ps1'
[2.686s] INFO:colcon.colcon_core.shell:Creating prefix util module '/home/skytold/workspace/amr_ws/install/_local_setup_util_ps1.py'
[2.690s] INFO:colcon.colcon_core.shell:Creating prefix chain script '/home/skytold/workspace/amr_ws/install/setup.ps1'
[2.693s] INFO:colcon.colcon_core.shell:Creating prefix script '/home/skytold/workspace/amr_ws/install/local_setup.sh'
[2.695s] INFO:colcon.colcon_core.shell:Creating prefix util module '/home/skytold/workspace/amr_ws/install/_local_setup_util_sh.py'
[2.697s] INFO:colcon.colcon_core.shell:Creating prefix chain script '/home/skytold/workspace/amr_ws/install/setup.sh'
[2.700s] INFO:colcon.colcon_core.shell:Creating prefix script '/home/skytold/workspace/amr_ws/install/local_setup.bash'
[2.701s] INFO:colcon.colcon_core.shell:Creating prefix chain script '/home/skytold/workspace/amr_ws/install/setup.bash'
[2.704s] INFO:colcon.colcon_core.shell:Creating prefix script '/home/skytold/workspace/amr_ws/install/local_setup.zsh'
[2.705s] INFO:colcon.colcon_core.shell:Creating prefix chain script '/home/skytold/workspace/amr_ws/install/setup.zsh'
