-- Found ament_cmake: 1.3.12 (/opt/ros/humble/share/ament_cmake/cmake)
-- Found rclcpp: 16.0.15 (/opt/ros/humble/share/rclcpp/cmake)
-- Found rosidl_generator_c: 3.1.7 (/opt/ros/humble/share/rosidl_generator_c/cmake)
-- Found rosidl_adapter: 3.1.7 (/opt/ros/humble/share/rosidl_adapter/cmake)
-- Found rosidl_generator_cpp: 3.1.7 (/opt/ros/humble/share/rosidl_generator_cpp/cmake)
-- Using all available rosidl_typesupport_c: rosidl_typesupport_fastrtps_c;rosidl_typesupport_introspection_c
-- Using all available rosidl_typesupport_cpp: rosidl_typesupport_fastrtps_cpp;rosidl_typesupport_introspection_cpp
-- Found rmw_implementation_cmake: 6.1.2 (/opt/ros/humble/share/rmw_implementation_cmake/cmake)
-- Found rmw_fastrtps_cpp: 6.2.8 (/opt/ros/humble/share/rmw_fastrtps_cpp/cmake)
-- Using RMW implementation 'rmw_fastrtps_cpp' as default
-- Found rclpy: 3.3.17 (/opt/ros/humble/share/rclpy/cmake)
-- Found geometry_msgs: 4.9.0 (/opt/ros/humble/share/geometry_msgs/cmake)
-- Configuring done
-- Generating done
-- Build files have been written to: /home/skytold/workspace/amr_ws/build/amr_controller
[ 50%] [32mBuilding CXX object CMakeFiles/simple_controller.dir/src/simple_controller.cpp.o[0m
[ 50%] Built target ament_cmake_python_copy_amr_controller
running egg_info
creating amr_controller.egg-info
writing amr_controller.egg-info/PKG-INFO
writing dependency_links to amr_controller.egg-info/dependency_links.txt
writing top-level names to amr_controller.egg-info/top_level.txt
writing manifest file 'amr_controller.egg-info/SOURCES.txt'
reading manifest file 'amr_controller.egg-info/SOURCES.txt'
writing manifest file 'amr_controller.egg-info/SOURCES.txt'
[ 50%] Built target ament_cmake_python_build_amr_controller_egg
[100%] [32m[1mLinking CXX executable simple_controller[0m
[100%] Built target simple_controller
-- Install configuration: ""
-- Installing: /home/skytold/workspace/amr_ws/install/amr_controller/share/amr_controller/environment/pythonpath.sh
-- Installing: /home/skytold/workspace/amr_ws/install/amr_controller/share/amr_controller/environment/pythonpath.dsv
-- Installing: /home/skytold/workspace/amr_ws/install/amr_controller/local/lib/python3.10/dist-packages/amr_controller-0.0.0-py3.10.egg-info
-- Installing: /home/skytold/workspace/amr_ws/install/amr_controller/local/lib/python3.10/dist-packages/amr_controller-0.0.0-py3.10.egg-info/PKG-INFO
-- Installing: /home/skytold/workspace/amr_ws/install/amr_controller/local/lib/python3.10/dist-packages/amr_controller-0.0.0-py3.10.egg-info/SOURCES.txt
-- Installing: /home/skytold/workspace/amr_ws/install/amr_controller/local/lib/python3.10/dist-packages/amr_controller-0.0.0-py3.10.egg-info/dependency_links.txt
-- Installing: /home/skytold/workspace/amr_ws/install/amr_controller/local/lib/python3.10/dist-packages/amr_controller-0.0.0-py3.10.egg-info/top_level.txt
-- Installing: /home/skytold/workspace/amr_ws/install/amr_controller/local/lib/python3.10/dist-packages/amr_controller
-- Installing: /home/skytold/workspace/amr_ws/install/amr_controller/local/lib/python3.10/dist-packages/amr_controller/simple_controller.py
-- Installing: /home/skytold/workspace/amr_ws/install/amr_controller/local/lib/python3.10/dist-packages/amr_controller/__init__.py
Listing '/home/skytold/workspace/amr_ws/install/amr_controller/local/lib/python3.10/dist-packages/amr_controller'...
Compiling '/home/skytold/workspace/amr_ws/install/amr_controller/local/lib/python3.10/dist-packages/amr_controller/__init__.py'...
Compiling '/home/skytold/workspace/amr_ws/install/amr_controller/local/lib/python3.10/dist-packages/amr_controller/simple_controller.py'...
-- Installing: /home/skytold/workspace/amr_ws/install/amr_controller/include/include
-- Installing: /home/skytold/workspace/amr_ws/install/amr_controller/include/include/amr_controller
-- Installing: /home/skytold/workspace/amr_ws/install/amr_controller/include/include/amr_controller/simple_controller.hpp
-- Installing: /home/skytold/workspace/amr_ws/install/amr_controller/lib/amr_controller/simple_controller
-- Set runtime path of "/home/skytold/workspace/amr_ws/install/amr_controller/lib/amr_controller/simple_controller" to ""
-- Up-to-date: /home/skytold/workspace/amr_ws/install/amr_controller/share/amr_controller/launch
-- Installing: /home/skytold/workspace/amr_ws/install/amr_controller/share/amr_controller/launch/joystick_teleop.launch.py
-- Up-to-date: /home/skytold/workspace/amr_ws/install/amr_controller/share/amr_controller/launch/controller.launch.py
-- Up-to-date: /home/skytold/workspace/amr_ws/install/amr_controller/share/amr_controller/config
-- Up-to-date: /home/skytold/workspace/amr_ws/install/amr_controller/share/amr_controller/config/amr_controllers.yaml
-- Installing: /home/skytold/workspace/amr_ws/install/amr_controller/share/amr_controller/config/joy_config.yaml
-- Installing: /home/skytold/workspace/amr_ws/install/amr_controller/share/amr_controller/config/joy_teleop.yaml
-- Installing: /home/skytold/workspace/amr_ws/install/amr_controller/lib/amr_controller/simple_controller.py
-- Installing: /home/skytold/workspace/amr_ws/install/amr_controller/share/ament_index/resource_index/package_run_dependencies/amr_controller
-- Installing: /home/skytold/workspace/amr_ws/install/amr_controller/share/ament_index/resource_index/parent_prefix_path/amr_controller
-- Up-to-date: /home/skytold/workspace/amr_ws/install/amr_controller/share/amr_controller/environment/ament_prefix_path.sh
-- Installing: /home/skytold/workspace/amr_ws/install/amr_controller/share/amr_controller/environment/ament_prefix_path.dsv
-- Up-to-date: /home/skytold/workspace/amr_ws/install/amr_controller/share/amr_controller/environment/path.sh
-- Installing: /home/skytold/workspace/amr_ws/install/amr_controller/share/amr_controller/environment/path.dsv
-- Up-to-date: /home/skytold/workspace/amr_ws/install/amr_controller/share/amr_controller/local_setup.bash
-- Installing: /home/skytold/workspace/amr_ws/install/amr_controller/share/amr_controller/local_setup.sh
-- Up-to-date: /home/skytold/workspace/amr_ws/install/amr_controller/share/amr_controller/local_setup.zsh
-- Installing: /home/skytold/workspace/amr_ws/install/amr_controller/share/amr_controller/local_setup.dsv
-- Installing: /home/skytold/workspace/amr_ws/install/amr_controller/share/amr_controller/package.dsv
-- Up-to-date: /home/skytold/workspace/amr_ws/install/amr_controller/share/ament_index/resource_index/packages/amr_controller
-- Up-to-date: /home/skytold/workspace/amr_ws/install/amr_controller/share/amr_controller/cmake/amr_controllerConfig.cmake
-- Up-to-date: /home/skytold/workspace/amr_ws/install/amr_controller/share/amr_controller/cmake/amr_controllerConfig-version.cmake
-- Installing: /home/skytold/workspace/amr_ws/install/amr_controller/share/amr_controller/package.xml
