[0.378s] DEBUG:colcon:Command line arguments: ['/usr/bin/colcon', 'build']
[0.378s] DEBUG:colcon:Parsed command line arguments: Namespace(log_base=None, log_level=None, verb_name='build', build_base='build', install_base='install', merge_install=False, symlink_install=False, test_result_base=None, continue_on_error=False, executor='parallel', parallel_workers=20, event_handlers=None, ignore_user_meta=False, metas=['./colcon.meta'], base_paths=['.'], packages_ignore=None, packages_ignore_regex=None, paths=None, packages_up_to=None, packages_up_to_regex=None, packages_above=None, packages_above_and_dependencies=None, packages_above_depth=None, packages_select_by_dep=None, packages_skip_by_dep=None, packages_skip_up_to=None, packages_select_build_failed=False, packages_skip_build_finished=False, packages_select_test_failures=False, packages_skip_test_passed=False, packages_select=None, packages_skip=None, packages_select_regex=None, packages_skip_regex=None, packages_start=None, packages_end=None, allow_overriding=[], cmake_args=None, cmake_target=None, cmake_target_skip_unavailable=False, cmake_clean_cache=False, cmake_clean_first=False, cmake_force_configure=False, ament_cmake_args=None, catkin_cmake_args=None, catkin_skip_building_tests=False, mixin_files=None, mixin=None, verb_parser=<colcon_mixin.mixin.mixin_argument.MixinArgumentDecorator object at 0x79ed995adbd0>, verb_extension=<colcon_core.verb.build.BuildVerb object at 0x79ed996c2ad0>, main=<bound method BuildVerb.main of <colcon_core.verb.build.BuildVerb object at 0x79ed996c2ad0>>, mixin_verb=('build',))
[0.943s] Level 1:colcon.colcon_core.package_discovery:discover_packages(colcon_meta) check parameters
[0.944s] Level 1:colcon.colcon_core.package_discovery:discover_packages(recursive) check parameters
[0.944s] Level 1:colcon.colcon_core.package_discovery:discover_packages(ignore) check parameters
[0.944s] Level 1:colcon.colcon_core.package_discovery:discover_packages(path) check parameters
[0.944s] Level 1:colcon.colcon_core.package_discovery:discover_packages(colcon_meta) discover
[0.944s] Level 1:colcon.colcon_core.package_discovery:discover_packages(recursive) discover
[0.944s] INFO:colcon.colcon_core.package_discovery:Crawling recursively for packages in '/home/skytold/workspace/amr_ws'
[0.944s] Level 1:colcon.colcon_core.package_identification:_identify(.) by extensions ['ignore', 'ignore_ament_install']
[0.945s] Level 1:colcon.colcon_core.package_identification:_identify(.) by extension 'ignore'
[0.945s] Level 1:colcon.colcon_core.package_identification:_identify(.) by extension 'ignore_ament_install'
[0.945s] Level 1:colcon.colcon_core.package_identification:_identify(.) by extensions ['colcon_pkg']
[0.945s] Level 1:colcon.colcon_core.package_identification:_identify(.) by extension 'colcon_pkg'
[0.945s] Level 1:colcon.colcon_core.package_identification:_identify(.) by extensions ['colcon_meta']
[0.945s] Level 1:colcon.colcon_core.package_identification:_identify(.) by extension 'colcon_meta'
[0.945s] Level 1:colcon.colcon_core.package_identification:_identify(.) by extensions ['ros']
[0.945s] Level 1:colcon.colcon_core.package_identification:_identify(.) by extension 'ros'
[0.967s] Level 1:colcon.colcon_core.package_identification:_identify(.) by extensions ['cmake', 'python']
[0.967s] Level 1:colcon.colcon_core.package_identification:_identify(.) by extension 'cmake'
[0.967s] Level 1:colcon.colcon_core.package_identification:_identify(.) by extension 'python'
[0.967s] Level 1:colcon.colcon_core.package_identification:_identify(.) by extensions ['python_setup_py']
[0.967s] Level 1:colcon.colcon_core.package_identification:_identify(.) by extension 'python_setup_py'
[0.967s] Level 1:colcon.colcon_core.package_identification:_identify(build) by extensions ['ignore', 'ignore_ament_install']
[0.967s] Level 1:colcon.colcon_core.package_identification:_identify(build) by extension 'ignore'
[0.967s] Level 1:colcon.colcon_core.package_identification:_identify(build) ignored
[0.968s] Level 1:colcon.colcon_core.package_identification:_identify(install) by extensions ['ignore', 'ignore_ament_install']
[0.968s] Level 1:colcon.colcon_core.package_identification:_identify(install) by extension 'ignore'
[0.968s] Level 1:colcon.colcon_core.package_identification:_identify(install) ignored
[0.968s] Level 1:colcon.colcon_core.package_identification:_identify(log) by extensions ['ignore', 'ignore_ament_install']
[0.968s] Level 1:colcon.colcon_core.package_identification:_identify(log) by extension 'ignore'
[0.968s] Level 1:colcon.colcon_core.package_identification:_identify(log) ignored
[0.968s] Level 1:colcon.colcon_core.package_identification:_identify(src) by extensions ['ignore', 'ignore_ament_install']
[0.968s] Level 1:colcon.colcon_core.package_identification:_identify(src) by extension 'ignore'
[0.969s] Level 1:colcon.colcon_core.package_identification:_identify(src) by extension 'ignore_ament_install'
[0.969s] Level 1:colcon.colcon_core.package_identification:_identify(src) by extensions ['colcon_pkg']
[0.969s] Level 1:colcon.colcon_core.package_identification:_identify(src) by extension 'colcon_pkg'
[0.969s] Level 1:colcon.colcon_core.package_identification:_identify(src) by extensions ['colcon_meta']
[0.969s] Level 1:colcon.colcon_core.package_identification:_identify(src) by extension 'colcon_meta'
[0.969s] Level 1:colcon.colcon_core.package_identification:_identify(src) by extensions ['ros']
[0.969s] Level 1:colcon.colcon_core.package_identification:_identify(src) by extension 'ros'
[0.969s] Level 1:colcon.colcon_core.package_identification:_identify(src) by extensions ['cmake', 'python']
[0.969s] Level 1:colcon.colcon_core.package_identification:_identify(src) by extension 'cmake'
[0.969s] Level 1:colcon.colcon_core.package_identification:_identify(src) by extension 'python'
[0.969s] Level 1:colcon.colcon_core.package_identification:_identify(src) by extensions ['python_setup_py']
[0.969s] Level 1:colcon.colcon_core.package_identification:_identify(src) by extension 'python_setup_py'
[0.969s] Level 1:colcon.colcon_core.package_identification:_identify(src/amr_cpp_examples) by extensions ['ignore', 'ignore_ament_install']
[0.970s] Level 1:colcon.colcon_core.package_identification:_identify(src/amr_cpp_examples) by extension 'ignore'
[0.970s] Level 1:colcon.colcon_core.package_identification:_identify(src/amr_cpp_examples) by extension 'ignore_ament_install'
[0.970s] Level 1:colcon.colcon_core.package_identification:_identify(src/amr_cpp_examples) by extensions ['colcon_pkg']
[0.970s] Level 1:colcon.colcon_core.package_identification:_identify(src/amr_cpp_examples) by extension 'colcon_pkg'
[0.970s] Level 1:colcon.colcon_core.package_identification:_identify(src/amr_cpp_examples) by extensions ['colcon_meta']
[0.970s] Level 1:colcon.colcon_core.package_identification:_identify(src/amr_cpp_examples) by extension 'colcon_meta'
[0.970s] Level 1:colcon.colcon_core.package_identification:_identify(src/amr_cpp_examples) by extensions ['ros']
[0.970s] Level 1:colcon.colcon_core.package_identification:_identify(src/amr_cpp_examples) by extension 'ros'
[0.976s] DEBUG:colcon.colcon_core.package_identification:Package 'src/amr_cpp_examples' with type 'ros.ament_cmake' and name 'amr_cpp_examples'
[0.976s] Level 1:colcon.colcon_core.package_identification:_identify(src/amr_description) by extensions ['ignore', 'ignore_ament_install']
[0.976s] Level 1:colcon.colcon_core.package_identification:_identify(src/amr_description) by extension 'ignore'
[0.977s] Level 1:colcon.colcon_core.package_identification:_identify(src/amr_description) by extension 'ignore_ament_install'
[0.977s] Level 1:colcon.colcon_core.package_identification:_identify(src/amr_description) by extensions ['colcon_pkg']
[0.977s] Level 1:colcon.colcon_core.package_identification:_identify(src/amr_description) by extension 'colcon_pkg'
[0.977s] Level 1:colcon.colcon_core.package_identification:_identify(src/amr_description) by extensions ['colcon_meta']
[0.977s] Level 1:colcon.colcon_core.package_identification:_identify(src/amr_description) by extension 'colcon_meta'
[0.977s] Level 1:colcon.colcon_core.package_identification:_identify(src/amr_description) by extensions ['ros']
[0.977s] Level 1:colcon.colcon_core.package_identification:_identify(src/amr_description) by extension 'ros'
[0.978s] DEBUG:colcon.colcon_core.package_identification:Package 'src/amr_description' with type 'ros.ament_cmake' and name 'amr_description'
[0.978s] Level 1:colcon.colcon_core.package_identification:_identify(src/amr_py_examples) by extensions ['ignore', 'ignore_ament_install']
[0.978s] Level 1:colcon.colcon_core.package_identification:_identify(src/amr_py_examples) by extension 'ignore'
[0.978s] Level 1:colcon.colcon_core.package_identification:_identify(src/amr_py_examples) by extension 'ignore_ament_install'
[0.979s] Level 1:colcon.colcon_core.package_identification:_identify(src/amr_py_examples) by extensions ['colcon_pkg']
[0.979s] Level 1:colcon.colcon_core.package_identification:_identify(src/amr_py_examples) by extension 'colcon_pkg'
[0.979s] Level 1:colcon.colcon_core.package_identification:_identify(src/amr_py_examples) by extensions ['colcon_meta']
[0.979s] Level 1:colcon.colcon_core.package_identification:_identify(src/amr_py_examples) by extension 'colcon_meta'
[0.979s] Level 1:colcon.colcon_core.package_identification:_identify(src/amr_py_examples) by extensions ['ros']
[0.979s] Level 1:colcon.colcon_core.package_identification:_identify(src/amr_py_examples) by extension 'ros'
[0.980s] DEBUG:colcon.colcon_core.package_identification:Package 'src/amr_py_examples' with type 'ros.ament_python' and name 'amr_py_examples'
[0.980s] Level 1:colcon.colcon_core.package_discovery:discover_packages(recursive) using defaults
[0.980s] Level 1:colcon.colcon_core.package_discovery:discover_packages(ignore) discover
[0.980s] Level 1:colcon.colcon_core.package_discovery:discover_packages(ignore) using defaults
[0.980s] Level 1:colcon.colcon_core.package_discovery:discover_packages(path) discover
[0.980s] Level 1:colcon.colcon_core.package_discovery:discover_packages(path) using defaults
[1.094s] Level 1:colcon.colcon_core.package_discovery:discover_packages(prefix_path) check parameters
[1.094s] Level 1:colcon.colcon_core.package_discovery:discover_packages(prefix_path) discover
[1.101s] DEBUG:colcon.colcon_installed_package_information.package_discovery:Found 3 installed packages in /home/skytold/workspace/amr_ws/install
[1.106s] DEBUG:colcon.colcon_installed_package_information.package_discovery:Found 380 installed packages in /opt/ros/humble
[1.111s] Level 1:colcon.colcon_core.package_discovery:discover_packages(prefix_path) using defaults
[1.253s] Level 5:colcon.colcon_core.verb:set package 'amr_cpp_examples' build argument 'cmake_args' from command line to 'None'
[1.254s] Level 5:colcon.colcon_core.verb:set package 'amr_cpp_examples' build argument 'cmake_target' from command line to 'None'
[1.254s] Level 5:colcon.colcon_core.verb:set package 'amr_cpp_examples' build argument 'cmake_target_skip_unavailable' from command line to 'False'
[1.254s] Level 5:colcon.colcon_core.verb:set package 'amr_cpp_examples' build argument 'cmake_clean_cache' from command line to 'False'
[1.254s] Level 5:colcon.colcon_core.verb:set package 'amr_cpp_examples' build argument 'cmake_clean_first' from command line to 'False'
[1.254s] Level 5:colcon.colcon_core.verb:set package 'amr_cpp_examples' build argument 'cmake_force_configure' from command line to 'False'
[1.254s] Level 5:colcon.colcon_core.verb:set package 'amr_cpp_examples' build argument 'ament_cmake_args' from command line to 'None'
[1.254s] Level 5:colcon.colcon_core.verb:set package 'amr_cpp_examples' build argument 'catkin_cmake_args' from command line to 'None'
[1.254s] Level 5:colcon.colcon_core.verb:set package 'amr_cpp_examples' build argument 'catkin_skip_building_tests' from command line to 'False'
[1.254s] DEBUG:colcon.colcon_core.verb:Building package 'amr_cpp_examples' with the following arguments: {'ament_cmake_args': None, 'build_base': '/home/skytold/workspace/amr_ws/build/amr_cpp_examples', 'catkin_cmake_args': None, 'catkin_skip_building_tests': False, 'cmake_args': None, 'cmake_clean_cache': False, 'cmake_clean_first': False, 'cmake_force_configure': False, 'cmake_target': None, 'cmake_target_skip_unavailable': False, 'install_base': '/home/skytold/workspace/amr_ws/install/amr_cpp_examples', 'merge_install': False, 'path': '/home/skytold/workspace/amr_ws/src/amr_cpp_examples', 'symlink_install': False, 'test_result_base': None}
[1.255s] Level 5:colcon.colcon_core.verb:set package 'amr_description' build argument 'cmake_args' from command line to 'None'
[1.255s] Level 5:colcon.colcon_core.verb:set package 'amr_description' build argument 'cmake_target' from command line to 'None'
[1.255s] Level 5:colcon.colcon_core.verb:set package 'amr_description' build argument 'cmake_target_skip_unavailable' from command line to 'False'
[1.255s] Level 5:colcon.colcon_core.verb:set package 'amr_description' build argument 'cmake_clean_cache' from command line to 'False'
[1.255s] Level 5:colcon.colcon_core.verb:set package 'amr_description' build argument 'cmake_clean_first' from command line to 'False'
[1.255s] Level 5:colcon.colcon_core.verb:set package 'amr_description' build argument 'cmake_force_configure' from command line to 'False'
[1.255s] Level 5:colcon.colcon_core.verb:set package 'amr_description' build argument 'ament_cmake_args' from command line to 'None'
[1.255s] Level 5:colcon.colcon_core.verb:set package 'amr_description' build argument 'catkin_cmake_args' from command line to 'None'
[1.255s] Level 5:colcon.colcon_core.verb:set package 'amr_description' build argument 'catkin_skip_building_tests' from command line to 'False'
[1.255s] DEBUG:colcon.colcon_core.verb:Building package 'amr_description' with the following arguments: {'ament_cmake_args': None, 'build_base': '/home/skytold/workspace/amr_ws/build/amr_description', 'catkin_cmake_args': None, 'catkin_skip_building_tests': False, 'cmake_args': None, 'cmake_clean_cache': False, 'cmake_clean_first': False, 'cmake_force_configure': False, 'cmake_target': None, 'cmake_target_skip_unavailable': False, 'install_base': '/home/skytold/workspace/amr_ws/install/amr_description', 'merge_install': False, 'path': '/home/skytold/workspace/amr_ws/src/amr_description', 'symlink_install': False, 'test_result_base': None}
[1.256s] Level 5:colcon.colcon_core.verb:set package 'amr_py_examples' build argument 'cmake_args' from command line to 'None'
[1.256s] Level 5:colcon.colcon_core.verb:set package 'amr_py_examples' build argument 'cmake_target' from command line to 'None'
[1.256s] Level 5:colcon.colcon_core.verb:set package 'amr_py_examples' build argument 'cmake_target_skip_unavailable' from command line to 'False'
[1.256s] Level 5:colcon.colcon_core.verb:set package 'amr_py_examples' build argument 'cmake_clean_cache' from command line to 'False'
[1.256s] Level 5:colcon.colcon_core.verb:set package 'amr_py_examples' build argument 'cmake_clean_first' from command line to 'False'
[1.256s] Level 5:colcon.colcon_core.verb:set package 'amr_py_examples' build argument 'cmake_force_configure' from command line to 'False'
[1.256s] Level 5:colcon.colcon_core.verb:set package 'amr_py_examples' build argument 'ament_cmake_args' from command line to 'None'
[1.256s] Level 5:colcon.colcon_core.verb:set package 'amr_py_examples' build argument 'catkin_cmake_args' from command line to 'None'
[1.256s] Level 5:colcon.colcon_core.verb:set package 'amr_py_examples' build argument 'catkin_skip_building_tests' from command line to 'False'
[1.257s] DEBUG:colcon.colcon_core.verb:Building package 'amr_py_examples' with the following arguments: {'ament_cmake_args': None, 'build_base': '/home/skytold/workspace/amr_ws/build/amr_py_examples', 'catkin_cmake_args': None, 'catkin_skip_building_tests': False, 'cmake_args': None, 'cmake_clean_cache': False, 'cmake_clean_first': False, 'cmake_force_configure': False, 'cmake_target': None, 'cmake_target_skip_unavailable': False, 'install_base': '/home/skytold/workspace/amr_ws/install/amr_py_examples', 'merge_install': False, 'path': '/home/skytold/workspace/amr_ws/src/amr_py_examples', 'symlink_install': False, 'test_result_base': None}
[1.257s] INFO:colcon.colcon_core.executor:Executing jobs using 'parallel' executor
[1.259s] DEBUG:colcon.colcon_parallel_executor.executor.parallel:run_until_complete
[1.259s] INFO:colcon.colcon_ros.task.ament_cmake.build:Building ROS package in '/home/skytold/workspace/amr_ws/src/amr_cpp_examples' with build type 'ament_cmake'
[1.259s] INFO:colcon.colcon_cmake.task.cmake.build:Building CMake package in '/home/skytold/workspace/amr_ws/src/amr_cpp_examples'
[1.268s] INFO:colcon.colcon_core.plugin_system:Skipping extension 'colcon_core.shell.bat': Not used on non-Windows systems
[1.268s] INFO:colcon.colcon_core.shell:Skip shell extension 'powershell' for command environment: Not usable outside of PowerShell
[1.268s] DEBUG:colcon.colcon_core.shell:Skip shell extension 'dsv' for command environment
[1.275s] INFO:colcon.colcon_ros.task.ament_cmake.build:Building ROS package in '/home/skytold/workspace/amr_ws/src/amr_description' with build type 'ament_cmake'
[1.275s] INFO:colcon.colcon_cmake.task.cmake.build:Building CMake package in '/home/skytold/workspace/amr_ws/src/amr_description'
[1.276s] INFO:colcon.colcon_core.shell:Skip shell extension 'powershell' for command environment: Not usable outside of PowerShell
[1.276s] DEBUG:colcon.colcon_core.shell:Skip shell extension 'dsv' for command environment
[1.283s] INFO:colcon.colcon_ros.task.ament_python.build:Building ROS package in '/home/skytold/workspace/amr_ws/src/amr_py_examples' with build type 'ament_python'
[1.284s] Level 1:colcon.colcon_core.shell:create_environment_hook('amr_py_examples', 'ament_prefix_path')
[1.284s] INFO:colcon.colcon_core.shell:Creating environment hook '/home/skytold/workspace/amr_ws/install/amr_py_examples/share/amr_py_examples/hook/ament_prefix_path.ps1'
[1.286s] INFO:colcon.colcon_core.shell:Creating environment descriptor '/home/skytold/workspace/amr_ws/install/amr_py_examples/share/amr_py_examples/hook/ament_prefix_path.dsv'
[1.287s] INFO:colcon.colcon_core.shell:Creating environment hook '/home/skytold/workspace/amr_ws/install/amr_py_examples/share/amr_py_examples/hook/ament_prefix_path.sh'
[1.288s] INFO:colcon.colcon_core.shell:Skip shell extension 'powershell' for command environment: Not usable outside of PowerShell
[1.289s] DEBUG:colcon.colcon_core.shell:Skip shell extension 'dsv' for command environment
[1.316s] DEBUG:colcon.colcon_core.event_handler.log_command:Invoking command in '/home/skytold/workspace/amr_ws/build/amr_cpp_examples': CMAKE_PREFIX_PATH=${CMAKE_PREFIX_PATH}:/home/skytold/workspace/amr_ws/install/amr_py_examples:/opt/ros/humble /usr/bin/cmake --build /home/skytold/workspace/amr_ws/build/amr_cpp_examples -- -j20 -l20
[1.336s] DEBUG:colcon.colcon_core.event_handler.log_command:Invoking command in '/home/skytold/workspace/amr_ws/build/amr_description': CMAKE_PREFIX_PATH=${CMAKE_PREFIX_PATH}:/home/skytold/workspace/amr_ws/install/amr_py_examples:/opt/ros/humble /usr/bin/cmake --build /home/skytold/workspace/amr_ws/build/amr_description -- -j20 -l20
[2.002s] INFO:colcon.colcon_core.task.python.build:Building Python package in '/home/skytold/workspace/amr_ws/src/amr_py_examples'
[2.003s] INFO:colcon.colcon_core.shell:Skip shell extension 'powershell' for command environment: Not usable outside of PowerShell
[2.004s] DEBUG:colcon.colcon_core.shell:Skip shell extension 'dsv' for command environment
[2.028s] DEBUG:colcon.colcon_core.event_handler.log_command:Invoked command in '/home/skytold/workspace/amr_ws/build/amr_cpp_examples' returned '0': CMAKE_PREFIX_PATH=${CMAKE_PREFIX_PATH}:/home/skytold/workspace/amr_ws/install/amr_py_examples:/opt/ros/humble /usr/bin/cmake --build /home/skytold/workspace/amr_ws/build/amr_cpp_examples -- -j20 -l20
[2.059s] DEBUG:colcon.colcon_core.event_handler.log_command:Invoking command in '/home/skytold/workspace/amr_ws/build/amr_cpp_examples': CMAKE_PREFIX_PATH=${CMAKE_PREFIX_PATH}:/home/skytold/workspace/amr_ws/install/amr_py_examples:/opt/ros/humble /usr/bin/cmake --install /home/skytold/workspace/amr_ws/build/amr_cpp_examples
[2.090s] Level 1:colcon.colcon_core.environment:create_environment_scripts_only(amr_cpp_examples)
[2.092s] DEBUG:colcon.colcon_core.event_handler.log_command:Invoked command in '/home/skytold/workspace/amr_ws/build/amr_cpp_examples' returned '0': CMAKE_PREFIX_PATH=${CMAKE_PREFIX_PATH}:/home/skytold/workspace/amr_ws/install/amr_py_examples:/opt/ros/humble /usr/bin/cmake --install /home/skytold/workspace/amr_ws/build/amr_cpp_examples
[2.110s] Level 1:colcon.colcon_core.environment:checking '/home/skytold/workspace/amr_ws/install/amr_cpp_examples' for CMake module files
[2.112s] Level 1:colcon.colcon_core.environment:checking '/home/skytold/workspace/amr_ws/install/amr_cpp_examples' for CMake config files
[2.113s] Level 1:colcon.colcon_core.shell:create_environment_hook('amr_cpp_examples', 'cmake_prefix_path')
[2.114s] INFO:colcon.colcon_core.shell:Creating environment hook '/home/skytold/workspace/amr_ws/install/amr_cpp_examples/share/amr_cpp_examples/hook/cmake_prefix_path.ps1'
[2.116s] INFO:colcon.colcon_core.shell:Creating environment descriptor '/home/skytold/workspace/amr_ws/install/amr_cpp_examples/share/amr_cpp_examples/hook/cmake_prefix_path.dsv'
[2.117s] INFO:colcon.colcon_core.shell:Creating environment hook '/home/skytold/workspace/amr_ws/install/amr_cpp_examples/share/amr_cpp_examples/hook/cmake_prefix_path.sh'
[2.120s] Level 1:colcon.colcon_core.environment:checking '/home/skytold/workspace/amr_ws/install/amr_cpp_examples/lib'
[2.121s] Level 1:colcon.colcon_core.environment:checking '/home/skytold/workspace/amr_ws/install/amr_cpp_examples/bin'
[2.121s] Level 1:colcon.colcon_core.environment:checking '/home/skytold/workspace/amr_ws/install/amr_cpp_examples/lib/pkgconfig/amr_cpp_examples.pc'
[2.122s] Level 1:colcon.colcon_core.environment:checking '/home/skytold/workspace/amr_ws/install/amr_cpp_examples/lib/python3.10/site-packages'
[2.123s] Level 1:colcon.colcon_core.environment:checking '/home/skytold/workspace/amr_ws/install/amr_cpp_examples/bin'
[2.124s] INFO:colcon.colcon_core.shell:Creating package script '/home/skytold/workspace/amr_ws/install/amr_cpp_examples/share/amr_cpp_examples/package.ps1'
[2.127s] INFO:colcon.colcon_core.shell:Creating package descriptor '/home/skytold/workspace/amr_ws/install/amr_cpp_examples/share/amr_cpp_examples/package.dsv'
[2.129s] INFO:colcon.colcon_core.shell:Creating package script '/home/skytold/workspace/amr_ws/install/amr_cpp_examples/share/amr_cpp_examples/package.sh'
[2.132s] INFO:colcon.colcon_core.shell:Creating package script '/home/skytold/workspace/amr_ws/install/amr_cpp_examples/share/amr_cpp_examples/package.bash'
[2.140s] INFO:colcon.colcon_core.shell:Creating package script '/home/skytold/workspace/amr_ws/install/amr_cpp_examples/share/amr_cpp_examples/package.zsh'
[2.147s] Level 1:colcon.colcon_core.environment:create_file_with_runtime_dependencies(/home/skytold/workspace/amr_ws/install/amr_cpp_examples/share/colcon-core/packages/amr_cpp_examples)
[2.149s] Level 1:colcon.colcon_core.environment:create_environment_scripts_only(amr_cpp_examples)
[2.150s] Level 1:colcon.colcon_core.environment:checking '/home/skytold/workspace/amr_ws/install/amr_cpp_examples' for CMake module files
[2.151s] Level 1:colcon.colcon_core.environment:checking '/home/skytold/workspace/amr_ws/install/amr_cpp_examples' for CMake config files
[2.151s] Level 1:colcon.colcon_core.shell:create_environment_hook('amr_cpp_examples', 'cmake_prefix_path')
[2.152s] INFO:colcon.colcon_core.shell:Creating environment hook '/home/skytold/workspace/amr_ws/install/amr_cpp_examples/share/amr_cpp_examples/hook/cmake_prefix_path.ps1'
[2.153s] INFO:colcon.colcon_core.shell:Creating environment descriptor '/home/skytold/workspace/amr_ws/install/amr_cpp_examples/share/amr_cpp_examples/hook/cmake_prefix_path.dsv'
[2.155s] INFO:colcon.colcon_core.shell:Creating environment hook '/home/skytold/workspace/amr_ws/install/amr_cpp_examples/share/amr_cpp_examples/hook/cmake_prefix_path.sh'
[2.156s] Level 1:colcon.colcon_core.environment:checking '/home/skytold/workspace/amr_ws/install/amr_cpp_examples/lib'
[2.157s] Level 1:colcon.colcon_core.environment:checking '/home/skytold/workspace/amr_ws/install/amr_cpp_examples/bin'
[2.157s] Level 1:colcon.colcon_core.environment:checking '/home/skytold/workspace/amr_ws/install/amr_cpp_examples/lib/pkgconfig/amr_cpp_examples.pc'
[2.157s] Level 1:colcon.colcon_core.environment:checking '/home/skytold/workspace/amr_ws/install/amr_cpp_examples/lib/python3.10/site-packages'
[2.158s] Level 1:colcon.colcon_core.environment:checking '/home/skytold/workspace/amr_ws/install/amr_cpp_examples/bin'
[2.159s] INFO:colcon.colcon_core.shell:Creating package script '/home/skytold/workspace/amr_ws/install/amr_cpp_examples/share/amr_cpp_examples/package.ps1'
[2.160s] INFO:colcon.colcon_core.shell:Creating package descriptor '/home/skytold/workspace/amr_ws/install/amr_cpp_examples/share/amr_cpp_examples/package.dsv'
[2.162s] INFO:colcon.colcon_core.shell:Creating package script '/home/skytold/workspace/amr_ws/install/amr_cpp_examples/share/amr_cpp_examples/package.sh'
[2.165s] INFO:colcon.colcon_core.shell:Creating package script '/home/skytold/workspace/amr_ws/install/amr_cpp_examples/share/amr_cpp_examples/package.bash'
[2.166s] INFO:colcon.colcon_core.shell:Creating package script '/home/skytold/workspace/amr_ws/install/amr_cpp_examples/share/amr_cpp_examples/package.zsh'
[2.167s] Level 1:colcon.colcon_core.environment:create_file_with_runtime_dependencies(/home/skytold/workspace/amr_ws/install/amr_cpp_examples/share/colcon-core/packages/amr_cpp_examples)
[2.172s] DEBUG:colcon.colcon_core.event_handler.log_command:Invoked command in '/home/skytold/workspace/amr_ws/build/amr_description' returned '0': CMAKE_PREFIX_PATH=${CMAKE_PREFIX_PATH}:/home/skytold/workspace/amr_ws/install/amr_py_examples:/opt/ros/humble /usr/bin/cmake --build /home/skytold/workspace/amr_ws/build/amr_description -- -j20 -l20
[2.177s] DEBUG:colcon.colcon_core.event_handler.log_command:Invoking command in '/home/skytold/workspace/amr_ws/build/amr_description': CMAKE_PREFIX_PATH=${CMAKE_PREFIX_PATH}:/home/skytold/workspace/amr_ws/install/amr_py_examples:/opt/ros/humble /usr/bin/cmake --install /home/skytold/workspace/amr_ws/build/amr_description
[2.202s] Level 1:colcon.colcon_core.environment:create_environment_scripts_only(amr_description)
[2.204s] Level 1:colcon.colcon_core.environment:checking '/home/skytold/workspace/amr_ws/install/amr_description' for CMake module files
[2.205s] DEBUG:colcon.colcon_core.event_handler.log_command:Invoked command in '/home/skytold/workspace/amr_ws/build/amr_description' returned '0': CMAKE_PREFIX_PATH=${CMAKE_PREFIX_PATH}:/home/skytold/workspace/amr_ws/install/amr_py_examples:/opt/ros/humble /usr/bin/cmake --install /home/skytold/workspace/amr_ws/build/amr_description
[2.206s] Level 1:colcon.colcon_core.environment:checking '/home/skytold/workspace/amr_ws/install/amr_description' for CMake config files
[2.206s] Level 1:colcon.colcon_core.shell:create_environment_hook('amr_description', 'cmake_prefix_path')
[2.207s] INFO:colcon.colcon_core.shell:Creating environment hook '/home/skytold/workspace/amr_ws/install/amr_description/share/amr_description/hook/cmake_prefix_path.ps1'
[2.208s] INFO:colcon.colcon_core.shell:Creating environment descriptor '/home/skytold/workspace/amr_ws/install/amr_description/share/amr_description/hook/cmake_prefix_path.dsv'
[2.209s] INFO:colcon.colcon_core.shell:Creating environment hook '/home/skytold/workspace/amr_ws/install/amr_description/share/amr_description/hook/cmake_prefix_path.sh'
[2.211s] Level 1:colcon.colcon_core.environment:checking '/home/skytold/workspace/amr_ws/install/amr_description/bin'
[2.211s] Level 1:colcon.colcon_core.environment:checking '/home/skytold/workspace/amr_ws/install/amr_description/lib/pkgconfig/amr_description.pc'
[2.212s] Level 1:colcon.colcon_core.environment:checking '/home/skytold/workspace/amr_ws/install/amr_description/lib/python3.10/site-packages'
[2.212s] Level 1:colcon.colcon_core.environment:checking '/home/skytold/workspace/amr_ws/install/amr_description/bin'
[2.213s] INFO:colcon.colcon_core.shell:Creating package script '/home/skytold/workspace/amr_ws/install/amr_description/share/amr_description/package.ps1'
[2.214s] INFO:colcon.colcon_core.shell:Creating package descriptor '/home/skytold/workspace/amr_ws/install/amr_description/share/amr_description/package.dsv'
[2.215s] INFO:colcon.colcon_core.shell:Creating package script '/home/skytold/workspace/amr_ws/install/amr_description/share/amr_description/package.sh'
[2.216s] INFO:colcon.colcon_core.shell:Creating package script '/home/skytold/workspace/amr_ws/install/amr_description/share/amr_description/package.bash'
[2.217s] INFO:colcon.colcon_core.shell:Creating package script '/home/skytold/workspace/amr_ws/install/amr_description/share/amr_description/package.zsh'
[2.217s] Level 1:colcon.colcon_core.environment:create_file_with_runtime_dependencies(/home/skytold/workspace/amr_ws/install/amr_description/share/colcon-core/packages/amr_description)
[2.218s] Level 1:colcon.colcon_core.environment:create_environment_scripts_only(amr_description)
[2.219s] Level 1:colcon.colcon_core.environment:checking '/home/skytold/workspace/amr_ws/install/amr_description' for CMake module files
[2.220s] Level 1:colcon.colcon_core.environment:checking '/home/skytold/workspace/amr_ws/install/amr_description' for CMake config files
[2.220s] Level 1:colcon.colcon_core.shell:create_environment_hook('amr_description', 'cmake_prefix_path')
[2.221s] INFO:colcon.colcon_core.shell:Creating environment hook '/home/skytold/workspace/amr_ws/install/amr_description/share/amr_description/hook/cmake_prefix_path.ps1'
[2.222s] INFO:colcon.colcon_core.shell:Creating environment descriptor '/home/skytold/workspace/amr_ws/install/amr_description/share/amr_description/hook/cmake_prefix_path.dsv'
[2.223s] INFO:colcon.colcon_core.shell:Creating environment hook '/home/skytold/workspace/amr_ws/install/amr_description/share/amr_description/hook/cmake_prefix_path.sh'
[2.224s] Level 1:colcon.colcon_core.environment:checking '/home/skytold/workspace/amr_ws/install/amr_description/bin'
[2.224s] Level 1:colcon.colcon_core.environment:checking '/home/skytold/workspace/amr_ws/install/amr_description/lib/pkgconfig/amr_description.pc'
[2.224s] Level 1:colcon.colcon_core.environment:checking '/home/skytold/workspace/amr_ws/install/amr_description/lib/python3.10/site-packages'
[2.225s] Level 1:colcon.colcon_core.environment:checking '/home/skytold/workspace/amr_ws/install/amr_description/bin'
[2.225s] INFO:colcon.colcon_core.shell:Creating package script '/home/skytold/workspace/amr_ws/install/amr_description/share/amr_description/package.ps1'
[2.227s] INFO:colcon.colcon_core.shell:Creating package descriptor '/home/skytold/workspace/amr_ws/install/amr_description/share/amr_description/package.dsv'
[2.227s] INFO:colcon.colcon_core.shell:Creating package script '/home/skytold/workspace/amr_ws/install/amr_description/share/amr_description/package.sh'
[2.228s] INFO:colcon.colcon_core.shell:Creating package script '/home/skytold/workspace/amr_ws/install/amr_description/share/amr_description/package.bash'
[2.229s] INFO:colcon.colcon_core.shell:Creating package script '/home/skytold/workspace/amr_ws/install/amr_description/share/amr_description/package.zsh'
[2.230s] Level 1:colcon.colcon_core.environment:create_file_with_runtime_dependencies(/home/skytold/workspace/amr_ws/install/amr_description/share/colcon-core/packages/amr_description)
[3.064s] DEBUG:colcon.colcon_core.event_handler.log_command:Invoking command in '/home/skytold/workspace/amr_ws/src/amr_py_examples': PYTHONPATH=/home/skytold/workspace/amr_ws/build/amr_py_examples/prefix_override:/usr/lib/python3/dist-packages/colcon_core/task/python/colcon_distutils_commands:/home/skytold/workspace/amr_ws/install/amr_py_examples/lib/python3.10/site-packages:${PYTHONPATH} /usr/bin/python3 -W ignore:setup.py install is deprecated -W ignore:easy_install command is deprecated setup.py egg_info --egg-base ../../build/amr_py_examples build --build-base /home/skytold/workspace/amr_ws/build/amr_py_examples/build install --record /home/skytold/workspace/amr_ws/build/amr_py_examples/install.log --single-version-externally-managed install_data
[3.740s] Level 1:colcon.colcon_core.environment:checking '/home/skytold/workspace/amr_ws/install/amr_py_examples' for CMake module files
[3.742s] Level 1:colcon.colcon_core.environment:checking '/home/skytold/workspace/amr_ws/install/amr_py_examples' for CMake config files
[3.743s] DEBUG:colcon.colcon_core.event_handler.log_command:Invoked command in '/home/skytold/workspace/amr_ws/src/amr_py_examples' returned '0': PYTHONPATH=/home/skytold/workspace/amr_ws/build/amr_py_examples/prefix_override:/usr/lib/python3/dist-packages/colcon_core/task/python/colcon_distutils_commands:/home/skytold/workspace/amr_ws/install/amr_py_examples/lib/python3.10/site-packages:${PYTHONPATH} /usr/bin/python3 -W ignore:setup.py install is deprecated -W ignore:easy_install command is deprecated setup.py egg_info --egg-base ../../build/amr_py_examples build --build-base /home/skytold/workspace/amr_ws/build/amr_py_examples/build install --record /home/skytold/workspace/amr_ws/build/amr_py_examples/install.log --single-version-externally-managed install_data
[3.745s] Level 1:colcon.colcon_core.environment:checking '/home/skytold/workspace/amr_ws/install/amr_py_examples/lib'
[3.745s] Level 1:colcon.colcon_core.environment:checking '/home/skytold/workspace/amr_ws/install/amr_py_examples/bin'
[3.746s] Level 1:colcon.colcon_core.environment:checking '/home/skytold/workspace/amr_ws/install/amr_py_examples/lib/pkgconfig/amr_py_examples.pc'
[3.747s] Level 1:colcon.colcon_core.environment:checking '/home/skytold/workspace/amr_ws/install/amr_py_examples/lib/python3.10/site-packages'
[3.747s] Level 1:colcon.colcon_core.shell:create_environment_hook('amr_py_examples', 'pythonpath')
[3.748s] INFO:colcon.colcon_core.shell:Creating environment hook '/home/skytold/workspace/amr_ws/install/amr_py_examples/share/amr_py_examples/hook/pythonpath.ps1'
[3.750s] INFO:colcon.colcon_core.shell:Creating environment descriptor '/home/skytold/workspace/amr_ws/install/amr_py_examples/share/amr_py_examples/hook/pythonpath.dsv'
[3.752s] INFO:colcon.colcon_core.shell:Creating environment hook '/home/skytold/workspace/amr_ws/install/amr_py_examples/share/amr_py_examples/hook/pythonpath.sh'
[3.754s] Level 1:colcon.colcon_core.environment:checking '/home/skytold/workspace/amr_ws/install/amr_py_examples/bin'
[3.754s] Level 1:colcon.colcon_core.environment:create_environment_scripts_only(amr_py_examples)
[3.755s] INFO:colcon.colcon_core.shell:Creating package script '/home/skytold/workspace/amr_ws/install/amr_py_examples/share/amr_py_examples/package.ps1'
[3.757s] INFO:colcon.colcon_core.shell:Creating package descriptor '/home/skytold/workspace/amr_ws/install/amr_py_examples/share/amr_py_examples/package.dsv'
[3.759s] INFO:colcon.colcon_core.shell:Creating package script '/home/skytold/workspace/amr_ws/install/amr_py_examples/share/amr_py_examples/package.sh'
[3.761s] INFO:colcon.colcon_core.shell:Creating package script '/home/skytold/workspace/amr_ws/install/amr_py_examples/share/amr_py_examples/package.bash'
[3.762s] INFO:colcon.colcon_core.shell:Creating package script '/home/skytold/workspace/amr_ws/install/amr_py_examples/share/amr_py_examples/package.zsh'
[3.763s] Level 1:colcon.colcon_core.environment:create_file_with_runtime_dependencies(/home/skytold/workspace/amr_ws/install/amr_py_examples/share/colcon-core/packages/amr_py_examples)
[3.764s] DEBUG:colcon.colcon_parallel_executor.executor.parallel:closing loop
[3.766s] DEBUG:colcon.colcon_parallel_executor.executor.parallel:loop closed
[3.766s] DEBUG:colcon.colcon_parallel_executor.executor.parallel:run_until_complete finished with '0'
[3.767s] DEBUG:colcon.colcon_core.event_reactor:joining thread
[3.788s] INFO:colcon.colcon_core.plugin_system:Skipping extension 'colcon_notification.desktop_notification.notify_send': Could not find 'notify-send'
[3.788s] INFO:colcon.colcon_core.plugin_system:Skipping extension 'colcon_notification.desktop_notification.terminal_notifier': Not used on non-Darwin systems
[3.788s] INFO:colcon.colcon_core.plugin_system:Skipping extension 'colcon_notification.desktop_notification.win32': Not used on non-Windows systems
[3.788s] INFO:colcon.colcon_notification.desktop_notification:Sending desktop notification using 'notify2'
[3.793s] DEBUG:colcon.colcon_notification.desktop_notification.notify2:Failed to initialize notify2: org.freedesktop.DBus.Error.Spawn.ExecFailed: /usr/bin/dbus-launch terminated abnormally without any error message
[3.794s] DEBUG:colcon.colcon_core.event_reactor:joined thread
[3.796s] INFO:colcon.colcon_core.shell:Creating prefix script '/home/skytold/workspace/amr_ws/install/local_setup.ps1'
[3.799s] INFO:colcon.colcon_core.shell:Creating prefix util module '/home/skytold/workspace/amr_ws/install/_local_setup_util_ps1.py'
[3.803s] INFO:colcon.colcon_core.shell:Creating prefix chain script '/home/skytold/workspace/amr_ws/install/setup.ps1'
[3.807s] INFO:colcon.colcon_core.shell:Creating prefix script '/home/skytold/workspace/amr_ws/install/local_setup.sh'
[3.809s] INFO:colcon.colcon_core.shell:Creating prefix util module '/home/skytold/workspace/amr_ws/install/_local_setup_util_sh.py'
[3.810s] INFO:colcon.colcon_core.shell:Creating prefix chain script '/home/skytold/workspace/amr_ws/install/setup.sh'
[3.813s] INFO:colcon.colcon_core.shell:Creating prefix script '/home/skytold/workspace/amr_ws/install/local_setup.bash'
[3.814s] INFO:colcon.colcon_core.shell:Creating prefix chain script '/home/skytold/workspace/amr_ws/install/setup.bash'
[3.816s] INFO:colcon.colcon_core.shell:Creating prefix script '/home/skytold/workspace/amr_ws/install/local_setup.zsh'
[3.817s] INFO:colcon.colcon_core.shell:Creating prefix chain script '/home/skytold/workspace/amr_ws/install/setup.zsh'
