[0.038s] Invoking command in '/home/skytold/workspace/amr_ws/build/amr_description': CMAKE_PREFIX_PATH=${CMAKE_PREFIX_PATH}:/home/skytold/workspace/amr_ws/install/amr_py_examples:/opt/ros/humble /usr/bin/cmake --build /home/skytold/workspace/amr_ws/build/amr_description -- -j20 -l20
[0.174s] Invoked command in '/home/skytold/workspace/amr_ws/build/amr_description' returned '0': CMAKE_PREFIX_PATH=${CMAKE_PREFIX_PATH}:/home/skytold/workspace/amr_ws/install/amr_py_examples:/opt/ros/humble /usr/bin/cmake --build /home/skytold/workspace/amr_ws/build/amr_description -- -j20 -l20
[0.201s] Invoking command in '/home/skytold/workspace/amr_ws/build/amr_description': CMAKE_PREFIX_PATH=${CMAKE_PREFIX_PATH}:/home/skytold/workspace/amr_ws/install/amr_py_examples:/opt/ros/humble /usr/bin/cmake --install /home/skytold/workspace/amr_ws/build/amr_description
[0.221s] -- Install configuration: ""
[0.222s] -- Up-to-date: /home/skytold/workspace/amr_ws/install/amr_description/share/amr_description/meshes
[0.222s] -- Up-to-date: /home/skytold/workspace/amr_ws/install/amr_description/share/amr_description/meshes/wheel_right_link.STL
[0.222s] -- Up-to-date: /home/skytold/workspace/amr_ws/install/amr_description/share/amr_description/meshes/wheel_left_link.STL
[0.222s] -- Up-to-date: /home/skytold/workspace/amr_ws/install/amr_description/share/amr_description/meshes/base_link.STL
[0.223s] -- Up-to-date: /home/skytold/workspace/amr_ws/install/amr_description/share/amr_description/meshes/caster_rear_link.STL
[0.223s] -- Up-to-date: /home/skytold/workspace/amr_ws/install/amr_description/share/amr_description/meshes/imu_link.STL
[0.224s] -- Up-to-date: /home/skytold/workspace/amr_ws/install/amr_description/share/amr_description/meshes/caster_front_link.STL
[0.224s] -- Up-to-date: /home/skytold/workspace/amr_ws/install/amr_description/share/amr_description/urdf
[0.224s] -- Up-to-date: /home/skytold/workspace/amr_ws/install/amr_description/share/amr_description/urdf/amr_gazebo.xacro
[0.225s] -- Up-to-date: /home/skytold/workspace/amr_ws/install/amr_description/share/amr_description/urdf/amr.urdf.xacro
[0.225s] -- Up-to-date: /home/skytold/workspace/amr_ws/install/amr_description/share/amr_description/urdf/amr_ros2_control.xacro
[0.226s] -- Up-to-date: /home/skytold/workspace/amr_ws/install/amr_description/share/amr_description/launch
[0.227s] -- Up-to-date: /home/skytold/workspace/amr_ws/install/amr_description/share/amr_description/launch/gazebo.launch.py
[0.227s] -- Up-to-date: /home/skytold/workspace/amr_ws/install/amr_description/share/amr_description/launch/display.launch.py
[0.227s] -- Up-to-date: /home/skytold/workspace/amr_ws/install/amr_description/share/amr_description/rviz
[0.227s] -- Up-to-date: /home/skytold/workspace/amr_ws/install/amr_description/share/amr_description/rviz/display.rviz
[0.228s] -- Up-to-date: /home/skytold/workspace/amr_ws/install/amr_description/share/ament_index/resource_index/package_run_dependencies/amr_description
[0.228s] -- Up-to-date: /home/skytold/workspace/amr_ws/install/amr_description/share/ament_index/resource_index/parent_prefix_path/amr_description
[0.229s] -- Up-to-date: /home/skytold/workspace/amr_ws/install/amr_description/share/amr_description/environment/ament_prefix_path.sh
[0.229s] -- Up-to-date: /home/skytold/workspace/amr_ws/install/amr_description/share/amr_description/environment/ament_prefix_path.dsv
[0.230s] -- Up-to-date: /home/skytold/workspace/amr_ws/install/amr_description/share/amr_description/environment/path.sh
[0.230s] -- Up-to-date: /home/skytold/workspace/amr_ws/install/amr_description/share/amr_description/environment/path.dsv
[0.230s] -- Up-to-date: /home/skytold/workspace/amr_ws/install/amr_description/share/amr_description/local_setup.bash
[0.231s] -- Up-to-date: /home/skytold/workspace/amr_ws/install/amr_description/share/amr_description/local_setup.sh
[0.233s] -- Up-to-date: /home/skytold/workspace/amr_ws/install/amr_description/share/amr_description/local_setup.zsh
[0.236s] -- Up-to-date: /home/skytold/workspace/amr_ws/install/amr_description/share/amr_description/local_setup.dsv
[0.236s] -- Installing: /home/skytold/workspace/amr_ws/install/amr_description/share/amr_description/package.dsv
[0.239s] -- Up-to-date: /home/skytold/workspace/amr_ws/install/amr_description/share/ament_index/resource_index/packages/amr_description
[0.239s] -- Up-to-date: /home/skytold/workspace/amr_ws/install/amr_description/share/amr_description/cmake/amr_descriptionConfig.cmake
[0.240s] -- Up-to-date: /home/skytold/workspace/amr_ws/install/amr_description/share/amr_description/cmake/amr_descriptionConfig-version.cmake
[0.241s] -- Up-to-date: /home/skytold/workspace/amr_ws/install/amr_description/share/amr_description/package.xml
[0.241s] Invoked command in '/home/skytold/workspace/amr_ws/build/amr_description' returned '0': CMAKE_PREFIX_PATH=${CMAKE_PREFIX_PATH}:/home/skytold/workspace/amr_ws/install/amr_py_examples:/opt/ros/humble /usr/bin/cmake --install /home/skytold/workspace/amr_ws/build/amr_description
