[0.041s] Invoking command in '/home/skytold/workspace/amr_ws/build/amr_description': CMAKE_PREFIX_PATH=${CMAKE_PREFIX_PATH}:/home/skytold/workspace/amr_ws/install/amr_py_examples:/opt/ros/humble /usr/bin/cmake --build /home/skytold/workspace/amr_ws/build/amr_description -- -j20 -l20
[0.653s] Invoked command in '/home/skytold/workspace/amr_ws/build/amr_description' returned '0': CMAKE_PREFIX_PATH=${CMAKE_PREFIX_PATH}:/home/skytold/workspace/amr_ws/install/amr_py_examples:/opt/ros/humble /usr/bin/cmake --build /home/skytold/workspace/amr_ws/build/amr_description -- -j20 -l20
[0.680s] Invoking command in '/home/skytold/workspace/amr_ws/build/amr_description': CMAKE_PREFIX_PATH=${CMAKE_PREFIX_PATH}:/home/skytold/workspace/amr_ws/install/amr_py_examples:/opt/ros/humble /usr/bin/cmake --install /home/skytold/workspace/amr_ws/build/amr_description
[0.698s] -- Install configuration: ""
[0.699s] -- Up-to-date: /home/skytold/workspace/amr_ws/install/amr_description/share/amr_description/meshes
[0.699s] -- Up-to-date: /home/skytold/workspace/amr_ws/install/amr_description/share/amr_description/meshes/wheel_right_link.STL
[0.699s] -- Up-to-date: /home/skytold/workspace/amr_ws/install/amr_description/share/amr_description/meshes/wheel_left_link.STL
[0.699s] -- Up-to-date: /home/skytold/workspace/amr_ws/install/amr_description/share/amr_description/meshes/base_link.STL
[0.700s] -- Up-to-date: /home/skytold/workspace/amr_ws/install/amr_description/share/amr_description/meshes/caster_rear_link.STL
[0.700s] -- Up-to-date: /home/skytold/workspace/amr_ws/install/amr_description/share/amr_description/meshes/imu_link.STL
[0.700s] -- Up-to-date: /home/skytold/workspace/amr_ws/install/amr_description/share/amr_description/meshes/caster_front_link.STL
[0.700s] -- Up-to-date: /home/skytold/workspace/amr_ws/install/amr_description/share/amr_description/urdf
[0.700s] -- Installing: /home/skytold/workspace/amr_ws/install/amr_description/share/amr_description/urdf/amr.urdf.xacro
[0.700s] -- Up-to-date: /home/skytold/workspace/amr_ws/install/amr_description/share/ament_index/resource_index/package_run_dependencies/amr_description
[0.701s] -- Up-to-date: /home/skytold/workspace/amr_ws/install/amr_description/share/ament_index/resource_index/parent_prefix_path/amr_description
[0.702s] -- Up-to-date: /home/skytold/workspace/amr_ws/install/amr_description/share/amr_description/environment/ament_prefix_path.sh
[0.702s] -- Up-to-date: /home/skytold/workspace/amr_ws/install/amr_description/share/amr_description/environment/ament_prefix_path.dsv
[0.702s] -- Up-to-date: /home/skytold/workspace/amr_ws/install/amr_description/share/amr_description/environment/path.sh
[0.703s] -- Up-to-date: /home/skytold/workspace/amr_ws/install/amr_description/share/amr_description/environment/path.dsv
[0.703s] -- Up-to-date: /home/skytold/workspace/amr_ws/install/amr_description/share/amr_description/local_setup.bash
[0.703s] -- Up-to-date: /home/skytold/workspace/amr_ws/install/amr_description/share/amr_description/local_setup.sh
[0.703s] -- Up-to-date: /home/skytold/workspace/amr_ws/install/amr_description/share/amr_description/local_setup.zsh
[0.703s] -- Up-to-date: /home/skytold/workspace/amr_ws/install/amr_description/share/amr_description/local_setup.dsv
[0.704s] -- Installing: /home/skytold/workspace/amr_ws/install/amr_description/share/amr_description/package.dsv
[0.705s] -- Up-to-date: /home/skytold/workspace/amr_ws/install/amr_description/share/ament_index/resource_index/packages/amr_description
[0.706s] -- Up-to-date: /home/skytold/workspace/amr_ws/install/amr_description/share/amr_description/cmake/amr_descriptionConfig.cmake
[0.708s] -- Up-to-date: /home/skytold/workspace/amr_ws/install/amr_description/share/amr_description/cmake/amr_descriptionConfig-version.cmake
[0.709s] -- Up-to-date: /home/skytold/workspace/amr_ws/install/amr_description/share/amr_description/package.xml
[0.709s] Invoked command in '/home/skytold/workspace/amr_ws/build/amr_description' returned '0': CMAKE_PREFIX_PATH=${CMAKE_PREFIX_PATH}:/home/skytold/workspace/amr_ws/install/amr_py_examples:/opt/ros/humble /usr/bin/cmake --install /home/skytold/workspace/amr_ws/build/amr_description
